Country passed : be
Crawling of 500 starting
*** Start crawling : 2026-01-15 13:20:17 | MAX KW : 500 | Country : BE
KwId: 6204 | (Sub: ) -- Country: BE | jeohunter
Skip: <= 5 products in JSON.
Import OK for keyword_id=6204. Inserted 1 ads.
KwId: 37350 | (Sub: ) -- Country: BE | bankirai
Import OK for keyword_id=37350. Inserted 10 ads.
KwId: 89 | (Sub: ) -- Country: BE | 5x130
Import OK for keyword_id=89. Inserted 48 ads.
KwId: 36978 | (Sub: ) -- Country: BE | laurel hardy
Import OK for keyword_id=36978. Inserted 48 ads.
KwId: 5062 | (Sub: ) -- Country: BE | clavia nord
Import OK for keyword_id=5062. Inserted 44 ads.
KwId: 9904 | (Sub: ) -- Country: BE | enclume forgeron
Import OK for keyword_id=9904. Inserted 48 ads.
KwId: 37026 | (Sub: ) -- Country: BE | balance pharmacie
Import OK for keyword_id=37026. Inserted 48 ads.
KwId: 20004 | (Sub: ) -- Country: BE | peinture paris
Import OK for keyword_id=20004. Inserted 48 ads.
KwId: 3671 | (Sub: ) -- Country: BE | selle western brun
Import OK for keyword_id=3671. Inserted 27 ads.
KwId: 36775 | (Sub: ) -- Country: BE | lit tiroirs
Import OK for keyword_id=36775. Inserted 48 ads.
KwId: 781 | (Sub: ) -- Country: BE | canon eos 500d
Import OK for keyword_id=781. Inserted 48 ads.
KwId: 31713 | (Sub: ) -- Country: BE | unelec
Import OK for keyword_id=31713. Inserted 48 ads.
KwId: 19023 | (Sub: ) -- Country: BE | poupee tonner
Import OK for keyword_id=19023. Inserted 48 ads.
KwId: 33454 | (Sub: ) -- Country: BE | makita 18v
Import OK for keyword_id=33454. Inserted 48 ads.
KwId: 29849 | (Sub: ) -- Country: BE | pneus mini
Import OK for keyword_id=29849. Inserted 48 ads.
KwId: 6340 | (Sub: ) -- Country: BE | mouflage poulie
Import OK for keyword_id=6340. Inserted 48 ads.
KwId: 14469 | (Sub: ) -- Country: BE | pneu 195 65 15
Import OK for keyword_id=14469. Inserted 48 ads.
KwId: 35320 | (Sub: ) -- Country: BE | amortisseur dos
Import OK for keyword_id=35320. Inserted 48 ads.
KwId: 31900 | (Sub: ) -- Country: BE | etui mont blanc
Import OK for keyword_id=31900. Inserted 48 ads.
KwId: 15565 | (Sub: ) -- Country: BE | sac louis vuitton
Import OK for keyword_id=15565. Inserted 48 ads.
KwId: 23208 | (Sub: ) -- Country: BE | bose bluetooth
Import OK for keyword_id=23208. Inserted 48 ads.
KwId: 15168 | (Sub: ) -- Country: BE | pyjamas noukies
Import OK for keyword_id=15168. Inserted 14 ads.
KwId: 27410 | (Sub: ) -- Country: BE | chargeur lenovo
Import OK for keyword_id=27410. Inserted 48 ads.
KwId: 16317 | (Sub: ) -- Country: BE | superdry
Import OK for keyword_id=16317. Inserted 48 ads.
KwId: 23333 | (Sub: ) -- Country: BE | platine vynil
Import OK for keyword_id=23333. Inserted 29 ads.
KwId: 22184 | (Sub: ) -- Country: BE | guitare basse
Import OK for keyword_id=22184. Inserted 48 ads.
KwId: 35274 | (Sub: ) -- Country: BE | porcelaine saxe
Import OK for keyword_id=35274. Inserted 48 ads.
KwId: 3715 | (Sub: ) -- Country: BE | sommier 70 cm
Import OK for keyword_id=3715. Inserted 48 ads.
KwId: 11938 | (Sub: ) -- Country: BE | lambris pvc
Skip: <= 5 products in JSON.
Import OK for keyword_id=11938. Inserted 5 ads.
KwId: 32798 | (Sub: ) -- Country: BE | panier vannerie
Import OK for keyword_id=32798. Inserted 48 ads.
KwId: 32158 | (Sub: ) -- Country: BE | cannondale mountain bike
Skip: <= 5 products in JSON.
Import OK for keyword_id=32158. Inserted 4 ads.
KwId: 13363 | (Sub: ) -- Country: BE | moteur tracteur tondeuse
Import OK for keyword_id=13363. Inserted 48 ads.
KwId: 35399 | (Sub: ) -- Country: BE | jeu poker
Import OK for keyword_id=35399. Inserted 48 ads.
KwId: 32187 | (Sub: ) -- Country: BE | fauteuil bebe
Import OK for keyword_id=32187. Inserted 48 ads.
KwId: 2059 | (Sub: ) -- Country: BE | jantes alessio
Import OK for keyword_id=2059. Inserted 15 ads.
KwId: 34957 | (Sub: ) -- Country: BE | selle portugaise iberique
Skip: <= 5 products in JSON.
Import OK for keyword_id=34957. Inserted 0 ads.
KwId: 5665 | (Sub: ) -- Country: BE | takashi murakami
Import OK for keyword_id=5665. Inserted 48 ads.
KwId: 27124 | (Sub: ) -- Country: BE | raccord rapide air comprime
Import OK for keyword_id=27124. Inserted 48 ads.
KwId: 6769 | (Sub: ) -- Country: BE | airless graco
Import OK for keyword_id=6769. Inserted 48 ads.
KwId: 7903 | (Sub: ) -- Country: BE | bateau vedette
Import OK for keyword_id=7903. Inserted 48 ads.
KwId: 26216 | (Sub: ) -- Country: BE | cafe cuilleres
Import OK for keyword_id=26216. Inserted 48 ads.
KwId: 33678 | (Sub: ) -- Country: BE | adaptateur disque dur
Import OK for keyword_id=33678. Inserted 48 ads.
KwId: 10166 | (Sub: ) -- Country: BE | enjoliveur 15 renault
Import OK for keyword_id=10166. Inserted 48 ads.
KwId: 27560 | (Sub: ) -- Country: BE | st1000lm024
Import OK for keyword_id=27560. Inserted 48 ads.
KwId: 15338 | (Sub: ) -- Country: BE | rodec mx 180
Skip: <= 5 products in JSON.
Import OK for keyword_id=15338. Inserted 1 ads.
KwId: 4293 | (Sub: ) -- Country: BE | wartburg 353
Import OK for keyword_id=4293. Inserted 48 ads.
KwId: 30346 | (Sub: ) -- Country: BE | pare choc golf
Import OK for keyword_id=30346. Inserted 48 ads.
KwId: 11667 | (Sub: ) -- Country: BE | jeremy scott wings
Import OK for keyword_id=11667. Inserted 10 ads.
KwId: 23852 | (Sub: ) -- Country: BE | vieux liege
Import OK for keyword_id=23852. Inserted 48 ads.
KwId: 5648 | (Sub: ) -- Country: BE | galuchat
Import OK for keyword_id=5648. Inserted 48 ads.
KwId: 36706 | (Sub: ) -- Country: BE | feu ouvert
Import OK for keyword_id=36706. Inserted 48 ads.
KwId: 14913 | (Sub: ) -- Country: BE | poupee bella
Import OK for keyword_id=14913. Inserted 48 ads.
KwId: 29954 | (Sub: ) -- Country: BE | vase ming
Import OK for keyword_id=29954. Inserted 48 ads.
KwId: 19571 | (Sub: ) -- Country: BE | seat leon tuning
Import OK for keyword_id=19571. Inserted 48 ads.
KwId: 23002 | (Sub: ) -- Country: BE | simili cuir
Import OK for keyword_id=23002. Inserted 48 ads.
KwId: 17734 | (Sub: ) -- Country: BE | volant bimasse bmw
Import OK for keyword_id=17734. Inserted 48 ads.
KwId: 3851 | (Sub: ) -- Country: BE | table pique nique
Import OK for keyword_id=3851. Inserted 48 ads.
KwId: 26715 | (Sub: ) -- Country: BE | peak performance
Import OK for keyword_id=26715. Inserted 48 ads.
KwId: 19701 | (Sub: ) -- Country: BE | vinyl techno
Import OK for keyword_id=19701. Inserted 48 ads.
KwId: 32524 | (Sub: ) -- Country: BE | doudou anna club plush
Import OK for keyword_id=32524. Inserted 48 ads.
KwId: 16877 | (Sub: ) -- Country: BE | tondeuse mulching husqvarna
Import OK for keyword_id=16877. Inserted 48 ads.
KwId: 974 | (Sub: ) -- Country: BE | civic ek 3
Import OK for keyword_id=974. Inserted 48 ads.
KwId: 4514 | (Sub: ) -- Country: BE | rosskopf
Import OK for keyword_id=4514. Inserted 46 ads.
KwId: 24823 | (Sub: ) -- Country: BE | canape clic clac 1 personne
Skip: <= 5 products in JSON.
Import OK for keyword_id=24823. Inserted 0 ads.
KwId: 4219 | (Sub: ) -- Country: BE | volkswagen caddy
Import OK for keyword_id=4219. Inserted 48 ads.
KwId: 6934 | (Sub: ) -- Country: BE | accordeon cavagnolo
Import OK for keyword_id=6934. Inserted 10 ads.
KwId: 25614 | (Sub: ) -- Country: BE | jeu societe asterix
Import OK for keyword_id=25614. Inserted 48 ads.
KwId: 5911 | (Sub: ) -- Country: BE | civiere
Import OK for keyword_id=5911. Inserted 48 ads.
KwId: 30250 | (Sub: ) -- Country: BE | lampe art nouveau
Import OK for keyword_id=30250. Inserted 48 ads.
KwId: 7104 | (Sub: ) -- Country: BE | adaptateur cpl
Import OK for keyword_id=7104. Inserted 48 ads.
KwId: 11522 | (Sub: ) -- Country: BE | jante audi
Import OK for keyword_id=11522. Inserted 48 ads.
KwId: 1767 | (Sub: ) -- Country: BE | gowinn
Import OK for keyword_id=1767. Inserted 48 ads.
KwId: 5960 | (Sub: ) -- Country: BE | novag
Import OK for keyword_id=5960. Inserted 35 ads.
KwId: 35329 | (Sub: ) -- Country: BE | album anne geddes
Import OK for keyword_id=35329. Inserted 23 ads.
KwId: 35018 | (Sub: ) -- Country: BE | support fond studio
Import OK for keyword_id=35018. Inserted 48 ads.
KwId: 18510 | (Sub: ) -- Country: BE | taski
Import OK for keyword_id=18510. Inserted 48 ads.
KwId: 8036 | (Sub: ) -- Country: BE | bracelet dinh van
Import OK for keyword_id=8036. Inserted 48 ads.
KwId: 7466 | (Sub: ) -- Country: BE | boite tabac
Import OK for keyword_id=7466. Inserted 48 ads.
KwId: 26355 | (Sub: ) -- Country: BE | lit laiton
Import OK for keyword_id=26355. Inserted 48 ads.
KwId: 24969 | (Sub: ) -- Country: BE | relax bebes
Skip: <= 5 products in JSON.
Import OK for keyword_id=24969. Inserted 4 ads.
KwId: 33936 | (Sub: ) -- Country: BE | biwy carpe
Skip: <= 5 products in JSON.
Import OK for keyword_id=33936. Inserted 3 ads.
KwId: 32945 | (Sub: ) -- Country: BE | lit matelas sommier
Import OK for keyword_id=32945. Inserted 48 ads.
KwId: 9228 | (Sub: ) -- Country: BE | cric
Import OK for keyword_id=9228. Inserted 48 ads.
KwId: 9659 | (Sub: ) -- Country: BE | dellorto dhla
Import OK for keyword_id=9659. Inserted 48 ads.
KwId: 25419 | (Sub: ) -- Country: BE | baignoire sabot fonte
Skip: <= 5 products in JSON.
Import OK for keyword_id=25419. Inserted 1 ads.
KwId: 24885 | (Sub: ) -- Country: BE | montre or ancienne
Import OK for keyword_id=24885. Inserted 48 ads.
KwId: 23331 | (Sub: ) -- Country: BE | outils tournage bois
Import OK for keyword_id=23331. Inserted 48 ads.
KwId: 24126 | (Sub: ) -- Country: BE | poupee bleuette
Import OK for keyword_id=24126. Inserted 48 ads.
KwId: 3852 | (Sub: ) -- Country: BE | table ikea forsby
Skip: <= 5 products in JSON.
Import OK for keyword_id=3852. Inserted 0 ads.
KwId: 8902 | (Sub: ) -- Country: BE | chantal goya
Import OK for keyword_id=8902. Inserted 48 ads.
KwId: 3504 | (Sub: ) -- Country: BE | sac ggl
Skip: <= 5 products in JSON.
Import OK for keyword_id=3504. Inserted 3 ads.
KwId: 2716 | (Sub: ) -- Country: BE | moutons
Import OK for keyword_id=2716. Inserted 48 ads.
KwId: 21993 | (Sub: ) -- Country: BE | jvc everio
Import OK for keyword_id=21993. Inserted 48 ads.
KwId: 6954 | (Sub: ) -- Country: BE | bieres orval
Import OK for keyword_id=6954. Inserted 48 ads.
KwId: 23758 | (Sub: ) -- Country: BE | pompe shell
Import OK for keyword_id=23758. Inserted 48 ads.
KwId: 20700 | (Sub: ) -- Country: BE | jeu scrabble
Import OK for keyword_id=20700. Inserted 48 ads.
KwId: 1048 | (Sub: ) -- Country: BE | chiots yorkshire
Import OK for keyword_id=1048. Inserted 28 ads.
KwId: 16129 | (Sub: ) -- Country: BE | service porcelaine limoges
Import OK for keyword_id=16129. Inserted 48 ads.
KwId: 3706 | (Sub: ) -- Country: BE | snack a remettre
Skip: <= 5 products in JSON.
Import OK for keyword_id=3706. Inserted 0 ads.
KwId: 11790 | (Sub: ) -- Country: BE | kenwood r 5000
Import OK for keyword_id=11790. Inserted 14 ads.
KwId: 36587 | (Sub: ) -- Country: BE | donjon naheulbeuk
Import OK for keyword_id=36587. Inserted 48 ads.
KwId: 33388 | (Sub: ) -- Country: BE | oxymeter
Import OK for keyword_id=33388. Inserted 19 ads.
KwId: 9759 | (Sub: ) -- Country: BE | demonte pneus
Import OK for keyword_id=9759. Inserted 48 ads.
KwId: 2364 | (Sub: ) -- Country: BE | luxval
Import OK for keyword_id=2364. Inserted 18 ads.
KwId: 5236 | (Sub: ) -- Country: BE | radioamateur
Import OK for keyword_id=5236. Inserted 48 ads.
KwId: 21355 | (Sub: ) -- Country: BE | jantes skoda
Import OK for keyword_id=21355. Inserted 48 ads.
KwId: 6828 | (Sub: ) -- Country: BE | balance roberval poids
Import OK for keyword_id=6828. Inserted 48 ads.
KwId: 12013 | (Sub: ) -- Country: BE | ktm 85
Import OK for keyword_id=12013. Inserted 48 ads.
KwId: 20355 | (Sub: ) -- Country: BE | molinard
Import OK for keyword_id=20355. Inserted 48 ads.
KwId: 8591 | (Sub: ) -- Country: BE | cb base
Import OK for keyword_id=8591. Inserted 48 ads.
KwId: 16756 | (Sub: ) -- Country: BE | thule 753
Skip: <= 5 products in JSON.
Import OK for keyword_id=16756. Inserted 0 ads.
KwId: 15544 | (Sub: ) -- Country: BE | sac vanessa bruno
Import OK for keyword_id=15544. Inserted 48 ads.
KwId: 11575 | (Sub: ) -- Country: BE | jantes fiat cinquecento
Import OK for keyword_id=11575. Inserted 48 ads.
KwId: 7202 | (Sub: ) -- Country: BE | ayam cemani
Skip: <= 5 products in JSON.
Import OK for keyword_id=7202. Inserted 1 ads.
KwId: 2987 | (Sub: ) -- Country: BE | pieces ford focus
Import OK for keyword_id=2987. Inserted 48 ads.
KwId: 17092 | (Sub: ) -- Country: BE | trotinette
Import OK for keyword_id=17092. Inserted 48 ads.
KwId: 26521 | (Sub: ) -- Country: BE | enceinte active
Import OK for keyword_id=26521. Inserted 48 ads.
KwId: 27239 | (Sub: ) -- Country: BE | charette cheval
Import OK for keyword_id=27239. Inserted 48 ads.
KwId: 13235 | (Sub: ) -- Country: BE | moteur vespa 50 special
Import OK for keyword_id=13235. Inserted 48 ads.
KwId: 7166 | (Sub: ) -- Country: BE | bmw serie 6 cabriolet
Import OK for keyword_id=7166. Inserted 48 ads.
KwId: 5628 | (Sub: ) -- Country: BE | nutricook
Import OK for keyword_id=5628. Inserted 27 ads.
KwId: 9987 | (Sub: ) -- Country: BE | egnater
Import OK for keyword_id=9987. Inserted 10 ads.
KwId: 13549 | (Sub: ) -- Country: BE | nike air jordan 5
Import OK for keyword_id=13549. Inserted 48 ads.
KwId: 3640 | (Sub: ) -- Country: BE | scooter sym 25cc
Skip: <= 5 products in JSON.
Import OK for keyword_id=3640. Inserted 0 ads.
KwId: 4264 | (Sub: ) -- Country: BE | wallaroo
Import OK for keyword_id=4264. Inserted 48 ads.
KwId: 25337 | (Sub: ) -- Country: BE | lapins cretins
Import OK for keyword_id=25337. Inserted 48 ads.
KwId: 22192 | (Sub: ) -- Country: BE | hot lingerie
Import OK for keyword_id=22192. Inserted 48 ads.
KwId: 32177 | (Sub: ) -- Country: BE | randonnee pantalon
Import OK for keyword_id=32177. Inserted 48 ads.
KwId: 32207 | (Sub: ) -- Country: BE | lampe plasma
Import OK for keyword_id=32207. Inserted 48 ads.
KwId: 25100 | (Sub: ) -- Country: BE | artis historia
Import OK for keyword_id=25100. Inserted 48 ads.
KwId: 12730 | (Sub: ) -- Country: BE | marklin coffret
Import OK for keyword_id=12730. Inserted 48 ads.
KwId: 5244 | (Sub: ) -- Country: BE | bardette
Import OK for keyword_id=5244. Inserted 12 ads.
KwId: 3316 | (Sub: ) -- Country: BE | quinny xl
Skip: <= 5 products in JSON.
Import OK for keyword_id=3316. Inserted 5 ads.
KwId: 6192 | (Sub: ) -- Country: BE | izac
Import OK for keyword_id=6192. Inserted 48 ads.
KwId: 758 | (Sub: ) -- Country: BE | caisson mtx
Import OK for keyword_id=758. Inserted 10 ads.
KwId: 14117 | (Sub: ) -- Country: BE | pieces tondeuse
Import OK for keyword_id=14117. Inserted 48 ads.
KwId: 874 | (Sub: ) -- Country: BE | carrelage 30 60
Import OK for keyword_id=874. Inserted 48 ads.
KwId: 7601 | (Sub: ) -- Country: BE | bigoudi chauffants
Import OK for keyword_id=7601. Inserted 23 ads.
KwId: 9578 | (Sub: ) -- Country: BE | cuissardes 43
Import OK for keyword_id=9578. Inserted 48 ads.
KwId: 25338 | (Sub: ) -- Country: BE | zundapp 750
Import OK for keyword_id=25338. Inserted 48 ads.
KwId: 12920 | (Sub: ) -- Country: BE | meuble chaine hi fi
Import OK for keyword_id=12920. Inserted 15 ads.
KwId: 35393 | (Sub: ) -- Country: BE | banc jardin ancien
Import OK for keyword_id=35393. Inserted 48 ads.
KwId: 2391 | (Sub: ) -- Country: BE | lingerie homme
Import OK for keyword_id=2391. Inserted 48 ads.
KwId: 16497 | (Sub: ) -- Country: BE | table salon travertin
Import OK for keyword_id=16497. Inserted 40 ads.
KwId: 14618 | (Sub: ) -- Country: BE | pole dance
Import OK for keyword_id=14618. Inserted 48 ads.
KwId: 35937 | (Sub: ) -- Country: BE | longue table bois
Import OK for keyword_id=35937. Inserted 48 ads.
KwId: 21081 | (Sub: ) -- Country: BE | volant driving force
Import OK for keyword_id=21081. Inserted 48 ads.
KwId: 16901 | (Sub: ) -- Country: BE | top case vespa
Import OK for keyword_id=16901. Inserted 48 ads.
KwId: 7845 | (Sub: ) -- Country: BE | bouteille argon
Import OK for keyword_id=7845. Inserted 48 ads.
KwId: 24590 | (Sub: ) -- Country: BE | sac a main prada
Import OK for keyword_id=24590. Inserted 48 ads.
KwId: 8286 | (Sub: ) -- Country: BE | can am spyder
Import OK for keyword_id=8286. Inserted 48 ads.
KwId: 27757 | (Sub: ) -- Country: BE | jukebox wurlitzer reparation
Skip: <= 5 products in JSON.
Import OK for keyword_id=27757. Inserted 0 ads.
KwId: 9566 | (Sub: ) -- Country: BE | cric moto
Import OK for keyword_id=9566. Inserted 48 ads.
KwId: 36677 | (Sub: ) -- Country: BE | creil montereau
Import OK for keyword_id=36677. Inserted 48 ads.
KwId: 34348 | (Sub: ) -- Country: BE | lancia 2000 coupe
Import OK for keyword_id=34348. Inserted 48 ads.
KwId: 21490 | (Sub: ) -- Country: BE | figurine schtroumpfs
Import OK for keyword_id=21490. Inserted 48 ads.
KwId: 4806 | (Sub: ) -- Country: BE | kuota kharma
Skip: <= 5 products in JSON.
Import OK for keyword_id=4806. Inserted 4 ads.
KwId: 247 | (Sub: ) -- Country: BE | antenne hirschmann
Import OK for keyword_id=247. Inserted 48 ads.
KwId: 22060 | (Sub: ) -- Country: BE | table basse indienne
Import OK for keyword_id=22060. Inserted 17 ads.
KwId: 25179 | (Sub: ) -- Country: BE | archie cash
Import OK for keyword_id=25179. Inserted 48 ads.
KwId: 18049 | (Sub: ) -- Country: BE | grelinette
Import OK for keyword_id=18049. Inserted 15 ads.
KwId: 9409 | (Sub: ) -- Country: BE | disjoncteur tetra
Import OK for keyword_id=9409. Inserted 48 ads.
KwId: 37093 | (Sub: ) -- Country: BE | coupole toit
Import OK for keyword_id=37093. Inserted 8 ads.
KwId: 33253 | (Sub: ) -- Country: BE | outil bourrelier
Import OK for keyword_id=33253. Inserted 48 ads.
KwId: 26588 | (Sub: ) -- Country: BE | aprilia rsv4
Import OK for keyword_id=26588. Inserted 48 ads.
KwId: 22172 | (Sub: ) -- Country: BE | char voile
Import OK for keyword_id=22172. Inserted 48 ads.
KwId: 21708 | (Sub: ) -- Country: BE | chargeur batterie
Import OK for keyword_id=21708. Inserted 48 ads.
KwId: 10126 | (Sub: ) -- Country: BE | fender princeton
Import OK for keyword_id=10126. Inserted 13 ads.
KwId: 15531 | (Sub: ) -- Country: BE | sac napapijri
Import OK for keyword_id=15531. Inserted 34 ads.
KwId: 35342 | (Sub: ) -- Country: BE | fond robe dentelle
Import OK for keyword_id=35342. Inserted 48 ads.
KwId: 35769 | (Sub: ) -- Country: BE | spot exterieur detecteur
Import OK for keyword_id=35769. Inserted 48 ads.
KwId: 8188 | (Sub: ) -- Country: BE | burberry sac
Import OK for keyword_id=8188. Inserted 48 ads.
KwId: 17229 | (Sub: ) -- Country: BE | triathlon combinaison
Import OK for keyword_id=17229. Inserted 39 ads.
KwId: 22103 | (Sub: ) -- Country: BE | pantoufles gym
Skip: <= 5 products in JSON.
Import OK for keyword_id=22103. Inserted 4 ads.
KwId: 34817 | (Sub: ) -- Country: BE | livres harlequin azur
Import OK for keyword_id=34817. Inserted 48 ads.
KwId: 29158 | (Sub: ) -- Country: BE | chicco siege auto
Import OK for keyword_id=29158. Inserted 29 ads.
KwId: 15550 | (Sub: ) -- Country: BE | sacoche cuir moto
Import OK for keyword_id=15550. Inserted 48 ads.
KwId: 32919 | (Sub: ) -- Country: BE | jeep wrangler rubicon
Import OK for keyword_id=32919. Inserted 48 ads.
KwId: 11533 | (Sub: ) -- Country: BE | jante volvo
Import OK for keyword_id=11533. Inserted 48 ads.
KwId: 19183 | (Sub: ) -- Country: BE | band in a box
Import OK for keyword_id=19183. Inserted 10 ads.
KwId: 14221 | (Sub: ) -- Country: BE | pentax k
Import OK for keyword_id=14221. Inserted 48 ads.
KwId: 17896 | (Sub: ) -- Country: BE | velos bh
Import OK for keyword_id=17896. Inserted 48 ads.
KwId: 7528 | (Sub: ) -- Country: BE | borne arcade
Import OK for keyword_id=7528. Inserted 48 ads.
KwId: 27131 | (Sub: ) -- Country: BE | jeu schtroumpf
Import OK for keyword_id=27131. Inserted 48 ads.
KwId: 21425 | (Sub: ) -- Country: BE | televiseur sony trinitron
Import OK for keyword_id=21425. Inserted 7 ads.
KwId: 29641 | (Sub: ) -- Country: BE | meubles moderne
Import OK for keyword_id=29641. Inserted 48 ads.
KwId: 16051 | (Sub: ) -- Country: BE | sebago
Import OK for keyword_id=16051. Inserted 48 ads.
KwId: 20968 | (Sub: ) -- Country: BE | cochon
Import OK for keyword_id=20968. Inserted 48 ads.
KwId: 9457 | (Sub: ) -- Country: BE | costume hugo boss
Import OK for keyword_id=9457. Inserted 48 ads.
KwId: 16724 | (Sub: ) -- Country: BE | the north face
Import OK for keyword_id=16724. Inserted 48 ads.
KwId: 16351 | (Sub: ) -- Country: BE | suzuki gt 550
Import OK for keyword_id=16351. Inserted 48 ads.
KwId: 29539 | (Sub: ) -- Country: BE | disney mini
Import OK for keyword_id=29539. Inserted 48 ads.
KwId: 22329 | (Sub: ) -- Country: BE | livre musique
Import OK for keyword_id=22329. Inserted 48 ads.
KwId: 11849 | (Sub: ) -- Country: BE | klx 110
Import OK for keyword_id=11849. Inserted 48 ads.
KwId: 19803 | (Sub: ) -- Country: BE | auto radio sony
Import OK for keyword_id=19803. Inserted 48 ads.
KwId: 14911 | (Sub: ) -- Country: BE | poupee armand marseille
Import OK for keyword_id=14911. Inserted 48 ads.
KwId: 7724 | (Sub: ) -- Country: BE | bouddha bois
Import OK for keyword_id=7724. Inserted 48 ads.
KwId: 33356 | (Sub: ) -- Country: BE | lupo cuir
Import OK for keyword_id=33356. Inserted 48 ads.
KwId: 27472 | (Sub: ) -- Country: BE | bmw e36 cabriolet
Import OK for keyword_id=27472. Inserted 48 ads.
KwId: 13572 | (Sub: ) -- Country: BE | nikon d700
Import OK for keyword_id=13572. Inserted 48 ads.
KwId: 6919 | (Sub: ) -- Country: BE | anti acariens
Import OK for keyword_id=6919. Inserted 48 ads.
KwId: 29363 | (Sub: ) -- Country: BE | autocollants delhaize
Import OK for keyword_id=29363. Inserted 7 ads.
KwId: 1783 | (Sub: ) -- Country: BE | harley davidson 1942
Import OK for keyword_id=1783. Inserted 48 ads.
KwId: 36712 | (Sub: ) -- Country: BE | fendeur buches
Import OK for keyword_id=36712. Inserted 48 ads.
KwId: 24923 | (Sub: ) -- Country: BE | moustiquaire lit
Import OK for keyword_id=24923. Inserted 48 ads.
KwId: 14440 | (Sub: ) -- Country: BE | plats etain
Import OK for keyword_id=14440. Inserted 48 ads.
KwId: 35760 | (Sub: ) -- Country: BE | tarin venezuela
Skip: <= 5 products in JSON.
Import OK for keyword_id=35760. Inserted 3 ads.
KwId: 13780 | (Sub: ) -- Country: BE | nylon kittel
Skip: <= 5 products in JSON.
Import OK for keyword_id=13780. Inserted 5 ads.
KwId: 24866 | (Sub: ) -- Country: BE | recueil spirou
Import OK for keyword_id=24866. Inserted 48 ads.
KwId: 35631 | (Sub: ) -- Country: BE | menagere argent massif
Import OK for keyword_id=35631. Inserted 48 ads.
KwId: 22804 | (Sub: ) -- Country: BE | chaises bois massif
Import OK for keyword_id=22804. Inserted 48 ads.
KwId: 15581 | (Sub: ) -- Country: BE | saladette
Import OK for keyword_id=15581. Inserted 48 ads.
KwId: 24554 | (Sub: ) -- Country: BE | pull ralph lauren
Import OK for keyword_id=24554. Inserted 48 ads.
KwId: 24284 | (Sub: ) -- Country: BE | tissu ecossais
Import OK for keyword_id=24284. Inserted 48 ads.
KwId: 12807 | (Sub: ) -- Country: BE | matelas ikea sultan
Skip: <= 5 products in JSON.
Import OK for keyword_id=12807. Inserted 1 ads.
KwId: 9551 | (Sub: ) -- Country: BE | dodge wc
Import OK for keyword_id=9551. Inserted 48 ads.
KwId: 14720 | (Sub: ) -- Country: BE | porsche 928 s4
Import OK for keyword_id=14720. Inserted 48 ads.
KwId: 13521 | (Sub: ) -- Country: BE | netgear
Import OK for keyword_id=13521. Inserted 48 ads.
KwId: 34740 | (Sub: ) -- Country: BE | leica m3
Import OK for keyword_id=34740. Inserted 48 ads.
KwId: 13341 | (Sub: ) -- Country: BE | moteur passat tdi
Import OK for keyword_id=13341. Inserted 48 ads.
KwId: 15983 | (Sub: ) -- Country: BE | siege auto maxi cosi
Import OK for keyword_id=15983. Inserted 20 ads.
KwId: 19658 | (Sub: ) -- Country: BE | bateau peche
Import OK for keyword_id=19658. Inserted 48 ads.
KwId: 26139 | (Sub: ) -- Country: BE | fur real
Import OK for keyword_id=26139. Inserted 48 ads.
KwId: 5000 | (Sub: ) -- Country: BE | arpege lanvin
Import OK for keyword_id=5000. Inserted 48 ads.
KwId: 18807 | (Sub: ) -- Country: BE | cdx numark
Skip: <= 5 products in JSON.
Import OK for keyword_id=18807. Inserted 3 ads.
KwId: 24510 | (Sub: ) -- Country: BE | beovision 7
Import OK for keyword_id=24510. Inserted 28 ads.
KwId: 31062 | (Sub: ) -- Country: BE | bouteille huile
Import OK for keyword_id=31062. Inserted 48 ads.
KwId: 9317 | (Sub: ) -- Country: BE | chord
Import OK for keyword_id=9317. Inserted 48 ads.
KwId: 28024 | (Sub: ) -- Country: BE | triumph tr4
Import OK for keyword_id=28024. Inserted 48 ads.
KwId: 16354 | (Sub: ) -- Country: BE | suzuki lt 50
Import OK for keyword_id=16354. Inserted 48 ads.
KwId: 18379 | (Sub: ) -- Country: BE | scaphandrier
Import OK for keyword_id=18379. Inserted 48 ads.
KwId: 21317 | (Sub: ) -- Country: BE | compresseurs d air
Import OK for keyword_id=21317. Inserted 48 ads.
KwId: 7873 | (Sub: ) -- Country: BE | bagues cigare
Import OK for keyword_id=7873. Inserted 48 ads.
KwId: 7115 | (Sub: ) -- Country: BE | bmw e28
Import OK for keyword_id=7115. Inserted 48 ads.
KwId: 32950 | (Sub: ) -- Country: BE | lave main wc
Import OK for keyword_id=32950. Inserted 13 ads.
KwId: 9852 | (Sub: ) -- Country: BE | ecran projection
Import OK for keyword_id=9852. Inserted 48 ads.
KwId: 25042 | (Sub: ) -- Country: BE | gigabit switch
Import OK for keyword_id=25042. Inserted 48 ads.
KwId: 4163 | (Sub: ) -- Country: BE | verre peket
Skip: <= 5 products in JSON.
Import OK for keyword_id=4163. Inserted 3 ads.
KwId: 19720 | (Sub: ) -- Country: BE | meubles massif
Import OK for keyword_id=19720. Inserted 48 ads.
KwId: 8912 | (Sub: ) -- Country: BE | char a voile
Import OK for keyword_id=8912. Inserted 48 ads.
KwId: 13525 | (Sub: ) -- Country: BE | nettoyeur ultrasons
Import OK for keyword_id=13525. Inserted 48 ads.
KwId: 3694 | (Sub: ) -- Country: BE | sieges cabrio golf 1
Import OK for keyword_id=3694. Inserted 48 ads.
KwId: 26667 | (Sub: ) -- Country: BE | bibliotheque verte
Import OK for keyword_id=26667. Inserted 48 ads.
KwId: 29891 | (Sub: ) -- Country: BE | pieces audi
Import OK for keyword_id=29891. Inserted 48 ads.
KwId: 20663 | (Sub: ) -- Country: BE | rideaux store
Import OK for keyword_id=20663. Inserted 48 ads.
KwId: 22971 | (Sub: ) -- Country: BE | porte chene interieur
Import OK for keyword_id=22971. Inserted 28 ads.
KwId: 14605 | (Sub: ) -- Country: BE | poignee porte
Import OK for keyword_id=14605. Inserted 48 ads.
KwId: 28419 | (Sub: ) -- Country: BE | lego space police
Import OK for keyword_id=28419. Inserted 48 ads.
KwId: 7438 | (Sub: ) -- Country: BE | attelage bmw serie 1
Import OK for keyword_id=7438. Inserted 48 ads.
KwId: 6903 | (Sub: ) -- Country: BE | ancienne brasserie
Import OK for keyword_id=6903. Inserted 48 ads.
KwId: 7889 | (Sub: ) -- Country: BE | banc jardin
Import OK for keyword_id=7889. Inserted 48 ads.
KwId: 36630 | (Sub: ) -- Country: BE | pate verre daum
Import OK for keyword_id=36630. Inserted 48 ads.
KwId: 28136 | (Sub: ) -- Country: BE | thermos
Import OK for keyword_id=28136. Inserted 48 ads.
KwId: 22819 | (Sub: ) -- Country: BE | arrache volant
Import OK for keyword_id=22819. Inserted 48 ads.
KwId: 21492 | (Sub: ) -- Country: BE | tondeuse honda hrx
Import OK for keyword_id=21492. Inserted 48 ads.
KwId: 35318 | (Sub: ) -- Country: BE | indochine alice june album
Import OK for keyword_id=35318. Inserted 33 ads.
KwId: 4727 | (Sub: ) -- Country: BE | ergoline solarium ergoline
Skip: <= 5 products in JSON.
Import OK for keyword_id=4727. Inserted 2 ads.
KwId: 33374 | (Sub: ) -- Country: BE | veste michael jackson
Import OK for keyword_id=33374. Inserted 27 ads.
KwId: 4702 | (Sub: ) -- Country: BE | pikolinos
Import OK for keyword_id=4702. Inserted 48 ads.
KwId: 4397 | (Sub: ) -- Country: BE | yamaha xjr 1300
Import OK for keyword_id=4397. Inserted 48 ads.
KwId: 17563 | (Sub: ) -- Country: BE | weck
Import OK for keyword_id=17563. Inserted 48 ads.
KwId: 24370 | (Sub: ) -- Country: BE | fj 1200
Import OK for keyword_id=24370. Inserted 48 ads.
KwId: 2401 | (Sub: ) -- Country: BE | machine special t
Import OK for keyword_id=2401. Inserted 9 ads.
KwId: 22301 | (Sub: ) -- Country: BE | allemand wwii
Import OK for keyword_id=22301. Inserted 48 ads.
KwId: 16436 | (Sub: ) -- Country: BE | table chaises ikea
Import OK for keyword_id=16436. Inserted 28 ads.
KwId: 31011 | (Sub: ) -- Country: BE | oregon scientific
Import OK for keyword_id=31011. Inserted 48 ads.
KwId: 28169 | (Sub: ) -- Country: BE | vetement bebe garcon
Import OK for keyword_id=28169. Inserted 48 ads.
KwId: 5994 | (Sub: ) -- Country: BE | chronosport
Import OK for keyword_id=5994. Inserted 47 ads.
KwId: 23210 | (Sub: ) -- Country: BE | sommiers matelas
Import OK for keyword_id=23210. Inserted 48 ads.
KwId: 949 | (Sub: ) -- Country: BE | chaussure
Import OK for keyword_id=949. Inserted 48 ads.
KwId: 20441 | (Sub: ) -- Country: BE | cloture grillage rigide
Skip: <= 5 products in JSON.
Import OK for keyword_id=20441. Inserted 4 ads.
KwId: 26553 | (Sub: ) -- Country: BE | bracelet dior
Import OK for keyword_id=26553. Inserted 48 ads.
KwId: 4978 | (Sub: ) -- Country: BE | taximetre
Import OK for keyword_id=4978. Inserted 48 ads.
KwId: 36307 | (Sub: ) -- Country: BE | perforateur fil
Import OK for keyword_id=36307. Inserted 48 ads.
KwId: 16804 | (Sub: ) -- Country: BE | tiroirs ikea
Import OK for keyword_id=16804. Inserted 48 ads.
KwId: 6671 | (Sub: ) -- Country: BE | art deco faience
Import OK for keyword_id=6671. Inserted 48 ads.
KwId: 13715 | (Sub: ) -- Country: BE | outillage moto
Import OK for keyword_id=13715. Inserted 48 ads.
KwId: 5460 | (Sub: ) -- Country: BE | pantographes
Import OK for keyword_id=5460. Inserted 48 ads.
KwId: 6201 | (Sub: ) -- Country: BE | baobab
Import OK for keyword_id=6201. Inserted 48 ads.
KwId: 25125 | (Sub: ) -- Country: BE | pneus hiver bmw x3
Import OK for keyword_id=25125. Inserted 45 ads.
KwId: 17634 | (Sub: ) -- Country: BE | yamaha 250 ty
Import OK for keyword_id=17634. Inserted 48 ads.
KwId: 25656 | (Sub: ) -- Country: BE | honda cbf 600
Import OK for keyword_id=25656. Inserted 48 ads.
KwId: 1009 | (Sub: ) -- Country: BE | cobaye cochon d inde
Import OK for keyword_id=1009. Inserted 48 ads.
KwId: 32965 | (Sub: ) -- Country: BE | studio d enregistrement
Import OK for keyword_id=32965. Inserted 48 ads.
KwId: 35619 | (Sub: ) -- Country: BE | evier wc
Import OK for keyword_id=35619. Inserted 48 ads.
KwId: 26978 | (Sub: ) -- Country: BE | carafe filtre a eau
Import OK for keyword_id=26978. Inserted 48 ads.
KwId: 12352 | (Sub: ) -- Country: BE | lit personnes sommier
Import OK for keyword_id=12352. Inserted 42 ads.
KwId: 21580 | (Sub: ) -- Country: BE | plaque electrique
Import OK for keyword_id=21580. Inserted 48 ads.
KwId: 6075 | (Sub: ) -- Country: BE | tonkinois
Import OK for keyword_id=6075. Inserted 48 ads.
KwId: 1099 | (Sub: ) -- Country: BE | colombe blanche
Import OK for keyword_id=1099. Inserted 48 ads.
KwId: 4799 | (Sub: ) -- Country: BE | geometre
Import OK for keyword_id=4799. Inserted 48 ads.
KwId: 31952 | (Sub: ) -- Country: BE | plaques emaillee
Import OK for keyword_id=31952. Inserted 48 ads.
KwId: 21278 | (Sub: ) -- Country: BE | television cathodique
Import OK for keyword_id=21278. Inserted 18 ads.
KwId: 7750 | (Sub: ) -- Country: BE | autocuiseur
Import OK for keyword_id=7750. Inserted 48 ads.
KwId: 21048 | (Sub: ) -- Country: BE | pax
Import OK for keyword_id=21048. Inserted 48 ads.
KwId: 24588 | (Sub: ) -- Country: BE | hilti meches
Import OK for keyword_id=24588. Inserted 48 ads.
KwId: 34223 | (Sub: ) -- Country: BE | donkervoort s8
Import OK for keyword_id=34223. Inserted 41 ads.
KwId: 31913 | (Sub: ) -- Country: BE | remorque bantam
Import OK for keyword_id=31913. Inserted 44 ads.
KwId: 26116 | (Sub: ) -- Country: BE | goldorak albator
Import OK for keyword_id=26116. Inserted 48 ads.
KwId: 5178 | (Sub: ) -- Country: BE | westfield
Import OK for keyword_id=5178. Inserted 48 ads.
KwId: 10232 | (Sub: ) -- Country: BE | flipper stern
Import OK for keyword_id=10232. Inserted 48 ads.
KwId: 32843 | (Sub: ) -- Country: BE | patek philippe
Import OK for keyword_id=32843. Inserted 48 ads.
KwId: 3348 | (Sub: ) -- Country: BE | radio reveil sony
Import OK for keyword_id=3348. Inserted 48 ads.
KwId: 16646 | (Sub: ) -- Country: BE | team associated
Import OK for keyword_id=16646. Inserted 48 ads.
KwId: 12860 | (Sub: ) -- Country: BE | meche lampe huile
Import OK for keyword_id=12860. Inserted 48 ads.
KwId: 25068 | (Sub: ) -- Country: BE | sacoches solex
Import OK for keyword_id=25068. Inserted 48 ads.
KwId: 29340 | (Sub: ) -- Country: BE | cuir bombardier
Import OK for keyword_id=29340. Inserted 48 ads.
KwId: 4114 | (Sub: ) -- Country: BE | vaporetto
Import OK for keyword_id=4114. Inserted 48 ads.
KwId: 28963 | (Sub: ) -- Country: BE | pacojet
Import OK for keyword_id=28963. Inserted 14 ads.
KwId: 9544 | (Sub: ) -- Country: BE | container bateau
Import OK for keyword_id=9544. Inserted 19 ads.
KwId: 17209 | (Sub: ) -- Country: BE | train arriere quad
Import OK for keyword_id=17209. Inserted 6 ads.
KwId: 31902 | (Sub: ) -- Country: BE | golf drivers
Import OK for keyword_id=31902. Inserted 48 ads.
KwId: 30986 | (Sub: ) -- Country: BE | bar lumineux
Import OK for keyword_id=30986. Inserted 48 ads.
KwId: 8034 | (Sub: ) -- Country: BE | buste terre cuite
Import OK for keyword_id=8034. Inserted 48 ads.
KwId: 22776 | (Sub: ) -- Country: BE | selphy
Import OK for keyword_id=22776. Inserted 48 ads.
KwId: 14963 | (Sub: ) -- Country: BE | poussette stokke
Import OK for keyword_id=14963. Inserted 17 ads.
KwId: 12588 | (Sub: ) -- Country: BE | maillot foot enfant
Import OK for keyword_id=12588. Inserted 48 ads.
KwId: 5028 | (Sub: ) -- Country: BE | bobeche verre
Import OK for keyword_id=5028. Inserted 48 ads.
KwId: 34417 | (Sub: ) -- Country: BE | mitsubishi attrage
Import OK for keyword_id=34417. Inserted 48 ads.
KwId: 11112 | (Sub: ) -- Country: BE | honda civic type r
Import OK for keyword_id=11112. Inserted 48 ads.
KwId: 16029 | (Sub: ) -- Country: BE | smoby
Import OK for keyword_id=16029. Inserted 48 ads.
KwId: 11739 | (Sub: ) -- Country: BE | juke box ami
Import OK for keyword_id=11739. Inserted 47 ads.
KwId: 18230 | (Sub: ) -- Country: BE | manade
Import OK for keyword_id=18230. Inserted 48 ads.
KwId: 11201 | (Sub: ) -- Country: BE | horloges comtoise
Import OK for keyword_id=11201. Inserted 48 ads.
KwId: 24125 | (Sub: ) -- Country: BE | opel meriva
Import OK for keyword_id=24125. Inserted 48 ads.
KwId: 24415 | (Sub: ) -- Country: BE | jukebox cd
Import OK for keyword_id=24415. Inserted 48 ads.
KwId: 34047 | (Sub: ) -- Country: BE | reveil bayard tintin
Skip: <= 5 products in JSON.
Import OK for keyword_id=34047. Inserted 0 ads.
KwId: 19251 | (Sub: ) -- Country: BE | machine a bois combine felder bf 631
Skip: <= 5 products in JSON.
Import OK for keyword_id=19251. Inserted 0 ads.
KwId: 23286 | (Sub: ) -- Country: BE | chambre a air
Import OK for keyword_id=23286. Inserted 48 ads.
KwId: 14753 | (Sub: ) -- Country: BE | porte clef audi
Import OK for keyword_id=14753. Inserted 48 ads.
KwId: 30789 | (Sub: ) -- Country: BE | carafe emaillee
Import OK for keyword_id=30789. Inserted 48 ads.
KwId: 5233 | (Sub: ) -- Country: BE | maghella
Import OK for keyword_id=5233. Inserted 48 ads.
KwId: 23741 | (Sub: ) -- Country: BE | louis vuitton damier
Import OK for keyword_id=23741. Inserted 48 ads.
KwId: 13451 | (Sub: ) -- Country: BE | mouton retourne
Import OK for keyword_id=13451. Inserted 48 ads.
KwId: 36260 | (Sub: ) -- Country: BE | artemias
Import OK for keyword_id=36260. Inserted 39 ads.
KwId: 34828 | (Sub: ) -- Country: BE | boite a lettres pied
Import OK for keyword_id=34828. Inserted 19 ads.
KwId: 35322 | (Sub: ) -- Country: BE | livre plantes
Import OK for keyword_id=35322. Inserted 48 ads.
KwId: 11567 | (Sub: ) -- Country: BE | jantes bmw m
Import OK for keyword_id=11567. Inserted 48 ads.
KwId: 22680 | (Sub: ) -- Country: BE | bouilloire inox
Import OK for keyword_id=22680. Inserted 48 ads.
KwId: 8669 | (Sub: ) -- Country: BE | chauffe cire
Import OK for keyword_id=8669. Inserted 48 ads.
KwId: 10291 | (Sub: ) -- Country: BE | escort rs
Import OK for keyword_id=10291. Inserted 48 ads.
KwId: 28677 | (Sub: ) -- Country: BE | apex 7
Import OK for keyword_id=28677. Inserted 48 ads.
KwId: 32910 | (Sub: ) -- Country: BE | franck thilliez
Import OK for keyword_id=32910. Inserted 48 ads.
KwId: 13884 | (Sub: ) -- Country: BE | oxygene acetylene
Import OK for keyword_id=13884. Inserted 48 ads.
KwId: 25024 | (Sub: ) -- Country: BE | handycam dcr
Import OK for keyword_id=25024. Inserted 48 ads.
KwId: 10431 | (Sub: ) -- Country: BE | giant velos
Import OK for keyword_id=10431. Inserted 48 ads.
KwId: 17155 | (Sub: ) -- Country: BE | verin hydraulique
Import OK for keyword_id=17155. Inserted 48 ads.
KwId: 13088 | (Sub: ) -- Country: BE | mobilier industriel
Import OK for keyword_id=13088. Inserted 48 ads.
KwId: 12596 | (Sub: ) -- Country: BE | maillots foot anderlecht
Import OK for keyword_id=12596. Inserted 48 ads.
KwId: 12959 | (Sub: ) -- Country: BE | meuble tv design
Import OK for keyword_id=12959. Inserted 48 ads.
KwId: 27946 | (Sub: ) -- Country: BE | couteau laguiole ancien
Import OK for keyword_id=27946. Inserted 48 ads.
KwId: 26125 | (Sub: ) -- Country: BE | jeu d echecs
Import OK for keyword_id=26125. Inserted 48 ads.
KwId: 33056 | (Sub: ) -- Country: BE | servante d
Import OK for keyword_id=33056. Inserted 48 ads.
KwId: 29895 | (Sub: ) -- Country: BE | delfts blauw
Import OK for keyword_id=29895. Inserted 48 ads.
KwId: 4408 | (Sub: ) -- Country: BE | etendoir
Import OK for keyword_id=4408. Inserted 48 ads.
KwId: 35829 | (Sub: ) -- Country: BE | c99
Import OK for keyword_id=35829. Inserted 48 ads.
KwId: 6040 | (Sub: ) -- Country: BE | selvage jean
Import OK for keyword_id=6040. Inserted 48 ads.
KwId: 25937 | (Sub: ) -- Country: BE | amortisseurs monroe
Import OK for keyword_id=25937. Inserted 48 ads.
KwId: 11286 | (Sub: ) -- Country: BE | ikea rangements
Import OK for keyword_id=11286. Inserted 48 ads.
KwId: 2698 | (Sub: ) -- Country: BE | moto guzzi v7 stone
Import OK for keyword_id=2698. Inserted 48 ads.
KwId: 20814 | (Sub: ) -- Country: BE | nike air jordan 6
Import OK for keyword_id=20814. Inserted 48 ads.
KwId: 15070 | (Sub: ) -- Country: BE | quads electrique
Import OK for keyword_id=15070. Inserted 48 ads.
KwId: 32473 | (Sub: ) -- Country: BE | souder poste tig
Import OK for keyword_id=32473. Inserted 48 ads.
KwId: 4932 | (Sub: ) -- Country: BE | morabito
Import OK for keyword_id=4932. Inserted 48 ads.
KwId: 5356 | (Sub: ) -- Country: BE | hydroplane
Import OK for keyword_id=5356. Inserted 48 ads.
KwId: 15322 | (Sub: ) -- Country: BE | rock buggy
Import OK for keyword_id=15322. Inserted 21 ads.
KwId: 20984 | (Sub: ) -- Country: BE | coffre ancien
Import OK for keyword_id=20984. Inserted 48 ads.
KwId: 22922 | (Sub: ) -- Country: BE | gres cerame poli
Skip: <= 5 products in JSON.
Import OK for keyword_id=22922. Inserted 1 ads.
KwId: 30760 | (Sub: ) -- Country: BE | jeu backgammon
Import OK for keyword_id=30760. Inserted 48 ads.
KwId: 28010 | (Sub: ) -- Country: BE | toile artiste
Import OK for keyword_id=28010. Inserted 48 ads.
KwId: 8622 | (Sub: ) -- Country: BE | chiot caniche nain
Skip: <= 5 products in JSON.
Import OK for keyword_id=8622. Inserted 0 ads.
KwId: 23732 | (Sub: ) -- Country: BE | royale belge
Import OK for keyword_id=23732. Inserted 48 ads.
KwId: 17857 | (Sub: ) -- Country: BE | vase chinois
Import OK for keyword_id=17857. Inserted 48 ads.
KwId: 2374 | (Sub: ) -- Country: BE | liebherr 911 c
Skip: <= 5 products in JSON.
Import OK for keyword_id=2374. Inserted 1 ads.
KwId: 11230 | (Sub: ) -- Country: BE | huile toile peintre
Import OK for keyword_id=11230. Inserted 48 ads.
KwId: 7955 | (Sub: ) -- Country: BE | blouson aviateur cuir
Import OK for keyword_id=7955. Inserted 48 ads.
KwId: 17821 | (Sub: ) -- Country: BE | winterling bavaria
Import OK for keyword_id=17821. Inserted 48 ads.
KwId: 8965 | (Sub: ) -- Country: BE | chaise cuisine
Import OK for keyword_id=8965. Inserted 48 ads.
KwId: 33211 | (Sub: ) -- Country: BE | bose sl2
Skip: <= 5 products in JSON.
Import OK for keyword_id=33211. Inserted 0 ads.
KwId: 34434 | (Sub: ) -- Country: BE | nissan 370z
Import OK for keyword_id=34434. Inserted 48 ads.
KwId: 3824 | (Sub: ) -- Country: BE | suzuki ac 50
Import OK for keyword_id=3824. Inserted 48 ads.
KwId: 30784 | (Sub: ) -- Country: BE | marshall
Import OK for keyword_id=30784. Inserted 48 ads.
KwId: 22443 | (Sub: ) -- Country: BE | sac nanucci
Import OK for keyword_id=22443. Inserted 48 ads.
KwId: 34916 | (Sub: ) -- Country: BE | fleurs rocaille
Import OK for keyword_id=34916. Inserted 48 ads.
KwId: 13933 | (Sub: ) -- Country: BE | pare choc 306
Import OK for keyword_id=13933. Inserted 48 ads.
KwId: 28823 | (Sub: ) -- Country: BE | biere brune
Import OK for keyword_id=28823. Inserted 48 ads.
KwId: 12267 | (Sub: ) -- Country: BE | levis 544
Import OK for keyword_id=12267. Inserted 43 ads.
KwId: 22190 | (Sub: ) -- Country: BE | squier
Import OK for keyword_id=22190. Inserted 48 ads.
KwId: 7887 | (Sub: ) -- Country: BE | bambou
Import OK for keyword_id=7887. Inserted 48 ads.
KwId: 14599 | (Sub: ) -- Country: BE | poele saey
Skip: <= 5 products in JSON.
Import OK for keyword_id=14599. Inserted 0 ads.
KwId: 27201 | (Sub: ) -- Country: BE | kawasaki x2
Import OK for keyword_id=27201. Inserted 48 ads.
KwId: 1514 | (Sub: ) -- Country: BE | feu a pellet
Skip: <= 5 products in JSON.
Import OK for keyword_id=1514. Inserted 2 ads.
KwId: 30053 | (Sub: ) -- Country: BE | parfum yves rocher
Import OK for keyword_id=30053. Inserted 48 ads.
KwId: 10631 | (Sub: ) -- Country: BE | fraise defonceuse
Import OK for keyword_id=10631. Inserted 48 ads.
KwId: 2345 | (Sub: ) -- Country: BE | lombartho 19
Skip: <= 5 products in JSON.
Import OK for keyword_id=2345. Inserted 0 ads.
KwId: 33384 | (Sub: ) -- Country: BE | alfa 156 gta
Import OK for keyword_id=33384. Inserted 48 ads.
KwId: 5913 | (Sub: ) -- Country: BE | ow01
Import OK for keyword_id=5913. Inserted 48 ads.
KwId: 1168 | (Sub: ) -- Country: BE | cuiseur a pates
Import OK for keyword_id=1168. Inserted 48 ads.
KwId: 34283 | (Sub: ) -- Country: BE | ford zodiac
Import OK for keyword_id=34283. Inserted 48 ads.
KwId: 26737 | (Sub: ) -- Country: BE | costume orientale
Import OK for keyword_id=26737. Inserted 48 ads.
KwId: 13128 | (Sub: ) -- Country: BE | montesa cota
Import OK for keyword_id=13128. Inserted 48 ads.
KwId: 33472 | (Sub: ) -- Country: BE | maillot foot manche longue
Import OK for keyword_id=33472. Inserted 48 ads.
KwId: 16305 | (Sub: ) -- Country: BE | superwinch
Import OK for keyword_id=16305. Inserted 48 ads.
KwId: 30209 | (Sub: ) -- Country: BE | objets rare
Import OK for keyword_id=30209. Inserted 48 ads.
KwId: 20625 | (Sub: ) -- Country: BE | circuit 24
Import OK for keyword_id=20625. Inserted 48 ads.
KwId: 30238 | (Sub: ) -- Country: BE | ikea garde robe
Skip: <= 5 products in JSON.
Import OK for keyword_id=30238. Inserted 0 ads.
KwId: 20567 | (Sub: ) -- Country: BE | simca rallye
Import OK for keyword_id=20567. Inserted 48 ads.
KwId: 31730 | (Sub: ) -- Country: BE | parallelisme
Import OK for keyword_id=31730. Inserted 48 ads.
KwId: 3389 | (Sub: ) -- Country: BE | relax bebe
Import OK for keyword_id=3389. Inserted 48 ads.
KwId: 4725 | (Sub: ) -- Country: BE | monchhichi
Import OK for keyword_id=4725. Inserted 48 ads.
KwId: 13865 | (Sub: ) -- Country: BE | panneau isolant
Import OK for keyword_id=13865. Inserted 48 ads.
KwId: 29840 | (Sub: ) -- Country: BE | volvo xc90 v8
Import OK for keyword_id=29840. Inserted 48 ads.
KwId: 10984 | (Sub: ) -- Country: BE | hayon opel
Import OK for keyword_id=10984. Inserted 48 ads.
KwId: 32631 | (Sub: ) -- Country: BE | figurines star wars clone
Import OK for keyword_id=32631. Inserted 48 ads.
KwId: 756 | (Sub: ) -- Country: BE | canape lit
Import OK for keyword_id=756. Inserted 48 ads.
KwId: 515 | (Sub: ) -- Country: BE | bmw g650 x moto
Import OK for keyword_id=515. Inserted 48 ads.
KwId: 27088 | (Sub: ) -- Country: BE | robe noir annee 20
Import OK for keyword_id=27088. Inserted 43 ads.
KwId: 2515 | (Sub: ) -- Country: BE | matchless
Import OK for keyword_id=2515. Inserted 48 ads.
KwId: 31431 | (Sub: ) -- Country: BE | fisher price little people
Import OK for keyword_id=31431. Inserted 48 ads.
KwId: 22534 | (Sub: ) -- Country: BE | lit capitonne
Import OK for keyword_id=22534. Inserted 48 ads.
KwId: 3585 | (Sub: ) -- Country: BE | scooter honda ps 125
Import OK for keyword_id=3585. Inserted 48 ads.
KwId: 16998 | (Sub: ) -- Country: BE | tracteur siku
Import OK for keyword_id=16998. Inserted 48 ads.
KwId: 3234 | (Sub: ) -- Country: BE | poussette teutonia
Skip: <= 5 products in JSON.
Import OK for keyword_id=3234. Inserted 0 ads.
KwId: 22421 | (Sub: ) -- Country: BE | pierre semi precieuse
Import OK for keyword_id=22421. Inserted 48 ads.
KwId: 7515 | (Sub: ) -- Country: BE | bc rich
Import OK for keyword_id=7515. Inserted 16 ads.
KwId: 3314 | (Sub: ) -- Country: BE | quad yamaha
Import OK for keyword_id=3314. Inserted 48 ads.
KwId: 32401 | (Sub: ) -- Country: BE | lit enfant superpose
Import OK for keyword_id=32401. Inserted 48 ads.
KwId: 36960 | (Sub: ) -- Country: BE | armoire metallique securisee
Skip: <= 5 products in JSON.
Import OK for keyword_id=36960. Inserted 3 ads.
KwId: 9168 | (Sub: ) -- Country: BE | coupe carrelage
Import OK for keyword_id=9168. Inserted 48 ads.
KwId: 20296 | (Sub: ) -- Country: BE | circuit spa francorchamps
Import OK for keyword_id=20296. Inserted 48 ads.
KwId: 15977 | (Sub: ) -- Country: BE | scie radiale
Import OK for keyword_id=15977. Inserted 48 ads.
KwId: 3312 | (Sub: ) -- Country: BE | quad yamaha 200cc
Import OK for keyword_id=3312. Inserted 19 ads.
KwId: 35506 | (Sub: ) -- Country: BE | canape cuir vert
Import OK for keyword_id=35506. Inserted 48 ads.
KwId: 19634 | (Sub: ) -- Country: BE | pantalon bershka
Import OK for keyword_id=19634. Inserted 48 ads.
KwId: 18768 | (Sub: ) -- Country: BE | zboard
Import OK for keyword_id=18768. Inserted 12 ads.
KwId: 22805 | (Sub: ) -- Country: BE | lustre a pampilles
Import OK for keyword_id=22805. Inserted 48 ads.
KwId: 9368 | (Sub: ) -- Country: BE | digitech whammy
Import OK for keyword_id=9368. Inserted 48 ads.
KwId: 12376 | (Sub: ) -- Country: BE | logo calandre bmw m
Import OK for keyword_id=12376. Inserted 6 ads.
KwId: 27794 | (Sub: ) -- Country: BE | festo
Import OK for keyword_id=27794. Inserted 48 ads.
KwId: 33334 | (Sub: ) -- Country: BE | case ih
Import OK for keyword_id=33334. Inserted 48 ads.
KwId: 25077 | (Sub: ) -- Country: BE | pied meuble
Import OK for keyword_id=25077. Inserted 48 ads.
KwId: 804 | (Sub: ) -- Country: BE | cc pocket bike
Import OK for keyword_id=804. Inserted 48 ads.
KwId: 31048 | (Sub: ) -- Country: BE | combi vw
Import OK for keyword_id=31048. Inserted 48 ads.
KwId: 14536 | (Sub: ) -- Country: BE | pneus hiver 165
Import OK for keyword_id=14536. Inserted 48 ads.
KwId: 27675 | (Sub: ) -- Country: BE | chaussures art
Import OK for keyword_id=27675. Inserted 48 ads.
KwId: 20083 | (Sub: ) -- Country: BE | chaussures bebe bapteme
Import OK for keyword_id=20083. Inserted 32 ads.
KwId: 3224 | (Sub: ) -- Country: BE | porte exterieur
Import OK for keyword_id=3224. Inserted 48 ads.
KwId: 1886 | (Sub: ) -- Country: BE | honda black widow
Import OK for keyword_id=1886. Inserted 48 ads.
KwId: 24934 | (Sub: ) -- Country: BE | prince graphite
Import OK for keyword_id=24934. Inserted 48 ads.
KwId: 13398 | (Sub: ) -- Country: BE | moto guzzi v50
Import OK for keyword_id=13398. Inserted 48 ads.
KwId: 22846 | (Sub: ) -- Country: BE | buffet froid
Import OK for keyword_id=22846. Inserted 48 ads.
KwId: 23381 | (Sub: ) -- Country: BE | verre trappistes
Import OK for keyword_id=23381. Inserted 34 ads.
KwId: 31663 | (Sub: ) -- Country: BE | baionnette francaise
Import OK for keyword_id=31663. Inserted 48 ads.
KwId: 10319 | (Sub: ) -- Country: BE | fourche vtt fox
Import OK for keyword_id=10319. Inserted 41 ads.
KwId: 24839 | (Sub: ) -- Country: BE | bosch logixx 8
Import OK for keyword_id=24839. Inserted 48 ads.
KwId: 20160 | (Sub: ) -- Country: BE | morini 3 1 2
Import OK for keyword_id=20160. Inserted 48 ads.
KwId: 35827 | (Sub: ) -- Country: BE | jantes 5x100 audi tt
Import OK for keyword_id=35827. Inserted 48 ads.
KwId: 14809 | (Sub: ) -- Country: BE | portes anciennes bois
Import OK for keyword_id=14809. Inserted 48 ads.
KwId: 36664 | (Sub: ) -- Country: BE | poignees porte anciennes
Import OK for keyword_id=36664. Inserted 48 ads.
KwId: 15111 | (Sub: ) -- Country: BE | rat dumbo
Skip: <= 5 products in JSON.
Import OK for keyword_id=15111. Inserted 0 ads.
KwId: 24184 | (Sub: ) -- Country: BE | bulle ducati
Import OK for keyword_id=24184. Inserted 48 ads.
KwId: 36317 | (Sub: ) -- Country: BE | kit debosselage
Import OK for keyword_id=36317. Inserted 48 ads.
KwId: 5574 | (Sub: ) -- Country: BE | fulgurex
Import OK for keyword_id=5574. Inserted 48 ads.
KwId: 7338 | (Sub: ) -- Country: BE | ampli marantz pm
Import OK for keyword_id=7338. Inserted 48 ads.
KwId: 21269 | (Sub: ) -- Country: BE | reglage carburateur
Import OK for keyword_id=21269. Inserted 48 ads.
KwId: 29107 | (Sub: ) -- Country: BE | equilibrage roue
Import OK for keyword_id=29107. Inserted 48 ads.
KwId: 4487 | (Sub: ) -- Country: BE | anatopik
Import OK for keyword_id=4487. Inserted 48 ads.
KwId: 13695 | (Sub: ) -- Country: BE | omega seamaster vintage
Import OK for keyword_id=13695. Inserted 48 ads.
KwId: 2814 | (Sub: ) -- Country: BE | orange tiny terror
Skip: <= 5 products in JSON.
Import OK for keyword_id=2814. Inserted 1 ads.
KwId: 18248 | (Sub: ) -- Country: BE | sprenger
Import OK for keyword_id=18248. Inserted 48 ads.
KwId: 8256 | (Sub: ) -- Country: BE | canape ektorp
Import OK for keyword_id=8256. Inserted 15 ads.
KwId: 23945 | (Sub: ) -- Country: BE | monnaies romaines
Import OK for keyword_id=23945. Inserted 48 ads.
KwId: 24364 | (Sub: ) -- Country: BE | cle mercedes
Import OK for keyword_id=24364. Inserted 48 ads.
KwId: 13601 | (Sub: ) -- Country: BE | nissan patrol
Import OK for keyword_id=13601. Inserted 48 ads.
KwId: 27281 | (Sub: ) -- Country: BE | clio diesel
Import OK for keyword_id=27281. Inserted 48 ads.
KwId: 24566 | (Sub: ) -- Country: BE | lili
Import OK for keyword_id=24566. Inserted 48 ads.
KwId: 36545 | (Sub: ) -- Country: BE | bache bateau
Import OK for keyword_id=36545. Inserted 48 ads.
KwId: 24148 | (Sub: ) -- Country: BE | tissot vintage
Import OK for keyword_id=24148. Inserted 48 ads.
KwId: 23340 | (Sub: ) -- Country: BE | sram red shifters
Skip: <= 5 products in JSON.
Import OK for keyword_id=23340. Inserted 5 ads.
KwId: 33434 | (Sub: ) -- Country: BE | land rover serie 1
Import OK for keyword_id=33434. Inserted 48 ads.
KwId: 18718 | (Sub: ) -- Country: BE | syntilor
Import OK for keyword_id=18718. Inserted 18 ads.
KwId: 13787 | (Sub: ) -- Country: BE | opel omega b tuning
Import OK for keyword_id=13787. Inserted 27 ads.
KwId: 14757 | (Sub: ) -- Country: BE | porte coulissante
Import OK for keyword_id=14757. Inserted 48 ads.
KwId: 12877 | (Sub: ) -- Country: BE | mehano sncb
Skip: <= 5 products in JSON.
Import OK for keyword_id=12877. Inserted 2 ads.
KwId: 13738 | (Sub: ) -- Country: BE | panneaux photovoltaiques
Import OK for keyword_id=13738. Inserted 48 ads.
KwId: 19166 | (Sub: ) -- Country: BE | diatonique
Import OK for keyword_id=19166. Inserted 48 ads.
KwId: 13294 | (Sub: ) -- Country: BE | moulin poivre peugeot
Import OK for keyword_id=13294. Inserted 48 ads.
KwId: 19761 | (Sub: ) -- Country: BE | moule pate
Import OK for keyword_id=19761. Inserted 48 ads.
KwId: 8534 | (Sub: ) -- Country: BE | chapeaux bob
Import OK for keyword_id=8534. Inserted 48 ads.
KwId: 7455 | (Sub: ) -- Country: BE | automate programmable
Import OK for keyword_id=7455. Inserted 48 ads.
KwId: 11836 | (Sub: ) -- Country: BE | kit reparation pare brise
Import OK for keyword_id=11836. Inserted 48 ads.
KwId: 31513 | (Sub: ) -- Country: BE | porte bagage velo
Import OK for keyword_id=31513. Inserted 48 ads.
KwId: 22551 | (Sub: ) -- Country: BE | chien tirelire
Import OK for keyword_id=22551. Inserted 48 ads.
KwId: 10690 | (Sub: ) -- Country: BE | gaufrier croque monsieur
Import OK for keyword_id=10690. Inserted 48 ads.
KwId: 26332 | (Sub: ) -- Country: BE | chaise eglise
Import OK for keyword_id=26332. Inserted 48 ads.
KwId: 9765 | (Sub: ) -- Country: BE | desserte
Import OK for keyword_id=9765. Inserted 48 ads.
KwId: 25061 | (Sub: ) -- Country: BE | enjoliveur 16 vw
Import OK for keyword_id=25061. Inserted 48 ads.
KwId: 3837 | (Sub: ) -- Country: BE | suzuki street magic
Import OK for keyword_id=3837. Inserted 48 ads.
KwId: 7140 | (Sub: ) -- Country: BE | ancien pendule
Import OK for keyword_id=7140. Inserted 48 ads.
KwId: 36501 | (Sub: ) -- Country: BE | barre toit touareg
Import OK for keyword_id=36501. Inserted 48 ads.
*** End of crawl for BE (keywords: 500) | 2026-01-15 13:26:51
