Country passed : de
Crawling of 500 starting
*** Start crawling : 2026-01-15 13:13:08 | MAX KW : 500 | Country : DE
KwId: 56977 | (Sub: ) -- Country: DE | klassiker verlag
Import OK for keyword_id=56977. Inserted 48 ads.
KwId: 70074 | (Sub: ) -- Country: DE | space kostum
Import OK for keyword_id=70074. Inserted 48 ads.
KwId: 41912 | (Sub: ) -- Country: DE | teleskoprohr fur staubsauger
Import OK for keyword_id=41912. Inserted 48 ads.
KwId: 119986 | (Sub: ) -- Country: DE | motivlocher kreis
Import OK for keyword_id=119986. Inserted 48 ads.
KwId: 42919 | (Sub: ) -- Country: DE | tamaris boots
Import OK for keyword_id=42919. Inserted 48 ads.
KwId: 122799 | (Sub: ) -- Country: DE | ofendichtung
Import OK for keyword_id=122799. Inserted 48 ads.
KwId: 218794 | (Sub: ) -- Country: DE | black gloves winter
Import OK for keyword_id=218794. Inserted 48 ads.
KwId: 125891 | (Sub: ) -- Country: DE | physikalische chemie
Import OK for keyword_id=125891. Inserted 48 ads.
KwId: 107459 | (Sub: ) -- Country: DE | kamingarnitur
Import OK for keyword_id=107459. Inserted 48 ads.
KwId: 193962 | (Sub: ) -- Country: DE | bmw e36 tds
Import OK for keyword_id=193962. Inserted 48 ads.
KwId: 180939 | (Sub: ) -- Country: DE | gartenschere
Import OK for keyword_id=180939. Inserted 48 ads.
KwId: 5844 | (Sub: ) -- Country: DE | lenovo s205
Import OK for keyword_id=5844. Inserted 48 ads.
KwId: 203249 | (Sub: ) -- Country: DE | nici wild friends zebra
Import OK for keyword_id=203249. Inserted 31 ads.
KwId: 22115 | (Sub: ) -- Country: DE | lederhose cargo
Import OK for keyword_id=22115. Inserted 48 ads.
KwId: 74909 | (Sub: ) -- Country: DE | 400x300
Import OK for keyword_id=74909. Inserted 48 ads.
KwId: 79851 | (Sub: ) -- Country: DE | baedeker griechenland
Import OK for keyword_id=79851. Inserted 48 ads.
KwId: 184816 | (Sub: ) -- Country: DE | popper wobbler
Import OK for keyword_id=184816. Inserted 48 ads.
KwId: 159136 | (Sub: ) -- Country: DE | erdungswiderstand
Import OK for keyword_id=159136. Inserted 48 ads.
KwId: 17805 | (Sub: ) -- Country: DE | panther ring
Import OK for keyword_id=17805. Inserted 48 ads.
KwId: 127260 | (Sub: ) -- Country: DE | pontiac lenkrad
Import OK for keyword_id=127260. Inserted 48 ads.
KwId: 138215 | (Sub: ) -- Country: DE | slv leuchten
Import OK for keyword_id=138215. Inserted 48 ads.
KwId: 172349 | (Sub: ) -- Country: DE | harley quinn
Import OK for keyword_id=172349. Inserted 48 ads.
KwId: 135177 | (Sub: ) -- Country: DE | schnittmuster 40er
Import OK for keyword_id=135177. Inserted 48 ads.
KwId: 51811 | (Sub: ) -- Country: DE | radiowecker wecker
Import OK for keyword_id=51811. Inserted 48 ads.
KwId: 210491 | (Sub: ) -- Country: DE | talkie motorola walkie
Import OK for keyword_id=210491. Inserted 48 ads.
KwId: 187663 | (Sub: ) -- Country: DE | altes uhrmacherwerkzeug
Import OK for keyword_id=187663. Inserted 48 ads.
KwId: 39818 | (Sub: ) -- Country: DE | toshiba satellite dvd laufwerk
Import OK for keyword_id=39818. Inserted 48 ads.
KwId: 13534 | (Sub: ) -- Country: DE | deckenleuchte shabby
Import OK for keyword_id=13534. Inserted 48 ads.
KwId: 204417 | (Sub: ) -- Country: DE | weinglas gruner stiel
Import OK for keyword_id=204417. Inserted 48 ads.
KwId: 32910 | (Sub: ) -- Country: DE | spanischer stier
Import OK for keyword_id=32910. Inserted 48 ads.
KwId: 154758 | (Sub: ) -- Country: DE | zimmermannsbleistifte
Import OK for keyword_id=154758. Inserted 48 ads.
KwId: 218719 | (Sub: ) -- Country: DE | camera case for
Import OK for keyword_id=218719. Inserted 48 ads.
KwId: 153484 | (Sub: ) -- Country: DE | wurfelspiel brettspiel
Import OK for keyword_id=153484. Inserted 48 ads.
KwId: 44517 | (Sub: ) -- Country: DE | großer topf
Import OK for keyword_id=44517. Inserted 48 ads.
KwId: 19902 | (Sub: ) -- Country: DE | laminat fliesenoptik
Import OK for keyword_id=19902. Inserted 48 ads.
KwId: 36097 | (Sub: ) -- Country: DE | logitech mx laser mouse
Import OK for keyword_id=36097. Inserted 48 ads.
KwId: 52219 | (Sub: ) -- Country: DE | vorwerk 136
Import OK for keyword_id=52219. Inserted 48 ads.
KwId: 92128 | (Sub: ) -- Country: DE | elektrozylinder
Import OK for keyword_id=92128. Inserted 48 ads.
KwId: 145313 | (Sub: ) -- Country: DE | tomix
Import OK for keyword_id=145313. Inserted 48 ads.
KwId: 109495 | (Sub: ) -- Country: DE | klapptritt
Import OK for keyword_id=109495. Inserted 48 ads.
KwId: 112802 | (Sub: ) -- Country: DE | latexrock
Import OK for keyword_id=112802. Inserted 48 ads.
KwId: 171348 | (Sub: ) -- Country: DE | fox sweater
Import OK for keyword_id=171348. Inserted 48 ads.
KwId: 128934 | (Sub: ) -- Country: DE | rachel caine
Import OK for keyword_id=128934. Inserted 48 ads.
KwId: 205578 | (Sub: ) -- Country: DE | gerustkonsolen
Skip: <= 5 products in JSON.
Import OK for keyword_id=205578. Inserted 0 ads.
KwId: 61666 | (Sub: ) -- Country: DE | swissvoice 758
Import OK for keyword_id=61666. Inserted 36 ads.
KwId: 136687 | (Sub: ) -- Country: DE | serviertablett melamin
Import OK for keyword_id=136687. Inserted 48 ads.
KwId: 174733 | (Sub: ) -- Country: DE | regal tiefe 25 cm
Import OK for keyword_id=174733. Inserted 48 ads.
KwId: 108118 | (Sub: ) -- Country: DE | katzenkorb rattan
Import OK for keyword_id=108118. Inserted 48 ads.
KwId: 174061 | (Sub: ) -- Country: DE | friteuse klein
Import OK for keyword_id=174061. Inserted 48 ads.
KwId: 36712 | (Sub: ) -- Country: DE | centra schaltuhr
Import OK for keyword_id=36712. Inserted 19 ads.
KwId: 94461 | (Sub: ) -- Country: DE | fettpresse schlauch
Import OK for keyword_id=94461. Inserted 48 ads.
KwId: 210989 | (Sub: ) -- Country: DE | lg nanocell 65
Import OK for keyword_id=210989. Inserted 29 ads.
KwId: 177796 | (Sub: ) -- Country: DE | balfor spalter
Skip: <= 5 products in JSON.
Import OK for keyword_id=177796. Inserted 1 ads.
KwId: 76707 | (Sub: ) -- Country: DE | altwasser
Import OK for keyword_id=76707. Inserted 48 ads.
KwId: 203190 | (Sub: ) -- Country: DE | yiying 250
Import OK for keyword_id=203190. Inserted 14 ads.
KwId: 45877 | (Sub: ) -- Country: DE | teppich shaggy langflor
Import OK for keyword_id=45877. Inserted 48 ads.
KwId: 135244 | (Sub: ) -- Country: DE | schokoladenform hase
Import OK for keyword_id=135244. Inserted 48 ads.
KwId: 218800 | (Sub: ) -- Country: DE | 19 jh radierung
Import OK for keyword_id=218800. Inserted 48 ads.
KwId: 47416 | (Sub: ) -- Country: DE | gastebett 90x200
Import OK for keyword_id=47416. Inserted 48 ads.
KwId: 169446 | (Sub: ) -- Country: DE | designer taschen marken
Import OK for keyword_id=169446. Inserted 48 ads.
KwId: 102543 | (Sub: ) -- Country: DE | hera lind
Import OK for keyword_id=102543. Inserted 48 ads.
KwId: 94185 | (Sub: ) -- Country: DE | fensterhebermotor octavia
Import OK for keyword_id=94185. Inserted 48 ads.
KwId: 65299 | (Sub: ) -- Country: DE | slk ledersitze
Import OK for keyword_id=65299. Inserted 48 ads.
KwId: 98354 | (Sub: ) -- Country: DE | gewerbesauger
Import OK for keyword_id=98354. Inserted 48 ads.
KwId: 60884 | (Sub: ) -- Country: DE | hawaii kleid
Import OK for keyword_id=60884. Inserted 48 ads.
KwId: 104540 | (Sub: ) -- Country: DE | hundebett plusch
Import OK for keyword_id=104540. Inserted 48 ads.
KwId: 15977 | (Sub: ) -- Country: DE | rufskin
Import OK for keyword_id=15977. Inserted 6 ads.
KwId: 19490 | (Sub: ) -- Country: DE | leinwandtuch
Import OK for keyword_id=19490. Inserted 48 ads.
KwId: 219687 | (Sub: ) -- Country: DE | wh nimh akku
Import OK for keyword_id=219687. Inserted 48 ads.
KwId: 136377 | (Sub: ) -- Country: DE | seiko wanduhr
Import OK for keyword_id=136377. Inserted 48 ads.
KwId: 123522 | (Sub: ) -- Country: DE | orange papier
Import OK for keyword_id=123522. Inserted 48 ads.
KwId: 200563 | (Sub: ) -- Country: DE | wesa
Import OK for keyword_id=200563. Inserted 48 ads.
KwId: 47370 | (Sub: ) -- Country: DE | sporthosen herren kurz
Import OK for keyword_id=47370. Inserted 48 ads.
KwId: 86014 | (Sub: ) -- Country: DE | cbf 1000 topcase
Import OK for keyword_id=86014. Inserted 48 ads.
KwId: 139402 | (Sub: ) -- Country: DE | spiegeluntersetzer
Import OK for keyword_id=139402. Inserted 48 ads.
KwId: 205491 | (Sub: ) -- Country: DE | thomas schussel
Import OK for keyword_id=205491. Inserted 48 ads.
KwId: 102854 | (Sub: ) -- Country: DE | heuer front
Import OK for keyword_id=102854. Inserted 48 ads.
KwId: 33688 | (Sub: ) -- Country: DE | ligawo hdmi konverter
Import OK for keyword_id=33688. Inserted 35 ads.
KwId: 120692 | (Sub: ) -- Country: DE | murano medici
Import OK for keyword_id=120692. Inserted 48 ads.
KwId: 131394 | (Sub: ) -- Country: DE | robert b parker
Import OK for keyword_id=131394. Inserted 48 ads.
KwId: 42413 | (Sub: ) -- Country: DE | aeg schnurlos
Import OK for keyword_id=42413. Inserted 48 ads.
KwId: 80841 | (Sub: ) -- Country: DE | bebob
Import OK for keyword_id=80841. Inserted 43 ads.
KwId: 205421 | (Sub: ) -- Country: DE | schlusseletui leder schwarz
Import OK for keyword_id=205421. Inserted 48 ads.
KwId: 205214 | (Sub: ) -- Country: DE | feuerwerk boller
Import OK for keyword_id=205214. Inserted 31 ads.
KwId: 70835 | (Sub: ) -- Country: DE | atech
Import OK for keyword_id=70835. Inserted 48 ads.
KwId: 217083 | (Sub: ) -- Country: DE | lcd wxga bildschirm
Import OK for keyword_id=217083. Inserted 48 ads.
KwId: 209836 | (Sub: ) -- Country: DE | hulsta tv mobel
Import OK for keyword_id=209836. Inserted 18 ads.
KwId: 180817 | (Sub: ) -- Country: DE | zug ticket
Import OK for keyword_id=180817. Inserted 48 ads.
KwId: 187658 | (Sub: ) -- Country: DE | head carver
Import OK for keyword_id=187658. Inserted 48 ads.
KwId: 202599 | (Sub: ) -- Country: DE | segment abkantbank 2m
Skip: <= 5 products in JSON.
Import OK for keyword_id=202599. Inserted 0 ads.
KwId: 141782 | (Sub: ) -- Country: DE | strukturblech
Import OK for keyword_id=141782. Inserted 48 ads.
KwId: 178348 | (Sub: ) -- Country: DE | druckanzeige manometer
Import OK for keyword_id=178348. Inserted 48 ads.
KwId: 168348 | (Sub: ) -- Country: DE | indesit waschmaschine ersatzteile
Import OK for keyword_id=168348. Inserted 48 ads.
KwId: 217340 | (Sub: ) -- Country: DE | passend boe
Import OK for keyword_id=217340. Inserted 48 ads.
KwId: 100080 | (Sub: ) -- Country: DE | grundgesetz 1949
Import OK for keyword_id=100080. Inserted 48 ads.
KwId: 43545 | (Sub: ) -- Country: DE | schwingschleifer defekt
Import OK for keyword_id=43545. Inserted 48 ads.
KwId: 26318 | (Sub: ) -- Country: DE | morris low straight
Import OK for keyword_id=26318. Inserted 48 ads.
KwId: 164856 | (Sub: ) -- Country: DE | regale regalsysteme
Import OK for keyword_id=164856. Inserted 48 ads.
KwId: 185714 | (Sub: ) -- Country: DE | diarahmen glaslos
Import OK for keyword_id=185714. Inserted 48 ads.
KwId: 21476 | (Sub: ) -- Country: DE | timezone fergus
Skip: <= 5 products in JSON.
Import OK for keyword_id=21476. Inserted 3 ads.
KwId: 67330 | (Sub: ) -- Country: DE | hoff interieur
Import OK for keyword_id=67330. Inserted 48 ads.
KwId: 203967 | (Sub: ) -- Country: DE | vw kafer custom
Import OK for keyword_id=203967. Inserted 48 ads.
KwId: 581 | (Sub: ) -- Country: DE | steiff schuhe
Import OK for keyword_id=581. Inserted 43 ads.
KwId: 194117 | (Sub: ) -- Country: DE | karcher k 2 980
Skip: <= 5 products in JSON.
Import OK for keyword_id=194117. Inserted 4 ads.
KwId: 135229 | (Sub: ) -- Country: DE | schoeps mk
Import OK for keyword_id=135229. Inserted 14 ads.
KwId: 43374 | (Sub: ) -- Country: DE | congstar prepaid sim karte
Import OK for keyword_id=43374. Inserted 48 ads.
KwId: 36318 | (Sub: ) -- Country: DE | volvo funkschlussel
Skip: <= 5 products in JSON.
Import OK for keyword_id=36318. Inserted 0 ads.
KwId: 156489 | (Sub: ) -- Country: DE | gussmaschinen
Import OK for keyword_id=156489. Inserted 48 ads.
KwId: 117481 | (Sub: ) -- Country: DE | meerforellen wobbler
Import OK for keyword_id=117481. Inserted 48 ads.
KwId: 123149 | (Sub: ) -- Country: DE | omas kuchenschrank
Import OK for keyword_id=123149. Inserted 22 ads.
KwId: 128742 | (Sub: ) -- Country: DE | quartett mercedes
Import OK for keyword_id=128742. Inserted 48 ads.
KwId: 104015 | (Sub: ) -- Country: DE | honeywell braukmann
Import OK for keyword_id=104015. Inserted 48 ads.
KwId: 165454 | (Sub: ) -- Country: DE | trockenbau schleifen
Import OK for keyword_id=165454. Inserted 48 ads.
KwId: 196474 | (Sub: ) -- Country: DE | ford galaxy alufelgen 16
Import OK for keyword_id=196474. Inserted 48 ads.
KwId: 170221 | (Sub: ) -- Country: DE | monopoly game
Import OK for keyword_id=170221. Inserted 48 ads.
KwId: 30826 | (Sub: ) -- Country: DE | panasonic fernseher plasma
Import OK for keyword_id=30826. Inserted 48 ads.
KwId: 70182 | (Sub: ) -- Country: DE | mandolin fender
Import OK for keyword_id=70182. Inserted 9 ads.
KwId: 153527 | (Sub: ) -- Country: DE | wurth diagnose
Import OK for keyword_id=153527. Inserted 36 ads.
KwId: 206426 | (Sub: ) -- Country: DE | militar figuren 1 72
Import OK for keyword_id=206426. Inserted 48 ads.
KwId: 107913 | (Sub: ) -- Country: DE | kartoffelpflug
Import OK for keyword_id=107913. Inserted 48 ads.
KwId: 141448 | (Sub: ) -- Country: DE | storz b
Import OK for keyword_id=141448. Inserted 48 ads.
KwId: 217948 | (Sub: ) -- Country: DE | glass 1 year
Import OK for keyword_id=217948. Inserted 48 ads.
KwId: 198492 | (Sub: ) -- Country: DE | samsung bd e8300
Import OK for keyword_id=198492. Inserted 34 ads.
KwId: 194363 | (Sub: ) -- Country: DE | wanderer sporttourer
Import OK for keyword_id=194363. Inserted 8 ads.
KwId: 10190 | (Sub: ) -- Country: DE | bohrmaschine defekt
Import OK for keyword_id=10190. Inserted 48 ads.
KwId: 178528 | (Sub: ) -- Country: DE | volvo sattelzugmaschine
Import OK for keyword_id=178528. Inserted 48 ads.
KwId: 205177 | (Sub: ) -- Country: DE | audi a3 8p turverkleidung
Import OK for keyword_id=205177. Inserted 48 ads.
KwId: 58947 | (Sub: ) -- Country: DE | pelzstola
Import OK for keyword_id=58947. Inserted 48 ads.
KwId: 186437 | (Sub: ) -- Country: DE | sling tasche
Import OK for keyword_id=186437. Inserted 48 ads.
KwId: 194789 | (Sub: ) -- Country: DE | hubdach t4
Import OK for keyword_id=194789. Inserted 45 ads.
KwId: 173817 | (Sub: ) -- Country: DE | schwimmbecken garten pool
Import OK for keyword_id=173817. Inserted 48 ads.
KwId: 96969 | (Sub: ) -- Country: DE | gabbeh laufer
Import OK for keyword_id=96969. Inserted 48 ads.
KwId: 26609 | (Sub: ) -- Country: DE | s212 felgen
Import OK for keyword_id=26609. Inserted 48 ads.
KwId: 170569 | (Sub: ) -- Country: DE | einhell akkuschrauber 14 4 li
Skip: <= 5 products in JSON.
Import OK for keyword_id=170569. Inserted 5 ads.
KwId: 88147 | (Sub: ) -- Country: DE | dauercamping
Import OK for keyword_id=88147. Inserted 48 ads.
KwId: 19453 | (Sub: ) -- Country: DE | dell xps m2010
Import OK for keyword_id=19453. Inserted 48 ads.
KwId: 47995 | (Sub: ) -- Country: DE | relax massagegerat
Import OK for keyword_id=47995. Inserted 48 ads.
KwId: 115627 | (Sub: ) -- Country: DE | macbook air 11 i5
Import OK for keyword_id=115627. Inserted 48 ads.
KwId: 86773 | (Sub: ) -- Country: DE | clay paky
Import OK for keyword_id=86773. Inserted 47 ads.
KwId: 64022 | (Sub: ) -- Country: DE | leigh luca
Import OK for keyword_id=64022. Inserted 36 ads.
KwId: 37327 | (Sub: ) -- Country: DE | le coultre memovox
Import OK for keyword_id=37327. Inserted 48 ads.
KwId: 86231 | (Sub: ) -- Country: DE | charge terminal
Import OK for keyword_id=86231. Inserted 48 ads.
KwId: 15439 | (Sub: ) -- Country: DE | nachheizkasten
Import OK for keyword_id=15439. Inserted 48 ads.
KwId: 59088 | (Sub: ) -- Country: DE | schreibtischstuhl kunstleder
Import OK for keyword_id=59088. Inserted 48 ads.
KwId: 211374 | (Sub: ) -- Country: DE | 4 becher stk porzellan
Import OK for keyword_id=211374. Inserted 48 ads.
KwId: 171136 | (Sub: ) -- Country: DE | kunstdruck akt
Import OK for keyword_id=171136. Inserted 48 ads.
KwId: 92174 | (Sub: ) -- Country: DE | elkont
Import OK for keyword_id=92174. Inserted 47 ads.
KwId: 175307 | (Sub: ) -- Country: DE | rothenberger ersatzteile
Import OK for keyword_id=175307. Inserted 48 ads.
KwId: 66529 | (Sub: ) -- Country: DE | haarspange silber
Import OK for keyword_id=66529. Inserted 48 ads.
KwId: 193706 | (Sub: ) -- Country: DE | robin hood kostum
Import OK for keyword_id=193706. Inserted 48 ads.
KwId: 131834 | (Sub: ) -- Country: DE | rollcontainer silber
Import OK for keyword_id=131834. Inserted 48 ads.
KwId: 27766 | (Sub: ) -- Country: DE | hemnes tagesbett weiss
Import OK for keyword_id=27766. Inserted 35 ads.
KwId: 198331 | (Sub: ) -- Country: DE | yamaha quad 450 ersatzteile
Import OK for keyword_id=198331. Inserted 48 ads.
KwId: 14015 | (Sub: ) -- Country: DE | zoom fernglas
Import OK for keyword_id=14015. Inserted 48 ads.
KwId: 105219 | (Sub: ) -- Country: DE | ikea turgriffe
Import OK for keyword_id=105219. Inserted 48 ads.
KwId: 116516 | (Sub: ) -- Country: DE | marklin bogenweiche m gleis
Import OK for keyword_id=116516. Inserted 48 ads.
KwId: 190547 | (Sub: ) -- Country: DE | reiher messing
Import OK for keyword_id=190547. Inserted 48 ads.
KwId: 125124 | (Sub: ) -- Country: DE | perfex
Import OK for keyword_id=125124. Inserted 48 ads.
KwId: 24914 | (Sub: ) -- Country: DE | arte m wohnwand
Import OK for keyword_id=24914. Inserted 48 ads.
KwId: 155965 | (Sub: ) -- Country: DE | roundup
Import OK for keyword_id=155965. Inserted 48 ads.
KwId: 137497 | (Sub: ) -- Country: DE | silhouette plotter
Import OK for keyword_id=137497. Inserted 48 ads.
KwId: 147912 | (Sub: ) -- Country: DE | unwuchtmotor
Import OK for keyword_id=147912. Inserted 48 ads.
KwId: 168043 | (Sub: ) -- Country: DE | maxon getriebe
Import OK for keyword_id=168043. Inserted 48 ads.
KwId: 85657 | (Sub: ) -- Country: DE | caparol farbe
Import OK for keyword_id=85657. Inserted 48 ads.
KwId: 66712 | (Sub: ) -- Country: DE | dainese 52
Import OK for keyword_id=66712. Inserted 48 ads.
KwId: 85805 | (Sub: ) -- Country: DE | carrera tribune
Import OK for keyword_id=85805. Inserted 48 ads.
KwId: 36838 | (Sub: ) -- Country: DE | windrad windgenerator windenergie
Import OK for keyword_id=36838. Inserted 48 ads.
KwId: 73547 | (Sub: ) -- Country: DE | klebebinder
Import OK for keyword_id=73547. Inserted 48 ads.
KwId: 181649 | (Sub: ) -- Country: DE | ktm lc4 radsatz
Import OK for keyword_id=181649. Inserted 48 ads.
KwId: 170871 | (Sub: ) -- Country: DE | tecno pro ice skates
Skip: <= 5 products in JSON.
Import OK for keyword_id=170871. Inserted 2 ads.
KwId: 54763 | (Sub: ) -- Country: DE | cordhose grau
Import OK for keyword_id=54763. Inserted 48 ads.
KwId: 75753 | (Sub: ) -- Country: DE | adidas teambag
Import OK for keyword_id=75753. Inserted 48 ads.
KwId: 32770 | (Sub: ) -- Country: DE | fernsehschrank ahorn
Import OK for keyword_id=32770. Inserted 48 ads.
KwId: 119048 | (Sub: ) -- Country: DE | miniphon
Import OK for keyword_id=119048. Inserted 18 ads.
KwId: 163023 | (Sub: ) -- Country: DE | bmw e9 coupe 2800cs
Import OK for keyword_id=163023. Inserted 48 ads.
KwId: 54685 | (Sub: ) -- Country: DE | petit bateau strickjacke
Import OK for keyword_id=54685. Inserted 48 ads.
KwId: 114139 | (Sub: ) -- Country: DE | level one printserver
Import OK for keyword_id=114139. Inserted 24 ads.
KwId: 22398 | (Sub: ) -- Country: DE | zentai suit
Import OK for keyword_id=22398. Inserted 48 ads.
KwId: 82057 | (Sub: ) -- Country: DE | bisgaard spangenschuh
Skip: <= 5 products in JSON.
Import OK for keyword_id=82057. Inserted 4 ads.
KwId: 110124 | (Sub: ) -- Country: DE | kochloffel
Import OK for keyword_id=110124. Inserted 48 ads.
KwId: 43221 | (Sub: ) -- Country: DE | romer fahrradsitz vorne
Import OK for keyword_id=43221. Inserted 9 ads.
KwId: 112975 | (Sub: ) -- Country: DE | lavastein grillwagen
Skip: <= 5 products in JSON.
Import OK for keyword_id=112975. Inserted 3 ads.
KwId: 219138 | (Sub: ) -- Country: DE | diving wet suit
Import OK for keyword_id=219138. Inserted 48 ads.
KwId: 179492 | (Sub: ) -- Country: DE | yamaha r1 drossel
Import OK for keyword_id=179492. Inserted 48 ads.
KwId: 81652 | (Sub: ) -- Country: DE | bibel horbuch
Import OK for keyword_id=81652. Inserted 48 ads.
KwId: 190188 | (Sub: ) -- Country: DE | bucherregal kirsche
Import OK for keyword_id=190188. Inserted 48 ads.
KwId: 202793 | (Sub: ) -- Country: DE | radzierblenden 16 audi a4
Import OK for keyword_id=202793. Inserted 48 ads.
KwId: 222308 | (Sub: ) -- Country: DE | gitarre pedal board
Import OK for keyword_id=222308. Inserted 48 ads.
KwId: 55930 | (Sub: ) -- Country: DE | embryologie
Import OK for keyword_id=55930. Inserted 48 ads.
KwId: 142122 | (Sub: ) -- Country: DE | super 8 color
Import OK for keyword_id=142122. Inserted 48 ads.
KwId: 197329 | (Sub: ) -- Country: DE | tomac
Import OK for keyword_id=197329. Inserted 48 ads.
KwId: 110054 | (Sub: ) -- Country: DE | knuddels smiley
Skip: <= 5 products in JSON.
Import OK for keyword_id=110054. Inserted 3 ads.
KwId: 140863 | (Sub: ) -- Country: DE | steinzeug service
Import OK for keyword_id=140863. Inserted 48 ads.
KwId: 87295 | (Sub: ) -- Country: DE | corsage braun
Import OK for keyword_id=87295. Inserted 48 ads.
KwId: 196676 | (Sub: ) -- Country: DE | korg poly 800
Import OK for keyword_id=196676. Inserted 45 ads.
KwId: 122979 | (Sub: ) -- Country: DE | old holland
Import OK for keyword_id=122979. Inserted 48 ads.
KwId: 186097 | (Sub: ) -- Country: DE | k1200rs lenker
Import OK for keyword_id=186097. Inserted 48 ads.
KwId: 20138 | (Sub: ) -- Country: DE | chevrolet klimakompressor
Import OK for keyword_id=20138. Inserted 48 ads.
KwId: 97229 | (Sub: ) -- Country: DE | gardestiefel bleyer
Import OK for keyword_id=97229. Inserted 26 ads.
KwId: 56975 | (Sub: ) -- Country: DE | magic ball
Import OK for keyword_id=56975. Inserted 48 ads.
KwId: 208891 | (Sub: ) -- Country: DE | nintendo ring fit switch
Import OK for keyword_id=208891. Inserted 48 ads.
KwId: 213718 | (Sub: ) -- Country: DE | 128gb google pixel 5
Import OK for keyword_id=213718. Inserted 48 ads.
KwId: 158750 | (Sub: ) -- Country: DE | digiboard
Import OK for keyword_id=158750. Inserted 48 ads.
KwId: 72374 | (Sub: ) -- Country: DE | ipro dual sim handy
Skip: <= 5 products in JSON.
Import OK for keyword_id=72374. Inserted 4 ads.
KwId: 45195 | (Sub: ) -- Country: DE | delfin delphin
Import OK for keyword_id=45195. Inserted 48 ads.
KwId: 207534 | (Sub: ) -- Country: DE | schreibtisch buro hochwertig
Import OK for keyword_id=207534. Inserted 48 ads.
KwId: 37356 | (Sub: ) -- Country: DE | ruckleuchte capri
Import OK for keyword_id=37356. Inserted 48 ads.
KwId: 140304 | (Sub: ) -- Country: DE | stanley schraubendreher
Import OK for keyword_id=140304. Inserted 48 ads.
KwId: 91858 | (Sub: ) -- Country: DE | el34 tube
Import OK for keyword_id=91858. Inserted 48 ads.
KwId: 202276 | (Sub: ) -- Country: DE | draco blechschere
Import OK for keyword_id=202276. Inserted 19 ads.
KwId: 211738 | (Sub: ) -- Country: DE | led wandleuchte bopp
Import OK for keyword_id=211738. Inserted 11 ads.
KwId: 220660 | (Sub: ) -- Country: DE | hasselblad lens shade
Import OK for keyword_id=220660. Inserted 48 ads.
KwId: 25052 | (Sub: ) -- Country: DE | ventilschleifpaste
Import OK for keyword_id=25052. Inserted 48 ads.
KwId: 139247 | (Sub: ) -- Country: DE | speedo fastskin
Import OK for keyword_id=139247. Inserted 48 ads.
KwId: 46018 | (Sub: ) -- Country: DE | nikon 70 300 vr
Import OK for keyword_id=46018. Inserted 48 ads.
KwId: 100954 | (Sub: ) -- Country: DE | halti braun
Import OK for keyword_id=100954. Inserted 22 ads.
KwId: 197011 | (Sub: ) -- Country: DE | rapido t
Import OK for keyword_id=197011. Inserted 48 ads.
KwId: 85331 | (Sub: ) -- Country: DE | byron katie
Import OK for keyword_id=85331. Inserted 48 ads.
KwId: 133403 | (Sub: ) -- Country: DE | sancho stiefeletten
Import OK for keyword_id=133403. Inserted 24 ads.
KwId: 157349 | (Sub: ) -- Country: DE | lilion mantel
Import OK for keyword_id=157349. Inserted 48 ads.
KwId: 167896 | (Sub: ) -- Country: DE | deuter trolley rucksack
Import OK for keyword_id=167896. Inserted 24 ads.
KwId: 92905 | (Sub: ) -- Country: DE | espressokocher elektrisch
Import OK for keyword_id=92905. Inserted 48 ads.
KwId: 222094 | (Sub: ) -- Country: DE | beosound beolab beocenter
Import OK for keyword_id=222094. Inserted 11 ads.
KwId: 83825 | (Sub: ) -- Country: DE | boxsack fullung
Import OK for keyword_id=83825. Inserted 48 ads.
KwId: 35264 | (Sub: ) -- Country: DE | smartbook defekt
Import OK for keyword_id=35264. Inserted 18 ads.
KwId: 196369 | (Sub: ) -- Country: DE | digitech digi delay
Import OK for keyword_id=196369. Inserted 8 ads.
KwId: 84337 | (Sub: ) -- Country: DE | brigitte paetsch
Import OK for keyword_id=84337. Inserted 37 ads.
KwId: 216038 | (Sub: ) -- Country: DE | echt 14k weiss
Import OK for keyword_id=216038. Inserted 48 ads.
KwId: 90118 | (Sub: ) -- Country: DE | drehaschenbecher
Import OK for keyword_id=90118. Inserted 48 ads.
KwId: 181228 | (Sub: ) -- Country: DE | essigreiniger
Import OK for keyword_id=181228. Inserted 48 ads.
KwId: 40405 | (Sub: ) -- Country: DE | hampton mercier
Import OK for keyword_id=40405. Inserted 48 ads.
KwId: 223336 | (Sub: ) -- Country: DE | kinder trolley reisetasche
Import OK for keyword_id=223336. Inserted 48 ads.
KwId: 164882 | (Sub: ) -- Country: DE | schrank pinie massiv
Import OK for keyword_id=164882. Inserted 48 ads.
KwId: 12354 | (Sub: ) -- Country: DE | radios radiorecorder
Import OK for keyword_id=12354. Inserted 48 ads.
KwId: 102132 | (Sub: ) -- Country: DE | heilige elisabeth
Import OK for keyword_id=102132. Inserted 48 ads.
KwId: 72976 | (Sub: ) -- Country: DE | e46 radio navi
Import OK for keyword_id=72976. Inserted 48 ads.
KwId: 197983 | (Sub: ) -- Country: DE | qwstion tote
Skip: <= 5 products in JSON.
Import OK for keyword_id=197983. Inserted 1 ads.
KwId: 90848 | (Sub: ) -- Country: DE | dusyma
Import OK for keyword_id=90848. Inserted 42 ads.
KwId: 182919 | (Sub: ) -- Country: DE | adidas sds
Skip: <= 5 products in JSON.
Import OK for keyword_id=182919. Inserted 4 ads.
KwId: 204809 | (Sub: ) -- Country: DE | sitzbank ruckenlehne gepolstert
Import OK for keyword_id=204809. Inserted 48 ads.
KwId: 91025 | (Sub: ) -- Country: DE | eames filz
Import OK for keyword_id=91025. Inserted 23 ads.
KwId: 158459 | (Sub: ) -- Country: DE | h p lovecraft
Import OK for keyword_id=158459. Inserted 48 ads.
KwId: 176393 | (Sub: ) -- Country: DE | somfy keasy l handsender
Import OK for keyword_id=176393. Inserted 26 ads.
KwId: 171004 | (Sub: ) -- Country: DE | wolle katalog
Import OK for keyword_id=171004. Inserted 48 ads.
KwId: 85135 | (Sub: ) -- Country: DE | burton clash
Import OK for keyword_id=85135. Inserted 25 ads.
KwId: 104562 | (Sub: ) -- Country: DE | hundegeschirr xs
Import OK for keyword_id=104562. Inserted 48 ads.
KwId: 181341 | (Sub: ) -- Country: DE | audi s4 3 0 tfsi
Import OK for keyword_id=181341. Inserted 48 ads.
KwId: 124023 | (Sub: ) -- Country: DE | paco rabanne lady million
Import OK for keyword_id=124023. Inserted 48 ads.
KwId: 29925 | (Sub: ) -- Country: DE | kofferraum feder
Import OK for keyword_id=29925. Inserted 48 ads.
KwId: 210906 | (Sub: ) -- Country: DE | set artemio jbl
Import OK for keyword_id=210906. Inserted 41 ads.
KwId: 181504 | (Sub: ) -- Country: DE | yamaha 595
Import OK for keyword_id=181504. Inserted 48 ads.
KwId: 216200 | (Sub: ) -- Country: DE | abstrakt kunstdruck bilder
Import OK for keyword_id=216200. Inserted 48 ads.
KwId: 32265 | (Sub: ) -- Country: DE | lampe hangend
Import OK for keyword_id=32265. Inserted 48 ads.
KwId: 154264 | (Sub: ) -- Country: DE | zanussi spulmaschine
Import OK for keyword_id=154264. Inserted 48 ads.
KwId: 46232 | (Sub: ) -- Country: DE | atlas standmodell
Import OK for keyword_id=46232. Inserted 48 ads.
KwId: 198132 | (Sub: ) -- Country: DE | guinot hydradermie lift
Skip: <= 5 products in JSON.
Import OK for keyword_id=198132. Inserted 0 ads.
KwId: 8752 | (Sub: ) -- Country: DE | telefon 612
Import OK for keyword_id=8752. Inserted 48 ads.
KwId: 206097 | (Sub: ) -- Country: DE | propangas zubehor
Import OK for keyword_id=206097. Inserted 48 ads.
KwId: 34433 | (Sub: ) -- Country: DE | objektiv m42 takumar
Import OK for keyword_id=34433. Inserted 48 ads.
KwId: 195982 | (Sub: ) -- Country: DE | schulwandkarte sternenhimmel
Skip: <= 5 products in JSON.
Import OK for keyword_id=195982. Inserted 4 ads.
KwId: 145152 | (Sub: ) -- Country: DE | tischuhr nostalgie
Import OK for keyword_id=145152. Inserted 48 ads.
KwId: 76582 | (Sub: ) -- Country: DE | alte brotschneidemaschinen
Import OK for keyword_id=76582. Inserted 35 ads.
KwId: 130607 | (Sub: ) -- Country: DE | reparaturanleitung ford maverick
Import OK for keyword_id=130607. Inserted 46 ads.
KwId: 110834 | (Sub: ) -- Country: DE | kracht
Import OK for keyword_id=110834. Inserted 48 ads.
KwId: 30995 | (Sub: ) -- Country: DE | nylon kapuze
Import OK for keyword_id=30995. Inserted 48 ads.
KwId: 140529 | (Sub: ) -- Country: DE | steckdose 380 v 16a
Import OK for keyword_id=140529. Inserted 48 ads.
KwId: 168846 | (Sub: ) -- Country: DE | kompressorschalter druckschalter
Import OK for keyword_id=168846. Inserted 48 ads.
KwId: 221868 | (Sub: ) -- Country: DE | the atlas of
Import OK for keyword_id=221868. Inserted 48 ads.
KwId: 138075 | (Sub: ) -- Country: DE | skulptur musiker
Import OK for keyword_id=138075. Inserted 48 ads.
KwId: 124416 | (Sub: ) -- Country: DE | par38
Import OK for keyword_id=124416. Inserted 48 ads.
KwId: 78237 | (Sub: ) -- Country: DE | astra g luftfilterkasten
Import OK for keyword_id=78237. Inserted 48 ads.
KwId: 199053 | (Sub: ) -- Country: DE | nici kissen wolke
Skip: <= 5 products in JSON.
Import OK for keyword_id=199053. Inserted 2 ads.
KwId: 48298 | (Sub: ) -- Country: DE | komplett satz bpz
Import OK for keyword_id=48298. Inserted 48 ads.
KwId: 83641 | (Sub: ) -- Country: DE | bosch ladegerat 24v
Import OK for keyword_id=83641. Inserted 48 ads.
KwId: 48028 | (Sub: ) -- Country: DE | basecap kappe
Import OK for keyword_id=48028. Inserted 48 ads.
KwId: 92419 | (Sub: ) -- Country: DE | energiestab
Import OK for keyword_id=92419. Inserted 48 ads.
KwId: 236423 | (Sub: ) -- Country: DE | munzen russland rubel
Import OK for keyword_id=236423. Inserted 48 ads.
KwId: 184938 | (Sub: ) -- Country: DE | dolce felgen
Import OK for keyword_id=184938. Inserted 48 ads.
KwId: 47378 | (Sub: ) -- Country: DE | d celli
Import OK for keyword_id=47378. Inserted 48 ads.
KwId: 98519 | (Sub: ) -- Country: DE | gigbag
Import OK for keyword_id=98519. Inserted 48 ads.
KwId: 117899 | (Sub: ) -- Country: DE | merida puppe
Import OK for keyword_id=117899. Inserted 48 ads.
KwId: 112594 | (Sub: ) -- Country: DE | lang lang autogramm
Import OK for keyword_id=112594. Inserted 48 ads.
KwId: 171608 | (Sub: ) -- Country: DE | glitzertops
Import OK for keyword_id=171608. Inserted 48 ads.
KwId: 28239 | (Sub: ) -- Country: DE | lack blazer
Import OK for keyword_id=28239. Inserted 48 ads.
KwId: 98270 | (Sub: ) -- Country: DE | gesundheitskissen
Import OK for keyword_id=98270. Inserted 48 ads.
KwId: 92972 | (Sub: ) -- Country: DE | esstisch wenge
Import OK for keyword_id=92972. Inserted 48 ads.
KwId: 77993 | (Sub: ) -- Country: DE | arno mohr
Import OK for keyword_id=77993. Inserted 48 ads.
KwId: 212979 | (Sub: ) -- Country: DE | 201 zundapp s oldtimer
Import OK for keyword_id=212979. Inserted 48 ads.
KwId: 37964 | (Sub: ) -- Country: DE | hp d2560
Import OK for keyword_id=37964. Inserted 48 ads.
KwId: 54672 | (Sub: ) -- Country: DE | mx20
Import OK for keyword_id=54672. Inserted 48 ads.
KwId: 75752 | (Sub: ) -- Country: DE | adidas tasche airliner
Import OK for keyword_id=75752. Inserted 45 ads.
KwId: 132924 | (Sub: ) -- Country: DE | s1000rr tank
Import OK for keyword_id=132924. Inserted 48 ads.
KwId: 159313 | (Sub: ) -- Country: DE | sounddevices
Import OK for keyword_id=159313. Inserted 48 ads.
KwId: 110898 | (Sub: ) -- Country: DE | kramerladen
Import OK for keyword_id=110898. Inserted 48 ads.
KwId: 85434 | (Sub: ) -- Country: DE | calla glas
Import OK for keyword_id=85434. Inserted 48 ads.
KwId: 219293 | (Sub: ) -- Country: DE | 14 tlg komplett set
Import OK for keyword_id=219293. Inserted 48 ads.
KwId: 65275 | (Sub: ) -- Country: DE | vorwerk eb350 defekt
Import OK for keyword_id=65275. Inserted 12 ads.
KwId: 188479 | (Sub: ) -- Country: DE | rahmengenahte herrenschuhe
Import OK for keyword_id=188479. Inserted 48 ads.
KwId: 143834 | (Sub: ) -- Country: DE | telescreen
Import OK for keyword_id=143834. Inserted 48 ads.
KwId: 160417 | (Sub: ) -- Country: DE | 4 wege ventil heizung
Import OK for keyword_id=160417. Inserted 48 ads.
KwId: 43606 | (Sub: ) -- Country: DE | oakley gascan
Import OK for keyword_id=43606. Inserted 48 ads.
KwId: 199957 | (Sub: ) -- Country: DE | papillio florida 37
Import OK for keyword_id=199957. Inserted 8 ads.
KwId: 14711 | (Sub: ) -- Country: DE | g star lynn
Import OK for keyword_id=14711. Inserted 48 ads.
KwId: 95382 | (Sub: ) -- Country: DE | flojet pumpe
Import OK for keyword_id=95382. Inserted 48 ads.
KwId: 215480 | (Sub: ) -- Country: DE | weiss dreh dreh kipp
Import OK for keyword_id=215480. Inserted 48 ads.
KwId: 145040 | (Sub: ) -- Country: DE | tischdekoration tischlaufer
Import OK for keyword_id=145040. Inserted 48 ads.
KwId: 66649 | (Sub: ) -- Country: DE | gartenhocker
Import OK for keyword_id=66649. Inserted 48 ads.
KwId: 31148 | (Sub: ) -- Country: DE | peugeot handschuhfach
Import OK for keyword_id=31148. Inserted 48 ads.
KwId: 112286 | (Sub: ) -- Country: DE | ladungssicherung netz
Import OK for keyword_id=112286. Inserted 48 ads.
KwId: 88822 | (Sub: ) -- Country: DE | depesche horses
Import OK for keyword_id=88822. Inserted 48 ads.
KwId: 173297 | (Sub: ) -- Country: DE | frankfurter bibliothek
Import OK for keyword_id=173297. Inserted 48 ads.
KwId: 105657 | (Sub: ) -- Country: DE | inter mailand wimpel
Import OK for keyword_id=105657. Inserted 48 ads.
KwId: 105288 | (Sub: ) -- Country: DE | imbiss werbung
Import OK for keyword_id=105288. Inserted 48 ads.
KwId: 220677 | (Sub: ) -- Country: DE | fur hause kuche
Import OK for keyword_id=220677. Inserted 48 ads.
KwId: 24038 | (Sub: ) -- Country: DE | topfmanschette
Import OK for keyword_id=24038. Inserted 48 ads.
KwId: 61333 | (Sub: ) -- Country: DE | taucheranzug
Import OK for keyword_id=61333. Inserted 48 ads.
KwId: 28336 | (Sub: ) -- Country: DE | lcd tv sat receiver
Import OK for keyword_id=28336. Inserted 40 ads.
KwId: 187797 | (Sub: ) -- Country: DE | paidi varietta regal
Import OK for keyword_id=187797. Inserted 7 ads.
KwId: 105405 | (Sub: ) -- Country: DE | indische sitzkissen
Import OK for keyword_id=105405. Inserted 48 ads.
KwId: 10666 | (Sub: ) -- Country: DE | timpo soldaten
Import OK for keyword_id=10666. Inserted 48 ads.
KwId: 222296 | (Sub: ) -- Country: DE | hard shell case
Import OK for keyword_id=222296. Inserted 48 ads.
KwId: 20873 | (Sub: ) -- Country: DE | samsung yp t10
Import OK for keyword_id=20873. Inserted 42 ads.
KwId: 111999 | (Sub: ) -- Country: DE | kwb line master
Import OK for keyword_id=111999. Inserted 48 ads.
KwId: 142754 | (Sub: ) -- Country: DE | tafelservice speiseservice
Import OK for keyword_id=142754. Inserted 48 ads.
KwId: 107401 | (Sub: ) -- Country: DE | kaltlichtquelle
Import OK for keyword_id=107401. Inserted 48 ads.
KwId: 95203 | (Sub: ) -- Country: DE | fleischmann p8
Import OK for keyword_id=95203. Inserted 48 ads.
KwId: 60143 | (Sub: ) -- Country: DE | julie c kleid
Import OK for keyword_id=60143. Inserted 48 ads.
KwId: 104272 | (Sub: ) -- Country: DE | hp storageworks
Import OK for keyword_id=104272. Inserted 48 ads.
KwId: 43690 | (Sub: ) -- Country: DE | weihnachtsengel engel
Import OK for keyword_id=43690. Inserted 48 ads.
KwId: 12524 | (Sub: ) -- Country: DE | zippo sammlung
Import OK for keyword_id=12524. Inserted 48 ads.
KwId: 76306 | (Sub: ) -- Country: DE | albert mayer
Import OK for keyword_id=76306. Inserted 48 ads.
KwId: 131395 | (Sub: ) -- Country: DE | robert capa
Import OK for keyword_id=131395. Inserted 48 ads.
KwId: 202664 | (Sub: ) -- Country: DE | snowscooter
Import OK for keyword_id=202664. Inserted 48 ads.
KwId: 12936 | (Sub: ) -- Country: DE | zara oversize
Import OK for keyword_id=12936. Inserted 48 ads.
KwId: 192817 | (Sub: ) -- Country: DE | michelin pilot road 2
Import OK for keyword_id=192817. Inserted 48 ads.
KwId: 128188 | (Sub: ) -- Country: DE | prym druckknopfe
Import OK for keyword_id=128188. Inserted 48 ads.
KwId: 94210 | (Sub: ) -- Country: DE | fensterwischer
Import OK for keyword_id=94210. Inserted 48 ads.
KwId: 64347 | (Sub: ) -- Country: DE | biba xs
Import OK for keyword_id=64347. Inserted 48 ads.
KwId: 111451 | (Sub: ) -- Country: DE | kuchenmaschine knetmaschine
Import OK for keyword_id=111451. Inserted 48 ads.
KwId: 145905 | (Sub: ) -- Country: DE | trampolin sprungtuch 305
Import OK for keyword_id=145905. Inserted 48 ads.
KwId: 140470 | (Sub: ) -- Country: DE | staubbehalterwagen
Skip: <= 5 products in JSON.
Import OK for keyword_id=140470. Inserted 0 ads.
KwId: 112811 | (Sub: ) -- Country: DE | latitude xt2
Import OK for keyword_id=112811. Inserted 48 ads.
KwId: 216592 | (Sub: ) -- Country: DE | elements gold damen
Import OK for keyword_id=216592. Inserted 48 ads.
KwId: 12719 | (Sub: ) -- Country: DE | schal tuch punkte
Import OK for keyword_id=12719. Inserted 48 ads.
KwId: 35277 | (Sub: ) -- Country: DE | uv sauger
Import OK for keyword_id=35277. Inserted 48 ads.
KwId: 75266 | (Sub: ) -- Country: DE | abbruchgreifer
Import OK for keyword_id=75266. Inserted 33 ads.
KwId: 177017 | (Sub: ) -- Country: DE | camel active boots
Import OK for keyword_id=177017. Inserted 48 ads.
KwId: 83013 | (Sub: ) -- Country: DE | bmw travel comfort
Import OK for keyword_id=83013. Inserted 48 ads.
KwId: 99014 | (Sub: ) -- Country: DE | gloockler tasche
Skip: <= 5 products in JSON.
Import OK for keyword_id=99014. Inserted 0 ads.
KwId: 100133 | (Sub: ) -- Country: DE | grundtrager renault megane
Import OK for keyword_id=100133. Inserted 48 ads.
KwId: 152080 | (Sub: ) -- Country: DE | werkzeugkoffer rollen
Import OK for keyword_id=152080. Inserted 48 ads.
KwId: 51705 | (Sub: ) -- Country: DE | ethernet adapter
Import OK for keyword_id=51705. Inserted 48 ads.
KwId: 62390 | (Sub: ) -- Country: DE | scheibengardine stickerei
Import OK for keyword_id=62390. Inserted 48 ads.
KwId: 90337 | (Sub: ) -- Country: DE | drop shot koder
Import OK for keyword_id=90337. Inserted 48 ads.
KwId: 19731 | (Sub: ) -- Country: DE | wolford leggings
Import OK for keyword_id=19731. Inserted 48 ads.
KwId: 212250 | (Sub: ) -- Country: DE | brautkleid cinderella
Import OK for keyword_id=212250. Inserted 48 ads.
KwId: 104583 | (Sub: ) -- Country: DE | hundejacke l
Import OK for keyword_id=104583. Inserted 48 ads.
KwId: 169449 | (Sub: ) -- Country: DE | lanvin taschen
Import OK for keyword_id=169449. Inserted 48 ads.
KwId: 21556 | (Sub: ) -- Country: DE | pelzbommel xxl
Import OK for keyword_id=21556. Inserted 26 ads.
KwId: 184344 | (Sub: ) -- Country: DE | playskool sprechende
Import OK for keyword_id=184344. Inserted 42 ads.
KwId: 140150 | (Sub: ) -- Country: DE | stahlnieten
Import OK for keyword_id=140150. Inserted 48 ads.
KwId: 97980 | (Sub: ) -- Country: DE | gemuseschneider
Import OK for keyword_id=97980. Inserted 48 ads.
KwId: 137822 | (Sub: ) -- Country: DE | sitzbank garten
Import OK for keyword_id=137822. Inserted 48 ads.
KwId: 138533 | (Sub: ) -- Country: DE | solar usb
Import OK for keyword_id=138533. Inserted 48 ads.
KwId: 106401 | (Sub: ) -- Country: DE | jeep wagoneer
Import OK for keyword_id=106401. Inserted 48 ads.
KwId: 32537 | (Sub: ) -- Country: DE | kobold eb 351 elektroburste
Import OK for keyword_id=32537. Inserted 48 ads.
KwId: 19570 | (Sub: ) -- Country: DE | t730
Import OK for keyword_id=19570. Inserted 48 ads.
KwId: 61459 | (Sub: ) -- Country: DE | timberland winterstiefel
Import OK for keyword_id=61459. Inserted 48 ads.
KwId: 3108 | (Sub: ) -- Country: DE | ford 5x108
Import OK for keyword_id=3108. Inserted 48 ads.
KwId: 124909 | (Sub: ) -- Country: DE | pegasus roller gp
Import OK for keyword_id=124909. Inserted 48 ads.
KwId: 205820 | (Sub: ) -- Country: DE | perles oberfrase
Import OK for keyword_id=205820. Inserted 7 ads.
KwId: 128166 | (Sub: ) -- Country: DE | prufpumpe
Import OK for keyword_id=128166. Inserted 48 ads.
KwId: 13364 | (Sub: ) -- Country: DE | edc esprit cargo hose
Import OK for keyword_id=13364. Inserted 48 ads.
KwId: 174949 | (Sub: ) -- Country: DE | motorrad modellbau revell
Import OK for keyword_id=174949. Inserted 48 ads.
KwId: 158664 | (Sub: ) -- Country: DE | winterling bruchmuhlbach
Skip: <= 5 products in JSON.
Import OK for keyword_id=158664. Inserted 0 ads.
KwId: 107092 | (Sub: ) -- Country: DE | kabeltrommel 25m
Import OK for keyword_id=107092. Inserted 48 ads.
KwId: 67820 | (Sub: ) -- Country: DE | kaffee schild
Import OK for keyword_id=67820. Inserted 48 ads.
KwId: 83544 | (Sub: ) -- Country: DE | borussia monchengladbach pin
Import OK for keyword_id=83544. Inserted 48 ads.
KwId: 164538 | (Sub: ) -- Country: DE | malen zeichnen zeitschrift
Import OK for keyword_id=164538. Inserted 48 ads.
KwId: 55886 | (Sub: ) -- Country: DE | dekostoff organza
Import OK for keyword_id=55886. Inserted 48 ads.
KwId: 218840 | (Sub: ) -- Country: DE | video soft fotografie
Import OK for keyword_id=218840. Inserted 48 ads.
KwId: 153315 | (Sub: ) -- Country: DE | wolle kg
Import OK for keyword_id=153315. Inserted 48 ads.
KwId: 113023 | (Sub: ) -- Country: DE | le creuset grillpfanne
Import OK for keyword_id=113023. Inserted 48 ads.
KwId: 54063 | (Sub: ) -- Country: DE | geforce agp
Import OK for keyword_id=54063. Inserted 48 ads.
KwId: 222096 | (Sub: ) -- Country: DE | personen 3 hotel
Import OK for keyword_id=222096. Inserted 48 ads.
KwId: 206843 | (Sub: ) -- Country: DE | kettensage sachs dolmar 100
Import OK for keyword_id=206843. Inserted 48 ads.
KwId: 21453 | (Sub: ) -- Country: DE | al capone hut
Import OK for keyword_id=21453. Inserted 48 ads.
KwId: 53572 | (Sub: ) -- Country: DE | north route
Import OK for keyword_id=53572. Inserted 48 ads.
KwId: 150643 | (Sub: ) -- Country: DE | wanddurchfuhrung
Skip: <= 5 products in JSON.
Import OK for keyword_id=150643. Inserted 1 ads.
KwId: 62672 | (Sub: ) -- Country: DE | mp3 player wasserdicht
Import OK for keyword_id=62672. Inserted 48 ads.
KwId: 77044 | (Sub: ) -- Country: DE | anderle
Import OK for keyword_id=77044. Inserted 48 ads.
KwId: 218464 | (Sub: ) -- Country: DE | gb ddr4 2666
Import OK for keyword_id=218464. Inserted 48 ads.
KwId: 75116 | (Sub: ) -- Country: DE | 70mm impeller
Import OK for keyword_id=75116. Inserted 48 ads.
KwId: 40169 | (Sub: ) -- Country: DE | simson zundung grundplatte
Import OK for keyword_id=40169. Inserted 48 ads.
KwId: 219875 | (Sub: ) -- Country: DE | projector projection lamp
Import OK for keyword_id=219875. Inserted 48 ads.
KwId: 66051 | (Sub: ) -- Country: DE | panasonic cd wechsler
Import OK for keyword_id=66051. Inserted 48 ads.
KwId: 110204 | (Sub: ) -- Country: DE | kohlefilter dunstabzugshaube
Import OK for keyword_id=110204. Inserted 48 ads.
KwId: 96756 | (Sub: ) -- Country: DE | fussball gardine
Import OK for keyword_id=96756. Inserted 48 ads.
KwId: 98655 | (Sub: ) -- Country: DE | gitarrenmechaniken
Import OK for keyword_id=98655. Inserted 48 ads.
KwId: 27505 | (Sub: ) -- Country: DE | jako regenjacke allwetterjacke
Import OK for keyword_id=27505. Inserted 48 ads.
KwId: 132146 | (Sub: ) -- Country: DE | rosenthal chippendale
Import OK for keyword_id=132146. Inserted 48 ads.
KwId: 120778 | (Sub: ) -- Country: DE | mussana sahnemaschine
Import OK for keyword_id=120778. Inserted 30 ads.
KwId: 63558 | (Sub: ) -- Country: DE | panasonic 55
Import OK for keyword_id=63558. Inserted 48 ads.
KwId: 56952 | (Sub: ) -- Country: DE | herrenhemd xxl langarm
Import OK for keyword_id=56952. Inserted 48 ads.
KwId: 145024 | (Sub: ) -- Country: DE | tischdecke richelieu
Import OK for keyword_id=145024. Inserted 48 ads.
KwId: 102482 | (Sub: ) -- Country: DE | hemd 8xl
Import OK for keyword_id=102482. Inserted 48 ads.
KwId: 27300 | (Sub: ) -- Country: DE | kinderlaufrad motorrad
Import OK for keyword_id=27300. Inserted 42 ads.
KwId: 59323 | (Sub: ) -- Country: DE | trachtenjacke 128
Import OK for keyword_id=59323. Inserted 48 ads.
KwId: 79815 | (Sub: ) -- Country: DE | badheizkorper mittelanschluss
Import OK for keyword_id=79815. Inserted 48 ads.
KwId: 204191 | (Sub: ) -- Country: DE | komplettrader skoda fabia
Import OK for keyword_id=204191. Inserted 48 ads.
KwId: 195122 | (Sub: ) -- Country: DE | bmw x1 winterrader
Import OK for keyword_id=195122. Inserted 48 ads.
KwId: 130652 | (Sub: ) -- Country: DE | repertorium
Import OK for keyword_id=130652. Inserted 48 ads.
KwId: 121509 | (Sub: ) -- Country: DE | nespresso box
Import OK for keyword_id=121509. Inserted 48 ads.
KwId: 181221 | (Sub: ) -- Country: DE | motorradreifen dunlop
Import OK for keyword_id=181221. Inserted 48 ads.
KwId: 188696 | (Sub: ) -- Country: DE | heizkissen
Import OK for keyword_id=188696. Inserted 48 ads.
KwId: 127062 | (Sub: ) -- Country: DE | polizei general
Import OK for keyword_id=127062. Inserted 48 ads.
KwId: 75441 | (Sub: ) -- Country: DE | absorber pool
Import OK for keyword_id=75441. Inserted 48 ads.
KwId: 183618 | (Sub: ) -- Country: DE | vezzy 200
Skip: <= 5 products in JSON.
Import OK for keyword_id=183618. Inserted 2 ads.
KwId: 18727 | (Sub: ) -- Country: DE | toilettenpapierhalter holz
Import OK for keyword_id=18727. Inserted 48 ads.
KwId: 66229 | (Sub: ) -- Country: DE | ritzenhoff espressotasse
Import OK for keyword_id=66229. Inserted 48 ads.
KwId: 165058 | (Sub: ) -- Country: DE | bemalte pferde
Import OK for keyword_id=165058. Inserted 48 ads.
KwId: 2350 | (Sub: ) -- Country: DE | nachlass schmuck
Import OK for keyword_id=2350. Inserted 48 ads.
KwId: 35628 | (Sub: ) -- Country: DE | handmixer knethaken
Import OK for keyword_id=35628. Inserted 48 ads.
KwId: 17788 | (Sub: ) -- Country: DE | treibhaus
Import OK for keyword_id=17788. Inserted 48 ads.
KwId: 83055 | (Sub: ) -- Country: DE | bmw x5 motorhaube
Import OK for keyword_id=83055. Inserted 48 ads.
KwId: 198940 | (Sub: ) -- Country: DE | kaltlichtkabel storz
Skip: <= 5 products in JSON.
Import OK for keyword_id=198940. Inserted 5 ads.
KwId: 143063 | (Sub: ) -- Country: DE | tapetenrolle
Import OK for keyword_id=143063. Inserted 48 ads.
KwId: 209029 | (Sub: ) -- Country: DE | ungetragen bomberjacke
Import OK for keyword_id=209029. Inserted 48 ads.
KwId: 109748 | (Sub: ) -- Country: DE | klemmkeile
Import OK for keyword_id=109748. Inserted 48 ads.
KwId: 102198 | (Sub: ) -- Country: DE | heinrich selb
Import OK for keyword_id=102198. Inserted 48 ads.
KwId: 163627 | (Sub: ) -- Country: DE | tandem kinderwagen
Import OK for keyword_id=163627. Inserted 48 ads.
KwId: 51989 | (Sub: ) -- Country: DE | puppen bluse
Import OK for keyword_id=51989. Inserted 48 ads.
KwId: 160351 | (Sub: ) -- Country: DE | silent rack
Import OK for keyword_id=160351. Inserted 48 ads.
KwId: 17215 | (Sub: ) -- Country: DE | e8110
Import OK for keyword_id=17215. Inserted 48 ads.
KwId: 216481 | (Sub: ) -- Country: DE | verdunkelungs rollos velux
Import OK for keyword_id=216481. Inserted 48 ads.
KwId: 219507 | (Sub: ) -- Country: DE | free the tone
Import OK for keyword_id=219507. Inserted 48 ads.
KwId: 15151 | (Sub: ) -- Country: DE | lichtmaschine renault megane
Import OK for keyword_id=15151. Inserted 48 ads.
KwId: 126486 | (Sub: ) -- Country: DE | plastikfiguren
Import OK for keyword_id=126486. Inserted 48 ads.
KwId: 95823 | (Sub: ) -- Country: DE | formel 1 verbrenner
Import OK for keyword_id=95823. Inserted 9 ads.
KwId: 206658 | (Sub: ) -- Country: DE | voigtlander braunschweig
Import OK for keyword_id=206658. Inserted 48 ads.
KwId: 24434 | (Sub: ) -- Country: DE | domus ventures
Import OK for keyword_id=24434. Inserted 37 ads.
KwId: 214659 | (Sub: ) -- Country: DE | oneplus 3t
Import OK for keyword_id=214659. Inserted 48 ads.
KwId: 219018 | (Sub: ) -- Country: DE | skateboard achsen set
Import OK for keyword_id=219018. Inserted 48 ads.
KwId: 140968 | (Sub: ) -- Country: DE | stereomikroskop auflicht
Import OK for keyword_id=140968. Inserted 48 ads.
KwId: 45241 | (Sub: ) -- Country: DE | jack wolfskin travel
Import OK for keyword_id=45241. Inserted 48 ads.
KwId: 121135 | (Sub: ) -- Country: DE | nahrungserganzung
Skip: <= 5 products in JSON.
Import OK for keyword_id=121135. Inserted 2 ads.
KwId: 223479 | (Sub: ) -- Country: DE | mini musical instrument
Import OK for keyword_id=223479. Inserted 48 ads.
KwId: 130746 | (Sub: ) -- Country: DE | retrieverschule
Import OK for keyword_id=130746. Inserted 48 ads.
KwId: 51799 | (Sub: ) -- Country: DE | drehstuhl weiss
Import OK for keyword_id=51799. Inserted 48 ads.
KwId: 104764 | (Sub: ) -- Country: DE | hutablage zug
Import OK for keyword_id=104764. Inserted 48 ads.
KwId: 207681 | (Sub: ) -- Country: DE | klett zeitreise 1
Import OK for keyword_id=207681. Inserted 48 ads.
KwId: 185357 | (Sub: ) -- Country: DE | deko gabel
Import OK for keyword_id=185357. Inserted 48 ads.
KwId: 39311 | (Sub: ) -- Country: DE | yamaha p piano
Import OK for keyword_id=39311. Inserted 48 ads.
KwId: 58378 | (Sub: ) -- Country: DE | ritter flagge
Import OK for keyword_id=58378. Inserted 48 ads.
KwId: 152959 | (Sub: ) -- Country: DE | wischroboter scooba
Import OK for keyword_id=152959. Inserted 6 ads.
KwId: 166952 | (Sub: ) -- Country: DE | rotor uhren
Import OK for keyword_id=166952. Inserted 48 ads.
KwId: 90648 | (Sub: ) -- Country: DE | duncan meter
Import OK for keyword_id=90648. Inserted 14 ads.
KwId: 28534 | (Sub: ) -- Country: DE | stern schlussel
Import OK for keyword_id=28534. Inserted 48 ads.
KwId: 101267 | (Sub: ) -- Country: DE | hangeleuchter kerzen
Import OK for keyword_id=101267. Inserted 48 ads.
KwId: 165577 | (Sub: ) -- Country: DE | unimog u406
Import OK for keyword_id=165577. Inserted 48 ads.
KwId: 123391 | (Sub: ) -- Country: DE | opel kotflugel
Import OK for keyword_id=123391. Inserted 48 ads.
KwId: 112479 | (Sub: ) -- Country: DE | lampenschirmhalter
Import OK for keyword_id=112479. Inserted 48 ads.
KwId: 102130 | (Sub: ) -- Country: DE | heilerziehungspflege
Import OK for keyword_id=102130. Inserted 48 ads.
KwId: 219564 | (Sub: ) -- Country: DE | mini hd screen
Import OK for keyword_id=219564. Inserted 48 ads.
KwId: 155116 | (Sub: ) -- Country: DE | zundapp ks50 tank
Import OK for keyword_id=155116. Inserted 48 ads.
KwId: 64104 | (Sub: ) -- Country: DE | dual sim smartphone
Import OK for keyword_id=64104. Inserted 48 ads.
KwId: 221709 | (Sub: ) -- Country: DE | digital audio processor
Import OK for keyword_id=221709. Inserted 48 ads.
KwId: 207638 | (Sub: ) -- Country: DE | vw t6 transporter lang
Import OK for keyword_id=207638. Inserted 48 ads.
KwId: 141273 | (Sub: ) -- Country: DE | stirnradflaschenzug
Import OK for keyword_id=141273. Inserted 48 ads.
KwId: 171148 | (Sub: ) -- Country: DE | bruyereholz pfeifen
Import OK for keyword_id=171148. Inserted 48 ads.
KwId: 108677 | (Sub: ) -- Country: DE | kettensage koffer
Import OK for keyword_id=108677. Inserted 48 ads.
KwId: 216534 | (Sub: ) -- Country: DE | sandisk extreme pro
Import OK for keyword_id=216534. Inserted 48 ads.
KwId: 36443 | (Sub: ) -- Country: DE | kirschbaum antik
Import OK for keyword_id=36443. Inserted 48 ads.
KwId: 209147 | (Sub: ) -- Country: DE | blackberry priv
Import OK for keyword_id=209147. Inserted 48 ads.
KwId: 126248 | (Sub: ) -- Country: DE | pinselstift
Import OK for keyword_id=126248. Inserted 48 ads.
KwId: 106703 | (Sub: ) -- Country: DE | ju 88 1 32
Import OK for keyword_id=106703. Inserted 48 ads.
KwId: 30715 | (Sub: ) -- Country: DE | stahl halter
Import OK for keyword_id=30715. Inserted 48 ads.
KwId: 157484 | (Sub: ) -- Country: DE | gummistiefel getragen
Import OK for keyword_id=157484. Inserted 48 ads.
KwId: 156338 | (Sub: ) -- Country: DE | chromdiopsid schmuck
Import OK for keyword_id=156338. Inserted 48 ads.
KwId: 206404 | (Sub: ) -- Country: DE | ihc mahwerk ersatzteile
Import OK for keyword_id=206404. Inserted 8 ads.
KwId: 19932 | (Sub: ) -- Country: DE | touareg bremse
Import OK for keyword_id=19932. Inserted 48 ads.
KwId: 137273 | (Sub: ) -- Country: DE | siemens rollhocker
Import OK for keyword_id=137273. Inserted 48 ads.
KwId: 96105 | (Sub: ) -- Country: DE | fraser nageldesign
Import OK for keyword_id=96105. Inserted 48 ads.
KwId: 177210 | (Sub: ) -- Country: DE | sun garden sesselauflage
Import OK for keyword_id=177210. Inserted 48 ads.
KwId: 19103 | (Sub: ) -- Country: DE | ewoks dvd
Import OK for keyword_id=19103. Inserted 48 ads.
KwId: 211787 | (Sub: ) -- Country: DE | feuerschale stahl handarbeit
Import OK for keyword_id=211787. Inserted 48 ads.
KwId: 182512 | (Sub: ) -- Country: DE | liebeskind berlin cosima
Import OK for keyword_id=182512. Inserted 7 ads.
KwId: 130309 | (Sub: ) -- Country: DE | reithelm blau
Import OK for keyword_id=130309. Inserted 48 ads.
KwId: 176810 | (Sub: ) -- Country: DE | windschild bmw f700gs
Import OK for keyword_id=176810. Inserted 48 ads.
KwId: 109965 | (Sub: ) -- Country: DE | kneissl black star
Skip: <= 5 products in JSON.
Import OK for keyword_id=109965. Inserted 1 ads.
KwId: 30597 | (Sub: ) -- Country: DE | tomtom usa kanada
Import OK for keyword_id=30597. Inserted 15 ads.
KwId: 64511 | (Sub: ) -- Country: DE | auto kamera hd
Import OK for keyword_id=64511. Inserted 48 ads.
KwId: 77676 | (Sub: ) -- Country: DE | aquamarin weissgold
Import OK for keyword_id=77676. Inserted 48 ads.
KwId: 157385 | (Sub: ) -- Country: DE | jugendstil hangeschrank
Import OK for keyword_id=157385. Inserted 39 ads.
KwId: 89835 | (Sub: ) -- Country: DE | doppelschaukel
Import OK for keyword_id=89835. Inserted 48 ads.
KwId: 150495 | (Sub: ) -- Country: DE | wald wiese
Import OK for keyword_id=150495. Inserted 48 ads.
KwId: 112261 | (Sub: ) -- Country: DE | ladeneinrichtung spiegel
Import OK for keyword_id=112261. Inserted 48 ads.
KwId: 98434 | (Sub: ) -- Country: DE | ghettoblaster usb
Import OK for keyword_id=98434. Inserted 48 ads.
KwId: 124713 | (Sub: ) -- Country: DE | patrizia pfister
Import OK for keyword_id=124713. Inserted 48 ads.
KwId: 184247 | (Sub: ) -- Country: DE | hereke seide
Import OK for keyword_id=184247. Inserted 48 ads.
*** End of crawl for DE (keywords: 500) | 2026-01-15 13:20:17
