Country passed : com
Crawling of 500 starting
*** Start crawling : 2026-01-15 15:10:19 | MAX KW : 500 | Country : EROWZ
KwId: 53 | (Sub: ) -- Country: EROWZ | poweredge m1000e
Import OK for keyword_id=53. Inserted 48 ads.
KwId: 62 | (Sub: ) -- Country: EROWZ | supermicro twin
Import OK for keyword_id=62. Inserted 48 ads.
KwId: 65 | (Sub: ) -- Country: EROWZ | desktop server
Import OK for keyword_id=65. Inserted 48 ads.
KwId: 67 | (Sub: ) -- Country: EROWZ | cpu server
Import OK for keyword_id=67. Inserted 48 ads.
KwId: 68 | (Sub: ) -- Country: EROWZ | server pc
Import OK for keyword_id=68. Inserted 48 ads.
KwId: 69 | (Sub: ) -- Country: EROWZ | powerful server
Import OK for keyword_id=69. Inserted 48 ads.
KwId: 70 | (Sub: ) -- Country: EROWZ | workstation server
Import OK for keyword_id=70. Inserted 48 ads.
KwId: 72 | (Sub: ) -- Country: EROWZ | networks server
Import OK for keyword_id=72. Inserted 48 ads.
KwId: 75 | (Sub: ) -- Country: EROWZ | windows server pc
Import OK for keyword_id=75. Inserted 48 ads.
KwId: 76 | (Sub: ) -- Country: EROWZ | acer server
Import OK for keyword_id=76. Inserted 48 ads.
KwId: 80 | (Sub: ) -- Country: EROWZ | apc server
Import OK for keyword_id=80. Inserted 48 ads.
KwId: 23 | (Sub: ) -- Country: EROWZ | dell r715
Import OK for keyword_id=23. Inserted 48 ads.
KwId: 113 | (Sub: ) -- Country: EROWZ | microsoft server
Import OK for keyword_id=113. Inserted 48 ads.
KwId: 131 | (Sub: ) -- Country: EROWZ | tp link server
Import OK for keyword_id=131. Inserted 48 ads.
KwId: 66 | (Sub: ) -- Country: EROWZ | intel server
Import OK for keyword_id=66. Inserted 48 ads.
KwId: 73 | (Sub: ) -- Country: EROWZ | windows server standard
Import OK for keyword_id=73. Inserted 48 ads.
KwId: 83 | (Sub: ) -- Country: EROWZ | avaya server
Import OK for keyword_id=83. Inserted 48 ads.
KwId: 93 | (Sub: ) -- Country: EROWZ | d link server
Import OK for keyword_id=93. Inserted 48 ads.
KwId: 29 | (Sub: ) -- Country: EROWZ | dell t110
Import OK for keyword_id=29. Inserted 48 ads.
KwId: 38 | (Sub: ) -- Country: EROWZ | home server
Import OK for keyword_id=38. Inserted 48 ads.
KwId: 40 | (Sub: ) -- Country: EROWZ | hp dl360 g5
Import OK for keyword_id=40. Inserted 48 ads.
KwId: 44 | (Sub: ) -- Country: EROWZ | ibm 8203 e4a
Import OK for keyword_id=44. Inserted 48 ads.
KwId: 28 | (Sub: ) -- Country: EROWZ | dell server lot
Import OK for keyword_id=28. Inserted 48 ads.
KwId: 32 | (Sub: ) -- Country: EROWZ | dell t710
Import OK for keyword_id=32. Inserted 48 ads.
KwId: 35 | (Sub: ) -- Country: EROWZ | esxi server
Import OK for keyword_id=35. Inserted 48 ads.
KwId: 36 | (Sub: ) -- Country: EROWZ | google server
Import OK for keyword_id=36. Inserted 48 ads.
KwId: 37 | (Sub: ) -- Country: EROWZ | gpu server
Import OK for keyword_id=37. Inserted 48 ads.
KwId: 39 | (Sub: ) -- Country: EROWZ | hp dl180 g6
Import OK for keyword_id=39. Inserted 48 ads.
KwId: 42 | (Sub: ) -- Country: EROWZ | hp dl580 server
Import OK for keyword_id=42. Inserted 48 ads.
KwId: 43 | (Sub: ) -- Country: EROWZ | hp proliant dl320
Import OK for keyword_id=43. Inserted 48 ads.
KwId: 46 | (Sub: ) -- Country: EROWZ | ibm x3250
Import OK for keyword_id=46. Inserted 48 ads.
KwId: 48 | (Sub: ) -- Country: EROWZ | ibm x3650
