Country passed : fr
Crawling of 500 starting
*** Start crawling : 2026-01-15 15:00:02 | MAX KW : 500 | Country : FR
KwId: 69 | (Sub: ) -- Country: FR | kitett
Import OK for keyword_id=69. Inserted 6 ads.
KwId: 44983 | (Sub: ) -- Country: FR | manteaux cachemire
Import OK for keyword_id=44983. Inserted 48 ads.
KwId: 27493 | (Sub: ) -- Country: FR | quincaillerie ancienne
Import OK for keyword_id=27493. Inserted 48 ads.
KwId: 147860 | (Sub: ) -- Country: FR | plaques polycarbonate plaques polycarbonate
Import OK for keyword_id=147860. Inserted 48 ads.
KwId: 73766 | (Sub: ) -- Country: FR | tapis om
Import OK for keyword_id=73766. Inserted 48 ads.
KwId: 2265 | (Sub: ) -- Country: FR | outil crochetage
Import OK for keyword_id=2265. Inserted 33 ads.
KwId: 100569 | (Sub: ) -- Country: FR | quad yamaha
Import OK for keyword_id=100569. Inserted 48 ads.
KwId: 31705 | (Sub: ) -- Country: FR | camion renault trucks
Import OK for keyword_id=31705. Inserted 48 ads.
KwId: 199641 | (Sub: ) -- Country: FR | olympus om winder
Import OK for keyword_id=199641. Inserted 38 ads.
KwId: 127960 | (Sub: ) -- Country: FR | condensateur demarrage 20mf
Import OK for keyword_id=127960. Inserted 9 ads.
KwId: 197336 | (Sub: ) -- Country: FR | core black core
Import OK for keyword_id=197336. Inserted 48 ads.
KwId: 5336 | (Sub: ) -- Country: FR | embuscades
Import OK for keyword_id=5336. Inserted 48 ads.
KwId: 89304 | (Sub: ) -- Country: FR | mule kickers
Import OK for keyword_id=89304. Inserted 12 ads.
KwId: 179929 | (Sub: ) -- Country: FR | batterie 640 a
Import OK for keyword_id=179929. Inserted 48 ads.
KwId: 139225 | (Sub: ) -- Country: FR | sector diving
Import OK for keyword_id=139225. Inserted 13 ads.
KwId: 138201 | (Sub: ) -- Country: FR | wiskemann
Import OK for keyword_id=138201. Inserted 48 ads.
KwId: 194521 | (Sub: ) -- Country: FR | hp pavilion envy
Import OK for keyword_id=194521. Inserted 48 ads.
KwId: 134872 | (Sub: ) -- Country: FR | muray 816
Import OK for keyword_id=134872. Inserted 12 ads.
KwId: 26841 | (Sub: ) -- Country: FR | fourreau sangle
Import OK for keyword_id=26841. Inserted 19 ads.
KwId: 187608 | (Sub: ) -- Country: FR | bijou broche plaque or
Import OK for keyword_id=187608. Inserted 48 ads.
KwId: 197593 | (Sub: ) -- Country: FR | joints porte four
Import OK for keyword_id=197593. Inserted 48 ads.
KwId: 147672 | (Sub: ) -- Country: FR | per bao
Skip: <= 5 products in JSON.
Import OK for keyword_id=147672. Inserted 3 ads.
KwId: 143351 | (Sub: ) -- Country: FR | coffre a jouet
Import OK for keyword_id=143351. Inserted 48 ads.
KwId: 34941 | (Sub: ) -- Country: FR | kusmi tea
Import OK for keyword_id=34941. Inserted 39 ads.
KwId: 47122 | (Sub: ) -- Country: FR | horloge programmable
Import OK for keyword_id=47122. Inserted 48 ads.
KwId: 23865 | (Sub: ) -- Country: FR | lego harry potter hagrid
Import OK for keyword_id=23865. Inserted 48 ads.
KwId: 153301 | (Sub: ) -- Country: FR | laine a feutrer
Import OK for keyword_id=153301. Inserted 48 ads.
KwId: 29364 | (Sub: ) -- Country: FR | tube neon osram
Import OK for keyword_id=29364. Inserted 35 ads.
KwId: 65927 | (Sub: ) -- Country: FR | trompette b s
Import OK for keyword_id=65927. Inserted 26 ads.
KwId: 19981 | (Sub: ) -- Country: FR | trousse twilight
Skip: <= 5 products in JSON.
Import OK for keyword_id=19981. Inserted 4 ads.
KwId: 83947 | (Sub: ) -- Country: FR | fleuve noir anticipation
Import OK for keyword_id=83947. Inserted 48 ads.
KwId: 195506 | (Sub: ) -- Country: FR | 2so safety relay
Import OK for keyword_id=195506. Inserted 27 ads.
KwId: 36207 | (Sub: ) -- Country: FR | cuiseur solaire
Skip: <= 5 products in JSON.
Import OK for keyword_id=36207. Inserted 3 ads.
KwId: 116129 | (Sub: ) -- Country: FR | coca cola bouteille alu
Import OK for keyword_id=116129. Inserted 48 ads.
KwId: 129983 | (Sub: ) -- Country: FR | montre wencia
Skip: <= 5 products in JSON.
Import OK for keyword_id=129983. Inserted 3 ads.
KwId: 4707 | (Sub: ) -- Country: FR | wsi 1 50
Import OK for keyword_id=4707. Inserted 48 ads.
KwId: 154960 | (Sub: ) -- Country: FR | buste bowen
Import OK for keyword_id=154960. Inserted 48 ads.
KwId: 3815 | (Sub: ) -- Country: FR | maloine edition
Import OK for keyword_id=3815. Inserted 38 ads.
KwId: 76131 | (Sub: ) -- Country: FR | bateau gil
Import OK for keyword_id=76131. Inserted 38 ads.
KwId: 132325 | (Sub: ) -- Country: FR | nixie clock
Import OK for keyword_id=132325. Inserted 48 ads.
KwId: 146287 | (Sub: ) -- Country: FR | jantes velo ancien
Import OK for keyword_id=146287. Inserted 45 ads.
KwId: 193260 | (Sub: ) -- Country: FR | statue sacre coeur
Import OK for keyword_id=193260. Inserted 48 ads.
KwId: 81231 | (Sub: ) -- Country: FR | aquarium 450
Import OK for keyword_id=81231. Inserted 48 ads.
KwId: 100783 | (Sub: ) -- Country: FR | maitre verrier
Import OK for keyword_id=100783. Inserted 48 ads.
KwId: 14283 | (Sub: ) -- Country: FR | serrure securite portillon
Import OK for keyword_id=14283. Inserted 21 ads.
KwId: 132617 | (Sub: ) -- Country: FR | arme factice
Skip: <= 5 products in JSON.
Import OK for keyword_id=132617. Inserted 4 ads.
KwId: 63253 | (Sub: ) -- Country: FR | nacelle bugaboo
Import OK for keyword_id=63253. Inserted 12 ads.
KwId: 106208 | (Sub: ) -- Country: FR | jouets lansay
Import OK for keyword_id=106208. Inserted 46 ads.
KwId: 148458 | (Sub: ) -- Country: FR | rouleau papier bitume
Skip: <= 5 products in JSON.
Import OK for keyword_id=148458. Inserted 1 ads.
KwId: 12816 | (Sub: ) -- Country: FR | ghe rainforest
Skip: <= 5 products in JSON.
Import OK for keyword_id=12816. Inserted 0 ads.
KwId: 5016 | (Sub: ) -- Country: FR | t rex 700e
Import OK for keyword_id=5016. Inserted 18 ads.
KwId: 18416 | (Sub: ) -- Country: FR | collection camions pompiers
Import OK for keyword_id=18416. Inserted 48 ads.
KwId: 177569 | (Sub: ) -- Country: FR | finitions bois
Import OK for keyword_id=177569. Inserted 48 ads.
KwId: 87557 | (Sub: ) -- Country: FR | bequille moto monobras
Import OK for keyword_id=87557. Inserted 48 ads.
KwId: 115779 | (Sub: ) -- Country: FR | locomotive playmobil western
Skip: <= 5 products in JSON.
Import OK for keyword_id=115779. Inserted 3 ads.
KwId: 166027 | (Sub: ) -- Country: FR | transat tex baby
Skip: <= 5 products in JSON.
Import OK for keyword_id=166027. Inserted 0 ads.
KwId: 97301 | (Sub: ) -- Country: FR | siemens disjoncteur
Import OK for keyword_id=97301. Inserted 48 ads.
KwId: 15904 | (Sub: ) -- Country: FR | daxara
Import OK for keyword_id=15904. Inserted 13 ads.
KwId: 38574 | (Sub: ) -- Country: FR | lustre japonais
Import OK for keyword_id=38574. Inserted 48 ads.
KwId: 152349 | (Sub: ) -- Country: FR | lapin rex nain
Skip: <= 5 products in JSON.
Import OK for keyword_id=152349. Inserted 3 ads.
KwId: 76378 | (Sub: ) -- Country: FR | coffret relais chateaux
Skip: <= 5 products in JSON.
Import OK for keyword_id=76378. Inserted 0 ads.
KwId: 844 | (Sub: ) -- Country: FR | maroquinerie cartier
Import OK for keyword_id=844. Inserted 8 ads.
KwId: 121936 | (Sub: ) -- Country: FR | roue motobecane
Import OK for keyword_id=121936. Inserted 48 ads.
KwId: 33156 | (Sub: ) -- Country: FR | arp minvielle
Skip: <= 5 products in JSON.
Import OK for keyword_id=33156. Inserted 4 ads.
KwId: 43476 | (Sub: ) -- Country: FR | figurines jack pirate
Import OK for keyword_id=43476. Inserted 48 ads.
KwId: 98711 | (Sub: ) -- Country: FR | guitare classique concert
Import OK for keyword_id=98711. Inserted 48 ads.
KwId: 87274 | (Sub: ) -- Country: FR | bruleur gaz
Import OK for keyword_id=87274. Inserted 48 ads.
KwId: 67001 | (Sub: ) -- Country: FR | cache centrale jante
Import OK for keyword_id=67001. Inserted 48 ads.
KwId: 150015 | (Sub: ) -- Country: FR | cashmere
Import OK for keyword_id=150015. Inserted 48 ads.
KwId: 133502 | (Sub: ) -- Country: FR | airless peinture
Import OK for keyword_id=133502. Inserted 48 ads.
KwId: 60703 | (Sub: ) -- Country: FR | delfts boch
Import OK for keyword_id=60703. Inserted 48 ads.
KwId: 169871 | (Sub: ) -- Country: FR | pull fausse fourrure
Import OK for keyword_id=169871. Inserted 48 ads.
KwId: 7803 | (Sub: ) -- Country: FR | alain renoux
Skip: <= 5 products in JSON.
Import OK for keyword_id=7803. Inserted 4 ads.
KwId: 66433 | (Sub: ) -- Country: FR | caravane pliante dur caravane pliante
Skip: <= 5 products in JSON.
Import OK for keyword_id=66433. Inserted 0 ads.
KwId: 110208 | (Sub: ) -- Country: FR | piquets bois
Import OK for keyword_id=110208. Inserted 48 ads.
KwId: 32399 | (Sub: ) -- Country: FR | larcenet blast
Import OK for keyword_id=32399. Inserted 29 ads.
KwId: 135703 | (Sub: ) -- Country: FR | camion bois ancien
Import OK for keyword_id=135703. Inserted 48 ads.
KwId: 70067 | (Sub: ) -- Country: FR | harnais taille s
Import OK for keyword_id=70067. Inserted 48 ads.
KwId: 158465 | (Sub: ) -- Country: FR | paquito lolita noukies
Import OK for keyword_id=158465. Inserted 16 ads.
KwId: 46913 | (Sub: ) -- Country: FR | table chevet annees 60
Import OK for keyword_id=46913. Inserted 48 ads.
KwId: 167982 | (Sub: ) -- Country: FR | ski salomon homme
Import OK for keyword_id=167982. Inserted 48 ads.
KwId: 143821 | (Sub: ) -- Country: FR | astro ccd
Skip: <= 5 products in JSON.
Import OK for keyword_id=143821. Inserted 0 ads.
KwId: 84245 | (Sub: ) -- Country: FR | humminbird sonde
Import OK for keyword_id=84245. Inserted 13 ads.
KwId: 138142 | (Sub: ) -- Country: FR | bracelet poiray
Import OK for keyword_id=138142. Inserted 48 ads.
KwId: 118550 | (Sub: ) -- Country: FR | b9180
Import OK for keyword_id=118550. Inserted 36 ads.
KwId: 181068 | (Sub: ) -- Country: FR | roue secours volvo
Import OK for keyword_id=181068. Inserted 48 ads.
KwId: 40694 | (Sub: ) -- Country: FR | tracteur pony pieces
Import OK for keyword_id=40694. Inserted 6 ads.
KwId: 89376 | (Sub: ) -- Country: FR | haut parleur sonorisation
Import OK for keyword_id=89376. Inserted 48 ads.
KwId: 63147 | (Sub: ) -- Country: FR | fluval shui
Skip: <= 5 products in JSON.
Import OK for keyword_id=63147. Inserted 1 ads.
KwId: 37990 | (Sub: ) -- Country: FR | phonographe pathe diamond
Skip: <= 5 products in JSON.
Import OK for keyword_id=37990. Inserted 5 ads.
KwId: 141810 | (Sub: ) -- Country: FR | flotteur rameau
Skip: <= 5 products in JSON.
Import OK for keyword_id=141810. Inserted 4 ads.
KwId: 15715 | (Sub: ) -- Country: FR | robert kuven
Import OK for keyword_id=15715. Inserted 33 ads.
KwId: 40174 | (Sub: ) -- Country: FR | luminox navy seal
Import OK for keyword_id=40174. Inserted 48 ads.
KwId: 34797 | (Sub: ) -- Country: FR | panier linge ikea
Skip: <= 5 products in JSON.
Import OK for keyword_id=34797. Inserted 5 ads.
KwId: 43763 | (Sub: ) -- Country: FR | table massage solide
Skip: <= 5 products in JSON.
Import OK for keyword_id=43763. Inserted 3 ads.
KwId: 103079 | (Sub: ) -- Country: FR | flash sony
Import OK for keyword_id=103079. Inserted 48 ads.
KwId: 154172 | (Sub: ) -- Country: FR | routard plaque guide
Import OK for keyword_id=154172. Inserted 17 ads.
KwId: 8959 | (Sub: ) -- Country: FR | bulthaup
Import OK for keyword_id=8959. Inserted 13 ads.
KwId: 88163 | (Sub: ) -- Country: FR | kayak gumotex
Skip: <= 5 products in JSON.
Import OK for keyword_id=88163. Inserted 3 ads.
KwId: 120410 | (Sub: ) -- Country: FR | extracteur angel 5500
Skip: <= 5 products in JSON.
Import OK for keyword_id=120410. Inserted 3 ads.
KwId: 154721 | (Sub: ) -- Country: FR | plumes a chapeau anciennes
Import OK for keyword_id=154721. Inserted 37 ads.
KwId: 70267 | (Sub: ) -- Country: FR | tableau bois alsace
Import OK for keyword_id=70267. Inserted 38 ads.
KwId: 123070 | (Sub: ) -- Country: FR | maquis morvan
Skip: <= 5 products in JSON.
Import OK for keyword_id=123070. Inserted 5 ads.
KwId: 46592 | (Sub: ) -- Country: FR | tweeter magnat
Skip: <= 5 products in JSON.
Import OK for keyword_id=46592. Inserted 1 ads.
KwId: 77578 | (Sub: ) -- Country: FR | matelas pliable
Import OK for keyword_id=77578. Inserted 48 ads.
KwId: 37162 | (Sub: ) -- Country: FR | mylene farmer plv
Import OK for keyword_id=37162. Inserted 29 ads.
KwId: 75138 | (Sub: ) -- Country: FR | casier metal roulettes
Skip: <= 5 products in JSON.
Import OK for keyword_id=75138. Inserted 0 ads.
KwId: 21214 | (Sub: ) -- Country: FR | helman
Import OK for keyword_id=21214. Inserted 48 ads.
KwId: 13662 | (Sub: ) -- Country: FR | biere gangloff
Import OK for keyword_id=13662. Inserted 31 ads.
KwId: 116099 | (Sub: ) -- Country: FR | applicateur hotfix
Import OK for keyword_id=116099. Inserted 17 ads.
KwId: 82889 | (Sub: ) -- Country: FR | tour usinage
Import OK for keyword_id=82889. Inserted 48 ads.
KwId: 58921 | (Sub: ) -- Country: FR | comics pocket brulant
Import OK for keyword_id=58921. Inserted 48 ads.
KwId: 198923 | (Sub: ) -- Country: FR | collector xbox 360
Import OK for keyword_id=198923. Inserted 48 ads.
KwId: 27178 | (Sub: ) -- Country: FR | cable pangea
Import OK for keyword_id=27178. Inserted 10 ads.
KwId: 157277 | (Sub: ) -- Country: FR | telecarte 5 unites
Import OK for keyword_id=157277. Inserted 48 ads.
KwId: 157898 | (Sub: ) -- Country: FR | appareil kodak bakelite
Import OK for keyword_id=157898. Inserted 20 ads.
KwId: 75433 | (Sub: ) -- Country: FR | gourde poudre
Import OK for keyword_id=75433. Inserted 32 ads.
KwId: 173065 | (Sub: ) -- Country: FR | philippe katerine
Import OK for keyword_id=173065. Inserted 48 ads.
KwId: 72210 | (Sub: ) -- Country: FR | robinet roca
Import OK for keyword_id=72210. Inserted 13 ads.
KwId: 170797 | (Sub: ) -- Country: FR | huawei p smart 2019
Import OK for keyword_id=170797. Inserted 48 ads.
KwId: 46011 | (Sub: ) -- Country: FR | peugeot 307 chrome
Import OK for keyword_id=46011. Inserted 48 ads.
KwId: 129993 | (Sub: ) -- Country: FR | encre riso hc 5500
Skip: <= 5 products in JSON.
Import OK for keyword_id=129993. Inserted 0 ads.
KwId: 140242 | (Sub: ) -- Country: FR | fresnel bowens
Skip: <= 5 products in JSON.
Import OK for keyword_id=140242. Inserted 4 ads.
KwId: 52495 | (Sub: ) -- Country: FR | tortue steppes
Skip: <= 5 products in JSON.
Import OK for keyword_id=52495. Inserted 2 ads.
KwId: 159974 | (Sub: ) -- Country: FR | julbo masque
Import OK for keyword_id=159974. Inserted 15 ads.
KwId: 112068 | (Sub: ) -- Country: FR | elephant eames
Import OK for keyword_id=112068. Inserted 23 ads.
KwId: 165123 | (Sub: ) -- Country: FR | echappement fiat punto essence
Import OK for keyword_id=165123. Inserted 48 ads.
KwId: 120079 | (Sub: ) -- Country: FR | octopre
Skip: <= 5 products in JSON.
Import OK for keyword_id=120079. Inserted 1 ads.
KwId: 75750 | (Sub: ) -- Country: FR | minolta apo
Import OK for keyword_id=75750. Inserted 46 ads.
KwId: 14267 | (Sub: ) -- Country: FR | poterie ancienne savoie
Import OK for keyword_id=14267. Inserted 48 ads.
KwId: 14024 | (Sub: ) -- Country: FR | gondolo
Import OK for keyword_id=14024. Inserted 48 ads.
KwId: 148098 | (Sub: ) -- Country: FR | poudre resine acrylique
Import OK for keyword_id=148098. Inserted 7 ads.
KwId: 19405 | (Sub: ) -- Country: FR | belzer
Import OK for keyword_id=19405. Inserted 48 ads.
KwId: 36670 | (Sub: ) -- Country: FR | cheville spit
Import OK for keyword_id=36670. Inserted 48 ads.
KwId: 128136 | (Sub: ) -- Country: FR | lu beurre
Import OK for keyword_id=128136. Inserted 48 ads.
KwId: 155324 | (Sub: ) -- Country: FR | hachoir a viande kenwood
Import OK for keyword_id=155324. Inserted 48 ads.
KwId: 150361 | (Sub: ) -- Country: FR | gold starry plume
Import OK for keyword_id=150361. Inserted 39 ads.
KwId: 186008 | (Sub: ) -- Country: FR | veste lin femme
Import OK for keyword_id=186008. Inserted 48 ads.
KwId: 443 | (Sub: ) -- Country: FR | bernanos pleiade
Import OK for keyword_id=443. Inserted 22 ads.
KwId: 10648 | (Sub: ) -- Country: FR | audiophony c30
Skip: <= 5 products in JSON.
Import OK for keyword_id=10648. Inserted 0 ads.
KwId: 75976 | (Sub: ) -- Country: FR | candelabre
Import OK for keyword_id=75976. Inserted 48 ads.
KwId: 73197 | (Sub: ) -- Country: FR | canape welsh
Skip: <= 5 products in JSON.
Import OK for keyword_id=73197. Inserted 0 ads.
KwId: 162300 | (Sub: ) -- Country: FR | fauteuil coiffure enfant
Skip: <= 5 products in JSON.
Import OK for keyword_id=162300. Inserted 3 ads.
KwId: 91650 | (Sub: ) -- Country: FR | moteur 205
Import OK for keyword_id=91650. Inserted 48 ads.
KwId: 6031 | (Sub: ) -- Country: FR | pierre grisot
Skip: <= 5 products in JSON.
Import OK for keyword_id=6031. Inserted 2 ads.
KwId: 88517 | (Sub: ) -- Country: FR | canon sx
Import OK for keyword_id=88517. Inserted 48 ads.
KwId: 47010 | (Sub: ) -- Country: FR | luminarc bleu
Import OK for keyword_id=47010. Inserted 48 ads.
KwId: 111695 | (Sub: ) -- Country: FR | train arriere 306 abs
Import OK for keyword_id=111695. Inserted 10 ads.
KwId: 97539 | (Sub: ) -- Country: FR | rideau saumon
Import OK for keyword_id=97539. Inserted 48 ads.
KwId: 4400 | (Sub: ) -- Country: FR | academique gymnastique
Skip: <= 5 products in JSON.
Import OK for keyword_id=4400. Inserted 2 ads.
KwId: 151791 | (Sub: ) -- Country: FR | presse a livre
Import OK for keyword_id=151791. Inserted 48 ads.
KwId: 119095 | (Sub: ) -- Country: FR | chaise plage pliante
Import OK for keyword_id=119095. Inserted 48 ads.
KwId: 72196 | (Sub: ) -- Country: FR | cafetiere broyeur cafe
Import OK for keyword_id=72196. Inserted 48 ads.
KwId: 125861 | (Sub: ) -- Country: FR | guirlande vintage
Import OK for keyword_id=125861. Inserted 48 ads.
KwId: 62333 | (Sub: ) -- Country: FR | garde corps escalier
Import OK for keyword_id=62333. Inserted 48 ads.
KwId: 53334 | (Sub: ) -- Country: FR | fil cuivre bobinage
Import OK for keyword_id=53334. Inserted 16 ads.
KwId: 38946 | (Sub: ) -- Country: FR | tenaille ancienne
Import OK for keyword_id=38946. Inserted 48 ads.
KwId: 21853 | (Sub: ) -- Country: FR | semprini
Import OK for keyword_id=21853. Inserted 48 ads.
KwId: 118886 | (Sub: ) -- Country: FR | lit camp militaire
Import OK for keyword_id=118886. Inserted 14 ads.
KwId: 132702 | (Sub: ) -- Country: FR | bang olufsen beosound bang
Import OK for keyword_id=132702. Inserted 48 ads.
KwId: 137129 | (Sub: ) -- Country: FR | vestax vci
Import OK for keyword_id=137129. Inserted 15 ads.
KwId: 39122 | (Sub: ) -- Country: FR | jardinieres balcon
Import OK for keyword_id=39122. Inserted 48 ads.
KwId: 38433 | (Sub: ) -- Country: FR | mastic polyester arme
Import OK for keyword_id=38433. Inserted 8 ads.
KwId: 39934 | (Sub: ) -- Country: FR | tableau allah
Import OK for keyword_id=39934. Inserted 11 ads.
KwId: 131832 | (Sub: ) -- Country: FR | webcam philips toucam pro2
Skip: <= 5 products in JSON.
Import OK for keyword_id=131832. Inserted 0 ads.
KwId: 116336 | (Sub: ) -- Country: FR | robe ceremonie habillee mariage
Import OK for keyword_id=116336. Inserted 48 ads.
KwId: 101706 | (Sub: ) -- Country: FR | suzuki 500 rg
Import OK for keyword_id=101706. Inserted 48 ads.
KwId: 167374 | (Sub: ) -- Country: FR | c3 pluriel 1 4 hdi 70
Import OK for keyword_id=167374. Inserted 48 ads.
KwId: 55697 | (Sub: ) -- Country: FR | corps chauffe vaillant
Skip: <= 5 products in JSON.
Import OK for keyword_id=55697. Inserted 1 ads.
KwId: 13086 | (Sub: ) -- Country: FR | piolet petzl
Import OK for keyword_id=13086. Inserted 8 ads.
KwId: 109838 | (Sub: ) -- Country: FR | antenne radio amateur
Import OK for keyword_id=109838. Inserted 48 ads.
KwId: 193892 | (Sub: ) -- Country: FR | moderne design aluminium
Import OK for keyword_id=193892. Inserted 48 ads.
KwId: 152582 | (Sub: ) -- Country: FR | eclipse mitsubishi
Import OK for keyword_id=152582. Inserted 48 ads.
KwId: 118884 | (Sub: ) -- Country: FR | matelas camping
Import OK for keyword_id=118884. Inserted 48 ads.
KwId: 172802 | (Sub: ) -- Country: FR | doudoune jack jones homme
Import OK for keyword_id=172802. Inserted 28 ads.
KwId: 107750 | (Sub: ) -- Country: FR | marbell
Import OK for keyword_id=107750. Inserted 29 ads.
KwId: 96537 | (Sub: ) -- Country: FR | moteur defender
Import OK for keyword_id=96537. Inserted 48 ads.
KwId: 69854 | (Sub: ) -- Country: FR | machine enduit
Import OK for keyword_id=69854. Inserted 42 ads.
KwId: 110191 | (Sub: ) -- Country: FR | casier vin ancien
Import OK for keyword_id=110191. Inserted 48 ads.
KwId: 53257 | (Sub: ) -- Country: FR | jetons anciens bois
Import OK for keyword_id=53257. Inserted 48 ads.
KwId: 32261 | (Sub: ) -- Country: FR | thiry albert
Import OK for keyword_id=32261. Inserted 48 ads.
KwId: 82474 | (Sub: ) -- Country: FR | gang bang
Import OK for keyword_id=82474. Inserted 48 ads.
KwId: 43248 | (Sub: ) -- Country: FR | brosse jean louis david
Skip: <= 5 products in JSON.
Import OK for keyword_id=43248. Inserted 2 ads.
KwId: 178038 | (Sub: ) -- Country: FR | portrait renaud
Import OK for keyword_id=178038. Inserted 45 ads.
KwId: 60 | (Sub: ) -- Country: FR | solex carter
Import OK for keyword_id=60. Inserted 48 ads.
KwId: 83442 | (Sub: ) -- Country: FR | mors etau
Import OK for keyword_id=83442. Inserted 48 ads.
KwId: 136147 | (Sub: ) -- Country: FR | grendizer yamato
Import OK for keyword_id=136147. Inserted 48 ads.
KwId: 53475 | (Sub: ) -- Country: FR | r8g
Import OK for keyword_id=53475. Inserted 48 ads.
KwId: 16907 | (Sub: ) -- Country: FR | butterfly stool
Skip: <= 5 products in JSON.
Import OK for keyword_id=16907. Inserted 4 ads.
KwId: 132312 | (Sub: ) -- Country: FR | tulipes verre forme rose
Import OK for keyword_id=132312. Inserted 40 ads.
KwId: 109555 | (Sub: ) -- Country: FR | pot gres choucroute
Import OK for keyword_id=109555. Inserted 16 ads.
KwId: 69053 | (Sub: ) -- Country: FR | verre abeille
Import OK for keyword_id=69053. Inserted 48 ads.
KwId: 186809 | (Sub: ) -- Country: FR | tracteur same saturno 80
Import OK for keyword_id=186809. Inserted 7 ads.
KwId: 138143 | (Sub: ) -- Country: FR | marden
Import OK for keyword_id=138143. Inserted 48 ads.
KwId: 84707 | (Sub: ) -- Country: FR | copains foret berchet
Import OK for keyword_id=84707. Inserted 21 ads.
KwId: 38520 | (Sub: ) -- Country: FR | shoei multitec
Import OK for keyword_id=38520. Inserted 22 ads.
KwId: 14180 | (Sub: ) -- Country: FR | powercam pro
Skip: <= 5 products in JSON.
Import OK for keyword_id=14180. Inserted 2 ads.
KwId: 199428 | (Sub: ) -- Country: FR | brooks running shoes
Import OK for keyword_id=199428. Inserted 48 ads.
KwId: 56160 | (Sub: ) -- Country: FR | culotte pvc xs
Skip: <= 5 products in JSON.
Import OK for keyword_id=56160. Inserted 4 ads.
KwId: 114539 | (Sub: ) -- Country: FR | carafe vivar
Skip: <= 5 products in JSON.
Import OK for keyword_id=114539. Inserted 5 ads.
KwId: 6231 | (Sub: ) -- Country: FR | ombrelle quinny
Skip: <= 5 products in JSON.
Import OK for keyword_id=6231. Inserted 3 ads.
KwId: 94366 | (Sub: ) -- Country: FR | couteau tire bouchon
Import OK for keyword_id=94366. Inserted 48 ads.
KwId: 62415 | (Sub: ) -- Country: FR | seiko lcd
Import OK for keyword_id=62415. Inserted 48 ads.
KwId: 176334 | (Sub: ) -- Country: FR | paniers epicerie
Import OK for keyword_id=176334. Inserted 48 ads.
KwId: 60894 | (Sub: ) -- Country: FR | scalextric vintage
Import OK for keyword_id=60894. Inserted 48 ads.
KwId: 100748 | (Sub: ) -- Country: FR | meccano constructor
Import OK for keyword_id=100748. Inserted 48 ads.
KwId: 180710 | (Sub: ) -- Country: FR | robe h m 44
Import OK for keyword_id=180710. Inserted 48 ads.
KwId: 131890 | (Sub: ) -- Country: FR | vapozone appareil
Skip: <= 5 products in JSON.
Import OK for keyword_id=131890. Inserted 0 ads.
KwId: 26126 | (Sub: ) -- Country: FR | feuilles d automne partylite
Skip: <= 5 products in JSON.
Import OK for keyword_id=26126. Inserted 2 ads.
KwId: 198879 | (Sub: ) -- Country: FR | plat plaque or
Import OK for keyword_id=198879. Inserted 48 ads.
KwId: 64401 | (Sub: ) -- Country: FR | tatou atlantic
Skip: <= 5 products in JSON.
Import OK for keyword_id=64401. Inserted 4 ads.
KwId: 47241 | (Sub: ) -- Country: FR | ampli park
Skip: <= 5 products in JSON.
Import OK for keyword_id=47241. Inserted 2 ads.
KwId: 142206 | (Sub: ) -- Country: FR | boite bijoux musicale chinoise
Skip: <= 5 products in JSON.
Import OK for keyword_id=142206. Inserted 3 ads.
KwId: 176980 | (Sub: ) -- Country: FR | pull fin caroll
Import OK for keyword_id=176980. Inserted 6 ads.
KwId: 16359 | (Sub: ) -- Country: FR | modelisme cnc
Import OK for keyword_id=16359. Inserted 23 ads.
KwId: 179025 | (Sub: ) -- Country: FR | bureau console blanc
Import OK for keyword_id=179025. Inserted 48 ads.
KwId: 175301 | (Sub: ) -- Country: FR | statue bois
Import OK for keyword_id=175301. Inserted 48 ads.
KwId: 84150 | (Sub: ) -- Country: FR | clarinette ebene
Import OK for keyword_id=84150. Inserted 27 ads.
KwId: 117227 | (Sub: ) -- Country: FR | escabeau pliant bois
Import OK for keyword_id=117227. Inserted 20 ads.
KwId: 106147 | (Sub: ) -- Country: FR | yu gi oh exodia parties
Import OK for keyword_id=106147. Inserted 17 ads.
KwId: 49839 | (Sub: ) -- Country: FR | gsm gateway voip
Skip: <= 5 products in JSON.
Import OK for keyword_id=49839. Inserted 2 ads.
KwId: 85258 | (Sub: ) -- Country: FR | dossard
Import OK for keyword_id=85258. Inserted 48 ads.
KwId: 145797 | (Sub: ) -- Country: FR | etui guitare bois
Import OK for keyword_id=145797. Inserted 48 ads.
KwId: 93659 | (Sub: ) -- Country: FR | meule brosse
Import OK for keyword_id=93659. Inserted 48 ads.
KwId: 77773 | (Sub: ) -- Country: FR | boule attelage mixte
Import OK for keyword_id=77773. Inserted 47 ads.
KwId: 149975 | (Sub: ) -- Country: FR | cache cop copine
Import OK for keyword_id=149975. Inserted 33 ads.
KwId: 131466 | (Sub: ) -- Country: FR | echappement xsara 2l hdi
Skip: <= 5 products in JSON.
Import OK for keyword_id=131466. Inserted 2 ads.
KwId: 85285 | (Sub: ) -- Country: FR | secretaire vintage
Import OK for keyword_id=85285. Inserted 48 ads.
KwId: 27069 | (Sub: ) -- Country: FR | couverture masta
Skip: <= 5 products in JSON.
Import OK for keyword_id=27069. Inserted 0 ads.
KwId: 121477 | (Sub: ) -- Country: FR | chiot griffon nivernais
Skip: <= 5 products in JSON.
Import OK for keyword_id=121477. Inserted 0 ads.
KwId: 61918 | (Sub: ) -- Country: FR | valise diagnostique delphi
Skip: <= 5 products in JSON.
Import OK for keyword_id=61918. Inserted 1 ads.
KwId: 65199 | (Sub: ) -- Country: FR | sac langer bebe confort
Import OK for keyword_id=65199. Inserted 6 ads.
KwId: 80154 | (Sub: ) -- Country: FR | pantalon bootcut femme
Import OK for keyword_id=80154. Inserted 48 ads.
KwId: 217155 | (Sub: ) -- Country: FR | ancienne perceuse colonne
Import OK for keyword_id=217155. Inserted 7 ads.
KwId: 80598 | (Sub: ) -- Country: FR | support baignoire tigex
Skip: <= 5 products in JSON.
Import OK for keyword_id=80598. Inserted 0 ads.
KwId: 65977 | (Sub: ) -- Country: FR | ecusson police
Import OK for keyword_id=65977. Inserted 48 ads.
KwId: 133830 | (Sub: ) -- Country: FR | mcculloch tronconneuse 842
Import OK for keyword_id=133830. Inserted 20 ads.
KwId: 155546 | (Sub: ) -- Country: FR | pelle a gateau ancienne
Import OK for keyword_id=155546. Inserted 48 ads.
KwId: 68893 | (Sub: ) -- Country: FR | support tv ikea
Skip: <= 5 products in JSON.
Import OK for keyword_id=68893. Inserted 2 ads.
KwId: 193764 | (Sub: ) -- Country: FR | services integres routeur
Import OK for keyword_id=193764. Inserted 48 ads.
KwId: 180778 | (Sub: ) -- Country: FR | vetements pailletes
Import OK for keyword_id=180778. Inserted 48 ads.
KwId: 62706 | (Sub: ) -- Country: FR | max verrier verrier
Import OK for keyword_id=62706. Inserted 48 ads.
KwId: 42606 | (Sub: ) -- Country: FR | cardeuse crin
Skip: <= 5 products in JSON.
Import OK for keyword_id=42606. Inserted 0 ads.
KwId: 87073 | (Sub: ) -- Country: FR | tapis endurance
Skip: <= 5 products in JSON.
Import OK for keyword_id=87073. Inserted 5 ads.
KwId: 15671 | (Sub: ) -- Country: FR | capote poilu
Import OK for keyword_id=15671. Inserted 32 ads.
KwId: 119574 | (Sub: ) -- Country: FR | pince nerfs
Skip: <= 5 products in JSON.
Import OK for keyword_id=119574. Inserted 0 ads.
KwId: 107859 | (Sub: ) -- Country: FR | cassole
Import OK for keyword_id=107859. Inserted 28 ads.
KwId: 16879 | (Sub: ) -- Country: FR | gris gabon couple
Skip: <= 5 products in JSON.
Import OK for keyword_id=16879. Inserted 0 ads.
KwId: 131336 | (Sub: ) -- Country: FR | gibbs boite
Import OK for keyword_id=131336. Inserted 48 ads.
KwId: 32757 | (Sub: ) -- Country: FR | tracteur agricole cabine
Import OK for keyword_id=32757. Inserted 48 ads.
KwId: 55395 | (Sub: ) -- Country: FR | town country stickers
Import OK for keyword_id=55395. Inserted 10 ads.
KwId: 44841 | (Sub: ) -- Country: FR | miniatures parfum n 19 chanel
Import OK for keyword_id=44841. Inserted 44 ads.
KwId: 185676 | (Sub: ) -- Country: FR | coffret bu san marino 2006
Skip: <= 5 products in JSON.
Import OK for keyword_id=185676. Inserted 2 ads.
KwId: 9100 | (Sub: ) -- Country: FR | ballon chimie
Import OK for keyword_id=9100. Inserted 31 ads.
KwId: 58871 | (Sub: ) -- Country: FR | nettoyant frein berner
Skip: <= 5 products in JSON.
Import OK for keyword_id=58871. Inserted 0 ads.
KwId: 118148 | (Sub: ) -- Country: FR | fyresdal ikea
Skip: <= 5 products in JSON.
Import OK for keyword_id=118148. Inserted 0 ads.
KwId: 30114 | (Sub: ) -- Country: FR | vaio pieces
Import OK for keyword_id=30114. Inserted 48 ads.
KwId: 186320 | (Sub: ) -- Country: FR | chaise jungle
Import OK for keyword_id=186320. Inserted 7 ads.
KwId: 196773 | (Sub: ) -- Country: FR | 1 2 franc argent
Import OK for keyword_id=196773. Inserted 48 ads.
KwId: 84233 | (Sub: ) -- Country: FR | siege laguna
Import OK for keyword_id=84233. Inserted 48 ads.
KwId: 166386 | (Sub: ) -- Country: FR | feve secco
Import OK for keyword_id=166386. Inserted 6 ads.
KwId: 135388 | (Sub: ) -- Country: FR | pompe hydragas rover
Skip: <= 5 products in JSON.
Import OK for keyword_id=135388. Inserted 0 ads.
KwId: 2268 | (Sub: ) -- Country: FR | grandform spa
Skip: <= 5 products in JSON.
Import OK for keyword_id=2268. Inserted 0 ads.
KwId: 175419 | (Sub: ) -- Country: FR | ktm 250 sx 2015
Import OK for keyword_id=175419. Inserted 48 ads.
KwId: 112666 | (Sub: ) -- Country: FR | john ashley
Import OK for keyword_id=112666. Inserted 48 ads.
KwId: 38920 | (Sub: ) -- Country: FR | montre slava
Import OK for keyword_id=38920. Inserted 48 ads.
KwId: 23835 | (Sub: ) -- Country: FR | meuble coiffeuse baroque
Import OK for keyword_id=23835. Inserted 14 ads.
KwId: 128928 | (Sub: ) -- Country: FR | decoupeur plasma 3 1
Import OK for keyword_id=128928. Inserted 16 ads.
KwId: 179258 | (Sub: ) -- Country: FR | figurines oiseaux
Import OK for keyword_id=179258. Inserted 48 ads.
KwId: 27125 | (Sub: ) -- Country: FR | insanity asylum
Import OK for keyword_id=27125. Inserted 11 ads.
KwId: 171011 | (Sub: ) -- Country: FR | boite pate a modeler
Import OK for keyword_id=171011. Inserted 45 ads.
KwId: 197183 | (Sub: ) -- Country: FR | vide poche ceramique
Import OK for keyword_id=197183. Inserted 48 ads.
KwId: 114661 | (Sub: ) -- Country: FR | creuset fondue
Import OK for keyword_id=114661. Inserted 48 ads.
KwId: 20089 | (Sub: ) -- Country: FR | portugal coq
Import OK for keyword_id=20089. Inserted 48 ads.
KwId: 30552 | (Sub: ) -- Country: FR | dvd catch
Import OK for keyword_id=30552. Inserted 48 ads.
KwId: 149959 | (Sub: ) -- Country: FR | briquet tempete jack daniel s
Import OK for keyword_id=149959. Inserted 6 ads.
KwId: 170289 | (Sub: ) -- Country: FR | microsoft office mac
Import OK for keyword_id=170289. Inserted 48 ads.
KwId: 183773 | (Sub: ) -- Country: FR | dvd people jet set 2
Import OK for keyword_id=183773. Inserted 48 ads.
KwId: 79388 | (Sub: ) -- Country: FR | traineau noel
Import OK for keyword_id=79388. Inserted 48 ads.
KwId: 13152 | (Sub: ) -- Country: FR | mignonette ricard
Import OK for keyword_id=13152. Inserted 33 ads.
KwId: 77180 | (Sub: ) -- Country: FR | etoile ressourcable
Import OK for keyword_id=77180. Inserted 10 ads.
KwId: 3898 | (Sub: ) -- Country: FR | condensateur demarrage seche linge
Import OK for keyword_id=3898. Inserted 48 ads.
KwId: 41534 | (Sub: ) -- Country: FR | polisseuse bijoux
Import OK for keyword_id=41534. Inserted 48 ads.
KwId: 103749 | (Sub: ) -- Country: FR | mini thermos
Import OK for keyword_id=103749. Inserted 38 ads.
KwId: 151814 | (Sub: ) -- Country: FR | ford sierra beguin
Skip: <= 5 products in JSON.
Import OK for keyword_id=151814. Inserted 5 ads.
KwId: 105478 | (Sub: ) -- Country: FR | jackpot
Import OK for keyword_id=105478. Inserted 48 ads.
KwId: 122716 | (Sub: ) -- Country: FR | art deco macassar
Import OK for keyword_id=122716. Inserted 48 ads.
KwId: 6551 | (Sub: ) -- Country: FR | mano ziegler
Import OK for keyword_id=6551. Inserted 11 ads.
KwId: 131624 | (Sub: ) -- Country: FR | jouef tombouctou
Skip: <= 5 products in JSON.
Import OK for keyword_id=131624. Inserted 3 ads.
KwId: 75028 | (Sub: ) -- Country: FR | vase emaille
Import OK for keyword_id=75028. Inserted 48 ads.
KwId: 164063 | (Sub: ) -- Country: FR | stylo argent massif personnalise
Skip: <= 5 products in JSON.
Import OK for keyword_id=164063. Inserted 1 ads.
KwId: 154727 | (Sub: ) -- Country: FR | fraise a plaquette carbure
Import OK for keyword_id=154727. Inserted 7 ads.
KwId: 126733 | (Sub: ) -- Country: FR | caille ble
Skip: <= 5 products in JSON.
Import OK for keyword_id=126733. Inserted 0 ads.
KwId: 188727 | (Sub: ) -- Country: FR | ducati 851 superbike
Import OK for keyword_id=188727. Inserted 48 ads.
KwId: 25739 | (Sub: ) -- Country: FR | tente messager messager
Skip: <= 5 products in JSON.
Import OK for keyword_id=25739. Inserted 1 ads.
KwId: 56908 | (Sub: ) -- Country: FR | ld systems maui 28
Skip: <= 5 products in JSON.
Import OK for keyword_id=56908. Inserted 2 ads.
KwId: 58474 | (Sub: ) -- Country: FR | encrier verre
Import OK for keyword_id=58474. Inserted 48 ads.
KwId: 22840 | (Sub: ) -- Country: FR | sunn shamann
Skip: <= 5 products in JSON.
Import OK for keyword_id=22840. Inserted 2 ads.
KwId: 32085 | (Sub: ) -- Country: FR | tubeuse cigarette
Import OK for keyword_id=32085. Inserted 48 ads.
KwId: 73861 | (Sub: ) -- Country: FR | echappement derbi terra
Import OK for keyword_id=73861. Inserted 48 ads.
KwId: 256850 | (Sub: ) -- Country: FR | insigne chantier de jeunesse
Import OK for keyword_id=256850. Inserted 48 ads.
KwId: 60728 | (Sub: ) -- Country: FR | lego friends ecuries
Skip: <= 5 products in JSON.
Import OK for keyword_id=60728. Inserted 3 ads.
KwId: 7338 | (Sub: ) -- Country: FR | elephant porte bougie
Import OK for keyword_id=7338. Inserted 46 ads.
KwId: 131339 | (Sub: ) -- Country: FR | electrificateur joules
Import OK for keyword_id=131339. Inserted 6 ads.
KwId: 17920 | (Sub: ) -- Country: FR | starlux indiens cowboy
Import OK for keyword_id=17920. Inserted 48 ads.
KwId: 69706 | (Sub: ) -- Country: FR | robe latine
Import OK for keyword_id=69706. Inserted 48 ads.
KwId: 78039 | (Sub: ) -- Country: FR | solarium
Import OK for keyword_id=78039. Inserted 48 ads.
KwId: 62370 | (Sub: ) -- Country: FR | casque icon
Import OK for keyword_id=62370. Inserted 48 ads.
KwId: 26120 | (Sub: ) -- Country: FR | harnais saxophone
Import OK for keyword_id=26120. Inserted 48 ads.
KwId: 90020 | (Sub: ) -- Country: FR | verseuse krups
Import OK for keyword_id=90020. Inserted 48 ads.
KwId: 114085 | (Sub: ) -- Country: FR | candy polistil
Import OK for keyword_id=114085. Inserted 12 ads.
KwId: 43416 | (Sub: ) -- Country: FR | livre anime interactif
Import OK for keyword_id=43416. Inserted 22 ads.
KwId: 8056 | (Sub: ) -- Country: FR | trim mercury 50
Import OK for keyword_id=8056. Inserted 23 ads.
KwId: 42827 | (Sub: ) -- Country: FR | trx force kit tactical
Skip: <= 5 products in JSON.
Import OK for keyword_id=42827. Inserted 0 ads.
KwId: 81631 | (Sub: ) -- Country: FR | dalle sol mousse
Import OK for keyword_id=81631. Inserted 48 ads.
KwId: 113610 | (Sub: ) -- Country: FR | couteaux marine
Import OK for keyword_id=113610. Inserted 48 ads.
KwId: 111119 | (Sub: ) -- Country: FR | gps gnss
Import OK for keyword_id=111119. Inserted 48 ads.
KwId: 7425 | (Sub: ) -- Country: FR | jifran
Import OK for keyword_id=7425. Inserted 20 ads.
KwId: 145153 | (Sub: ) -- Country: FR | denon 1200
Import OK for keyword_id=145153. Inserted 24 ads.
KwId: 63284 | (Sub: ) -- Country: FR | lustre bronze massif
Import OK for keyword_id=63284. Inserted 48 ads.
KwId: 65175 | (Sub: ) -- Country: FR | batons marche nordique
Import OK for keyword_id=65175. Inserted 48 ads.
KwId: 176901 | (Sub: ) -- Country: FR | filtres fram
Import OK for keyword_id=176901. Inserted 48 ads.
KwId: 77501 | (Sub: ) -- Country: FR | epson 1400
Import OK for keyword_id=77501. Inserted 48 ads.
KwId: 100450 | (Sub: ) -- Country: FR | logitech radio
Import OK for keyword_id=100450. Inserted 48 ads.
KwId: 14444 | (Sub: ) -- Country: FR | roller razor genesys
Skip: <= 5 products in JSON.
Import OK for keyword_id=14444. Inserted 0 ads.
KwId: 98690 | (Sub: ) -- Country: FR | sigma 10 20 ex
Import OK for keyword_id=98690. Inserted 48 ads.
KwId: 36286 | (Sub: ) -- Country: FR | black crows navis
Skip: <= 5 products in JSON.
Import OK for keyword_id=36286. Inserted 2 ads.
KwId: 116362 | (Sub: ) -- Country: FR | etain broc
Import OK for keyword_id=116362. Inserted 48 ads.
KwId: 34558 | (Sub: ) -- Country: FR | moulinet zebco
Import OK for keyword_id=34558. Inserted 48 ads.
KwId: 9256 | (Sub: ) -- Country: FR | epurateur intex
Import OK for keyword_id=9256. Inserted 42 ads.
KwId: 66387 | (Sub: ) -- Country: FR | poissonniere ancienne
Import OK for keyword_id=66387. Inserted 48 ads.
KwId: 43894 | (Sub: ) -- Country: FR | kayak sevylor colorado
Skip: <= 5 products in JSON.
Import OK for keyword_id=43894. Inserted 3 ads.
KwId: 39931 | (Sub: ) -- Country: FR | pouyat
Import OK for keyword_id=39931. Inserted 48 ads.
KwId: 119468 | (Sub: ) -- Country: FR | trivial pursuit master
Import OK for keyword_id=119468. Inserted 31 ads.
KwId: 49166 | (Sub: ) -- Country: FR | ultraflex fr
Skip: <= 5 products in JSON.
Import OK for keyword_id=49166. Inserted 0 ads.
KwId: 15320 | (Sub: ) -- Country: FR | vaporisateur kid
Import OK for keyword_id=15320. Inserted 16 ads.
KwId: 144312 | (Sub: ) -- Country: FR | bouilloire villeroy boch bouilloire boch
Import OK for keyword_id=144312. Inserted 7 ads.
KwId: 52718 | (Sub: ) -- Country: FR | valerie daniel
Import OK for keyword_id=52718. Inserted 48 ads.
KwId: 11761 | (Sub: ) -- Country: FR | tirelire mickey
Import OK for keyword_id=11761. Inserted 48 ads.
KwId: 135589 | (Sub: ) -- Country: FR | swarovski nirvana
Skip: <= 5 products in JSON.
Import OK for keyword_id=135589. Inserted 3 ads.
KwId: 80994 | (Sub: ) -- Country: FR | tableau akoun
Import OK for keyword_id=80994. Inserted 48 ads.
KwId: 36974 | (Sub: ) -- Country: FR | memorial charles gaulle
Import OK for keyword_id=36974. Inserted 48 ads.
KwId: 172990 | (Sub: ) -- Country: FR | sumer andre parrot
Import OK for keyword_id=172990. Inserted 42 ads.
KwId: 195105 | (Sub: ) -- Country: FR | ancien statuette africaine
Import OK for keyword_id=195105. Inserted 48 ads.
KwId: 103496 | (Sub: ) -- Country: FR | tableau relief
Import OK for keyword_id=103496. Inserted 48 ads.
KwId: 123474 | (Sub: ) -- Country: FR | heidi swapp
Import OK for keyword_id=123474. Inserted 12 ads.
KwId: 158326 | (Sub: ) -- Country: FR | aspirateur aquarium sac
Skip: <= 5 products in JSON.
Import OK for keyword_id=158326. Inserted 1 ads.
KwId: 108917 | (Sub: ) -- Country: FR | super angulon schneider
Import OK for keyword_id=108917. Inserted 48 ads.
KwId: 99616 | (Sub: ) -- Country: FR | machine agricole
Import OK for keyword_id=99616. Inserted 48 ads.
KwId: 79237 | (Sub: ) -- Country: FR | rouleau biais
Import OK for keyword_id=79237. Inserted 30 ads.
KwId: 160609 | (Sub: ) -- Country: FR | grillage voliere canaris canaris
Skip: <= 5 products in JSON.
Import OK for keyword_id=160609. Inserted 0 ads.
KwId: 20315 | (Sub: ) -- Country: FR | evinrude trim
Import OK for keyword_id=20315. Inserted 48 ads.
KwId: 168334 | (Sub: ) -- Country: FR | kinder espagne
Import OK for keyword_id=168334. Inserted 25 ads.
KwId: 164692 | (Sub: ) -- Country: FR | veste moto segura
Import OK for keyword_id=164692. Inserted 48 ads.
KwId: 20218 | (Sub: ) -- Country: FR | prame
Import OK for keyword_id=20218. Inserted 14 ads.
KwId: 115137 | (Sub: ) -- Country: FR | four sauter saveur
Skip: <= 5 products in JSON.
Import OK for keyword_id=115137. Inserted 0 ads.
KwId: 125215 | (Sub: ) -- Country: FR | boutis toile jouy
Skip: <= 5 products in JSON.
Import OK for keyword_id=125215. Inserted 1 ads.
KwId: 29375 | (Sub: ) -- Country: FR | pompe securite manque d eau
Skip: <= 5 products in JSON.
Import OK for keyword_id=29375. Inserted 0 ads.
KwId: 48909 | (Sub: ) -- Country: FR | etabli mecanicien
Import OK for keyword_id=48909. Inserted 8 ads.
KwId: 145578 | (Sub: ) -- Country: FR | fashion royalty erin
Skip: <= 5 products in JSON.
Import OK for keyword_id=145578. Inserted 0 ads.
KwId: 63663 | (Sub: ) -- Country: FR | bouteille plongee paintball
Skip: <= 5 products in JSON.
Import OK for keyword_id=63663. Inserted 0 ads.
KwId: 28866 | (Sub: ) -- Country: FR | lethu plat
Import OK for keyword_id=28866. Inserted 48 ads.
KwId: 84876 | (Sub: ) -- Country: FR | staedtler
Import OK for keyword_id=84876. Inserted 48 ads.
KwId: 49697 | (Sub: ) -- Country: FR | t2m blitz
Import OK for keyword_id=49697. Inserted 6 ads.
KwId: 41938 | (Sub: ) -- Country: FR | plafonnier murano
Import OK for keyword_id=41938. Inserted 48 ads.
KwId: 74478 | (Sub: ) -- Country: FR | aspirateur combine bois lurem
Skip: <= 5 products in JSON.
Import OK for keyword_id=74478. Inserted 0 ads.
KwId: 113768 | (Sub: ) -- Country: FR | mb star
Import OK for keyword_id=113768. Inserted 48 ads.
KwId: 165188 | (Sub: ) -- Country: FR | radio ducretet
Import OK for keyword_id=165188. Inserted 48 ads.
KwId: 151962 | (Sub: ) -- Country: FR | vieillard argent
Import OK for keyword_id=151962. Inserted 48 ads.
KwId: 196170 | (Sub: ) -- Country: FR | sculpture statue resine
Import OK for keyword_id=196170. Inserted 48 ads.
KwId: 184001 | (Sub: ) -- Country: FR | pantalon pyjamas
Import OK for keyword_id=184001. Inserted 48 ads.
KwId: 53872 | (Sub: ) -- Country: FR | cinemizer
Skip: <= 5 products in JSON.
Import OK for keyword_id=53872. Inserted 2 ads.
KwId: 9748 | (Sub: ) -- Country: FR | moog source
Skip: <= 5 products in JSON.
Import OK for keyword_id=9748. Inserted 5 ads.
KwId: 59505 | (Sub: ) -- Country: FR | expresso riviera bar
Import OK for keyword_id=59505. Inserted 19 ads.
KwId: 72029 | (Sub: ) -- Country: FR | voigtlander bessa 667
Skip: <= 5 products in JSON.
Import OK for keyword_id=72029. Inserted 0 ads.
KwId: 151060 | (Sub: ) -- Country: FR | rond serviette argent minerve
Import OK for keyword_id=151060. Inserted 48 ads.
KwId: 36646 | (Sub: ) -- Country: FR | juliet oakley
Import OK for keyword_id=36646. Inserted 48 ads.
KwId: 75904 | (Sub: ) -- Country: FR | piece scooter chinois
Import OK for keyword_id=75904. Inserted 48 ads.
KwId: 15208 | (Sub: ) -- Country: FR | mont blanc proust
Skip: <= 5 products in JSON.
Import OK for keyword_id=15208. Inserted 4 ads.
KwId: 183645 | (Sub: ) -- Country: FR | missel sainte jeanne d arc
Import OK for keyword_id=183645. Inserted 10 ads.
KwId: 178862 | (Sub: ) -- Country: FR | integrale breaking bad dvd
Import OK for keyword_id=178862. Inserted 45 ads.
KwId: 88319 | (Sub: ) -- Country: FR | lampe hps
Import OK for keyword_id=88319. Inserted 48 ads.
KwId: 166163 | (Sub: ) -- Country: FR | velo demi course velo demi
Import OK for keyword_id=166163. Inserted 23 ads.
KwId: 148548 | (Sub: ) -- Country: FR | scooter 50cc scooter 50cc
Import OK for keyword_id=148548. Inserted 48 ads.
KwId: 134412 | (Sub: ) -- Country: FR | seiko sportsmatic
Import OK for keyword_id=134412. Inserted 48 ads.
KwId: 156396 | (Sub: ) -- Country: FR | auvent taille i
Skip: <= 5 products in JSON.
Import OK for keyword_id=156396. Inserted 0 ads.
KwId: 6323 | (Sub: ) -- Country: FR | king kong peluche
Skip: <= 5 products in JSON.
Import OK for keyword_id=6323. Inserted 5 ads.
KwId: 85507 | (Sub: ) -- Country: FR | monopoly deal
Import OK for keyword_id=85507. Inserted 40 ads.
KwId: 116794 | (Sub: ) -- Country: FR | ventriloque
Import OK for keyword_id=116794. Inserted 48 ads.
KwId: 2100 | (Sub: ) -- Country: FR | partylite hibou
Skip: <= 5 products in JSON.
Import OK for keyword_id=2100. Inserted 2 ads.
KwId: 54245 | (Sub: ) -- Country: FR | ferme porte groom
Import OK for keyword_id=54245. Inserted 48 ads.
KwId: 125733 | (Sub: ) -- Country: FR | frau canape poltrona
Import OK for keyword_id=125733. Inserted 18 ads.
KwId: 9107 | (Sub: ) -- Country: FR | quimper decor perle
Import OK for keyword_id=9107. Inserted 19 ads.
KwId: 152382 | (Sub: ) -- Country: FR | insert chauffage a bois
Skip: <= 5 products in JSON.
Import OK for keyword_id=152382. Inserted 0 ads.
KwId: 39222 | (Sub: ) -- Country: FR | velo brouette
Import OK for keyword_id=39222. Inserted 25 ads.
KwId: 66531 | (Sub: ) -- Country: FR | objet miniature porcelaine
Import OK for keyword_id=66531. Inserted 48 ads.
KwId: 110244 | (Sub: ) -- Country: FR | chaussure femme doc martens
Import OK for keyword_id=110244. Inserted 16 ads.
KwId: 5103 | (Sub: ) -- Country: FR | faience tressee
Import OK for keyword_id=5103. Inserted 48 ads.
KwId: 118661 | (Sub: ) -- Country: FR | sac tete mort
Import OK for keyword_id=118661. Inserted 48 ads.
KwId: 131685 | (Sub: ) -- Country: FR | daelim daystar reservoir
Import OK for keyword_id=131685. Inserted 17 ads.
KwId: 120524 | (Sub: ) -- Country: FR | biosthetique
Import OK for keyword_id=120524. Inserted 48 ads.
KwId: 138986 | (Sub: ) -- Country: FR | lego 7726
Import OK for keyword_id=138986. Inserted 33 ads.
KwId: 99534 | (Sub: ) -- Country: FR | lunettes motocycliste
Import OK for keyword_id=99534. Inserted 48 ads.
KwId: 21639 | (Sub: ) -- Country: FR | helmut newton taschen
Import OK for keyword_id=21639. Inserted 14 ads.
KwId: 189480 | (Sub: ) -- Country: FR | livres paul feval
Import OK for keyword_id=189480. Inserted 48 ads.
KwId: 140999 | (Sub: ) -- Country: FR | tonerider
Skip: <= 5 products in JSON.
Import OK for keyword_id=140999. Inserted 5 ads.
KwId: 134891 | (Sub: ) -- Country: FR | ruban disney 10mm
Skip: <= 5 products in JSON.
Import OK for keyword_id=134891. Inserted 0 ads.
KwId: 70861 | (Sub: ) -- Country: FR | traceur roland
Import OK for keyword_id=70861. Inserted 46 ads.
KwId: 177391 | (Sub: ) -- Country: FR | guide club vosgien
Import OK for keyword_id=177391. Inserted 21 ads.
KwId: 196297 | (Sub: ) -- Country: FR | usb dc 12v
Import OK for keyword_id=196297. Inserted 48 ads.
KwId: 182548 | (Sub: ) -- Country: FR | clavier 2
Import OK for keyword_id=182548. Inserted 48 ads.
KwId: 154283 | (Sub: ) -- Country: FR | patins a glace 34
Import OK for keyword_id=154283. Inserted 48 ads.
KwId: 179611 | (Sub: ) -- Country: FR | cd the cure
Import OK for keyword_id=179611. Inserted 48 ads.
KwId: 57247 | (Sub: ) -- Country: FR | cadre lumineux anime
Skip: <= 5 products in JSON.
Import OK for keyword_id=57247. Inserted 2 ads.
KwId: 53965 | (Sub: ) -- Country: FR | pichet janot
Import OK for keyword_id=53965. Inserted 26 ads.
KwId: 115785 | (Sub: ) -- Country: FR | asterix attakus bagarre
Skip: <= 5 products in JSON.
Import OK for keyword_id=115785. Inserted 3 ads.
KwId: 158421 | (Sub: ) -- Country: FR | armature serre tunnel armature tunnel
Skip: <= 5 products in JSON.
Import OK for keyword_id=158421. Inserted 1 ads.
KwId: 164492 | (Sub: ) -- Country: FR | baigneur annees baigneur annees
Import OK for keyword_id=164492. Inserted 48 ads.
KwId: 2729 | (Sub: ) -- Country: FR | plymouth cuda
Import OK for keyword_id=2729. Inserted 48 ads.
KwId: 135361 | (Sub: ) -- Country: FR | fil peche 1000m
Import OK for keyword_id=135361. Inserted 48 ads.
KwId: 60739 | (Sub: ) -- Country: FR | equalizer power
Import OK for keyword_id=60739. Inserted 6 ads.
KwId: 127339 | (Sub: ) -- Country: FR | balustres pierre
Import OK for keyword_id=127339. Inserted 6 ads.
KwId: 92272 | (Sub: ) -- Country: FR | locomotive del prado
Import OK for keyword_id=92272. Inserted 48 ads.
KwId: 133917 | (Sub: ) -- Country: FR | sardine ancien boite
Import OK for keyword_id=133917. Inserted 40 ads.
KwId: 99981 | (Sub: ) -- Country: FR | geronimo stilton
Import OK for keyword_id=99981. Inserted 48 ads.
KwId: 101765 | (Sub: ) -- Country: FR | playmobil voleurs egypte
Import OK for keyword_id=101765. Inserted 7 ads.
KwId: 134068 | (Sub: ) -- Country: FR | cadenas sncf
Import OK for keyword_id=134068. Inserted 25 ads.
KwId: 74721 | (Sub: ) -- Country: FR | montre dodane
Import OK for keyword_id=74721. Inserted 48 ads.
KwId: 58844 | (Sub: ) -- Country: FR | couteau pompier
Import OK for keyword_id=58844. Inserted 6 ads.
KwId: 131802 | (Sub: ) -- Country: FR | police vichy
Import OK for keyword_id=131802. Inserted 48 ads.
KwId: 97845 | (Sub: ) -- Country: FR | porte manteau tintin
Import OK for keyword_id=97845. Inserted 12 ads.
KwId: 80823 | (Sub: ) -- Country: FR | miroir whisky
Import OK for keyword_id=80823. Inserted 48 ads.
KwId: 92122 | (Sub: ) -- Country: FR | coussin chaise jardin
Import OK for keyword_id=92122. Inserted 48 ads.
KwId: 37276 | (Sub: ) -- Country: FR | materiel peche ancien
Import OK for keyword_id=37276. Inserted 48 ads.
KwId: 50658 | (Sub: ) -- Country: FR | bamoun
Import OK for keyword_id=50658. Inserted 48 ads.
KwId: 78122 | (Sub: ) -- Country: FR | vintage nylon
Import OK for keyword_id=78122. Inserted 48 ads.
KwId: 85382 | (Sub: ) -- Country: FR | console ps3 3 55
Skip: <= 5 products in JSON.
Import OK for keyword_id=85382. Inserted 1 ads.
KwId: 28453 | (Sub: ) -- Country: FR | tonnelier jabloir
Import OK for keyword_id=28453. Inserted 19 ads.
KwId: 70969 | (Sub: ) -- Country: FR | mares detendeur
Import OK for keyword_id=70969. Inserted 32 ads.
KwId: 67144 | (Sub: ) -- Country: FR | lit bebe scandinave
Skip: <= 5 products in JSON.
Import OK for keyword_id=67144. Inserted 0 ads.
KwId: 49989 | (Sub: ) -- Country: FR | seche serviette chrome
Import OK for keyword_id=49989. Inserted 48 ads.
KwId: 199512 | (Sub: ) -- Country: FR | jeu 4 konami
Import OK for keyword_id=199512. Inserted 48 ads.
KwId: 145566 | (Sub: ) -- Country: FR | falguiere
Import OK for keyword_id=145566. Inserted 48 ads.
KwId: 6202 | (Sub: ) -- Country: FR | eero aarnio puppy
Skip: <= 5 products in JSON.
Import OK for keyword_id=6202. Inserted 4 ads.
KwId: 152819 | (Sub: ) -- Country: FR | queue billard lynx lynx
Import OK for keyword_id=152819. Inserted 21 ads.
KwId: 42010 | (Sub: ) -- Country: FR | costume lmfao
Skip: <= 5 products in JSON.
Import OK for keyword_id=42010. Inserted 0 ads.
KwId: 167086 | (Sub: ) -- Country: FR | sony sel28f20
Import OK for keyword_id=167086. Inserted 10 ads.
KwId: 85528 | (Sub: ) -- Country: FR | coffret lost integrale
Import OK for keyword_id=85528. Inserted 48 ads.
KwId: 198353 | (Sub: ) -- Country: FR | creuses porcelaine limoges
Import OK for keyword_id=198353. Inserted 48 ads.
KwId: 168100 | (Sub: ) -- Country: FR | 5008 2 0 hdi
Import OK for keyword_id=168100. Inserted 48 ads.
KwId: 42921 | (Sub: ) -- Country: FR | bouilloire 12v
Import OK for keyword_id=42921. Inserted 48 ads.
KwId: 115722 | (Sub: ) -- Country: FR | instruments jaeger
Import OK for keyword_id=115722. Inserted 33 ads.
KwId: 35368 | (Sub: ) -- Country: FR | meuble ceruse rose
Skip: <= 5 products in JSON.
Import OK for keyword_id=35368. Inserted 2 ads.
KwId: 102274 | (Sub: ) -- Country: FR | ours marionnaud
Import OK for keyword_id=102274. Inserted 48 ads.
KwId: 114619 | (Sub: ) -- Country: FR | massicot scrapbooking
Import OK for keyword_id=114619. Inserted 48 ads.
KwId: 192789 | (Sub: ) -- Country: FR | gauche opel corsa
Import OK for keyword_id=192789. Inserted 48 ads.
KwId: 202 | (Sub: ) -- Country: FR | bebe savigny
Skip: <= 5 products in JSON.
Import OK for keyword_id=202. Inserted 5 ads.
KwId: 53031 | (Sub: ) -- Country: FR | kit resine renault
Import OK for keyword_id=53031. Inserted 48 ads.
KwId: 15059 | (Sub: ) -- Country: FR | porte char verem
Skip: <= 5 products in JSON.
Import OK for keyword_id=15059. Inserted 2 ads.
KwId: 128283 | (Sub: ) -- Country: FR | classeur muselet
Skip: <= 5 products in JSON.
Import OK for keyword_id=128283. Inserted 3 ads.
KwId: 51521 | (Sub: ) -- Country: FR | tisonnier
Import OK for keyword_id=51521. Inserted 48 ads.
KwId: 79905 | (Sub: ) -- Country: FR | assiette plate digoin
Import OK for keyword_id=79905. Inserted 48 ads.
KwId: 127278 | (Sub: ) -- Country: FR | meuble bouteille gaz
Skip: <= 5 products in JSON.
Import OK for keyword_id=127278. Inserted 1 ads.
KwId: 112784 | (Sub: ) -- Country: FR | banquette arriere 3 places 807 c8 ulysse phedra
Skip: <= 5 products in JSON.
Import OK for keyword_id=112784. Inserted 0 ads.
KwId: 70882 | (Sub: ) -- Country: FR | casquette armani
Import OK for keyword_id=70882. Inserted 22 ads.
KwId: 57486 | (Sub: ) -- Country: FR | tigris mystic
Skip: <= 5 products in JSON.
Import OK for keyword_id=57486. Inserted 0 ads.
KwId: 177339 | (Sub: ) -- Country: FR | asus x552ea
Import OK for keyword_id=177339. Inserted 48 ads.
KwId: 152167 | (Sub: ) -- Country: FR | barbecue a gaz weber
Import OK for keyword_id=152167. Inserted 48 ads.
KwId: 158041 | (Sub: ) -- Country: FR | pare choc 406 pare 406
Import OK for keyword_id=158041. Inserted 48 ads.
KwId: 164998 | (Sub: ) -- Country: FR | bruce lee chateau
Import OK for keyword_id=164998. Inserted 48 ads.
KwId: 1987 | (Sub: ) -- Country: FR | ricard bouteille decapsuleur
Skip: <= 5 products in JSON.
Import OK for keyword_id=1987. Inserted 1 ads.
KwId: 29094 | (Sub: ) -- Country: FR | assiette dejeuner
Import OK for keyword_id=29094. Inserted 48 ads.
KwId: 62310 | (Sub: ) -- Country: FR | rockrider 8 1
Skip: <= 5 products in JSON.
Import OK for keyword_id=62310. Inserted 5 ads.
KwId: 71836 | (Sub: ) -- Country: FR | philips serie 900
Import OK for keyword_id=71836. Inserted 19 ads.
KwId: 141307 | (Sub: ) -- Country: FR | ruche dadant 12 cadres
Skip: <= 5 products in JSON.
Import OK for keyword_id=141307. Inserted 0 ads.
KwId: 88705 | (Sub: ) -- Country: FR | maquillage permanent
Import OK for keyword_id=88705. Inserted 48 ads.
KwId: 170666 | (Sub: ) -- Country: FR | meubles cuisine chene massif
Import OK for keyword_id=170666. Inserted 48 ads.
KwId: 12415 | (Sub: ) -- Country: FR | pinarello campagnolo
Import OK for keyword_id=12415. Inserted 48 ads.
KwId: 76817 | (Sub: ) -- Country: FR | berenguer
Import OK for keyword_id=76817. Inserted 48 ads.
KwId: 33482 | (Sub: ) -- Country: FR | beuchat focea
Import OK for keyword_id=33482. Inserted 7 ads.
KwId: 64773 | (Sub: ) -- Country: FR | chenil chien
Import OK for keyword_id=64773. Inserted 48 ads.
KwId: 106678 | (Sub: ) -- Country: FR | doudou minnie rose
Import OK for keyword_id=106678. Inserted 48 ads.
KwId: 56686 | (Sub: ) -- Country: FR | cafetiere verte
Import OK for keyword_id=56686. Inserted 48 ads.
KwId: 161689 | (Sub: ) -- Country: FR | aquarium chene meuble
Skip: <= 5 products in JSON.
Import OK for keyword_id=161689. Inserted 4 ads.
KwId: 96332 | (Sub: ) -- Country: FR | lampe angelot bronze
Import OK for keyword_id=96332. Inserted 35 ads.
KwId: 116389 | (Sub: ) -- Country: FR | cuissardes minelli
Import OK for keyword_id=116389. Inserted 6 ads.
KwId: 164414 | (Sub: ) -- Country: FR | erisin autoradio
Import OK for keyword_id=164414. Inserted 48 ads.
KwId: 100862 | (Sub: ) -- Country: FR | metro turbo
Import OK for keyword_id=100862. Inserted 48 ads.
KwId: 25858 | (Sub: ) -- Country: FR | playmobil 4209
Import OK for keyword_id=25858. Inserted 37 ads.
KwId: 160448 | (Sub: ) -- Country: FR | givi easy lock
Skip: <= 5 products in JSON.
Import OK for keyword_id=160448. Inserted 5 ads.
KwId: 182237 | (Sub: ) -- Country: FR | cacatoes a huppe jaune
Import OK for keyword_id=182237. Inserted 11 ads.
KwId: 29541 | (Sub: ) -- Country: FR | rideau lamelles
Import OK for keyword_id=29541. Inserted 38 ads.
KwId: 152848 | (Sub: ) -- Country: FR | cuir a affuter
Import OK for keyword_id=152848. Inserted 19 ads.
KwId: 99 | (Sub: ) -- Country: FR | westvleteren
Import OK for keyword_id=99. Inserted 25 ads.
KwId: 198484 | (Sub: ) -- Country: FR | thermostat 6 positions
Import OK for keyword_id=198484. Inserted 7 ads.
KwId: 124920 | (Sub: ) -- Country: FR | sampler akai s20
Skip: <= 5 products in JSON.
Import OK for keyword_id=124920. Inserted 0 ads.
KwId: 49247 | (Sub: ) -- Country: FR | voiture piko
Import OK for keyword_id=49247. Inserted 48 ads.
KwId: 199267 | (Sub: ) -- Country: FR | gris video jeu
Import OK for keyword_id=199267. Inserted 44 ads.
KwId: 194002 | (Sub: ) -- Country: FR | designer decor maison
Import OK for keyword_id=194002. Inserted 48 ads.
KwId: 164129 | (Sub: ) -- Country: FR | butoir porte
Import OK for keyword_id=164129. Inserted 48 ads.
*** End of crawl for FR (keywords: 500) | 2026-01-15 15:06:05
