Country passed : fr
Crawling of 500 starting
*** Start crawling : 2026-01-19 08:55:53 | MAX KW : 500 | SubDomain -- Country : FR
KwId: 50 | (Sub: 1) -- Country: FR | le creuset
Import OK for keyword_id=50. Inserted 48 ads.
KwId: 86 | (Sub: 1) -- Country: FR | baccarat
Import OK for keyword_id=86. Inserted 48 ads.
KwId: 99 | (Sub: 1) -- Country: FR | hario
Import OK for keyword_id=99. Inserted 48 ads.
KwId: 85 | (Sub: 1) -- Country: FR | alessi
Import OK for keyword_id=85. Inserted 48 ads.
KwId: 84 | (Sub: 1) -- Country: FR | stelton
Import OK for keyword_id=84. Inserted 48 ads.
KwId: 82 | (Sub: 1) -- Country: FR | fermob
Import OK for keyword_id=82. Inserted 18 ads.
KwId: 83 | (Sub: 1) -- Country: FR | ligne roset
Import OK for keyword_id=83. Inserted 48 ads.
KwId: 81 | (Sub: 1) -- Country: FR | knoll
Import OK for keyword_id=81. Inserted 48 ads.
KwId: 79 | (Sub: 1) -- Country: FR | vitra
Import OK for keyword_id=79. Inserted 48 ads.
KwId: 80 | (Sub: 1) -- Country: FR | kartell
Import OK for keyword_id=80. Inserted 48 ads.
KwId: 78 | (Sub: 1) -- Country: FR | stahlwille
Import OK for keyword_id=78. Inserted 48 ads.
KwId: 77 | (Sub: 1) -- Country: FR | gedore
Import OK for keyword_id=77. Inserted 48 ads.
KwId: 87 | (Sub: 1) -- Country: FR | lalique
Import OK for keyword_id=87. Inserted 48 ads.
KwId: 88 | (Sub: 1) -- Country: FR | daum
Import OK for keyword_id=88. Inserted 48 ads.
KwId: 98 | (Sub: 1) -- Country: FR | moccamaster
Import OK for keyword_id=98. Inserted 21 ads.
KwId: 96 | (Sub: 1) -- Country: FR | pearl
