Country passed : ie
Crawling of 500 starting
*** Start crawling : 2026-01-15 15:06:05 | MAX KW : 500 | Country : IE
KwId: 55 | (Sub: ) -- Country: IE | petrol chipper shredder
Import OK for keyword_id=55. Inserted 48 ads.
KwId: 42 | (Sub: ) -- Country: IE | tdi tuning box
Import OK for keyword_id=42. Inserted 48 ads.
KwId: 64654 | (Sub: ) -- Country: IE | oak cd cabinet
Import OK for keyword_id=64654. Inserted 48 ads.
KwId: 29718 | (Sub: ) -- Country: IE | ps1 games
Import OK for keyword_id=29718. Inserted 48 ads.
KwId: 55607 | (Sub: ) -- Country: IE | sew flags
Import OK for keyword_id=55607. Inserted 48 ads.
KwId: 58702 | (Sub: ) -- Country: IE | aprillia rs50
Import OK for keyword_id=58702. Inserted 48 ads.
KwId: 4399 | (Sub: ) -- Country: IE | veni infantino size 18
Import OK for keyword_id=4399. Inserted 48 ads.
KwId: 57912 | (Sub: ) -- Country: IE | outwell montana extension
Import OK for keyword_id=57912. Inserted 18 ads.
KwId: 14 | (Sub: ) -- Country: IE | vw passat b6 trim
Import OK for keyword_id=14. Inserted 48 ads.
KwId: 18373 | (Sub: ) -- Country: IE | r134a refrigerant
Import OK for keyword_id=18373. Inserted 48 ads.
KwId: 51087 | (Sub: ) -- Country: IE | silicone rubber moulding
Import OK for keyword_id=51087. Inserted 48 ads.
KwId: 33175 | (Sub: ) -- Country: IE | cast iron skillet
Import OK for keyword_id=33175. Inserted 48 ads.
KwId: 9798 | (Sub: ) -- Country: IE | jim shore
Import OK for keyword_id=9798. Inserted 48 ads.
KwId: 18199 | (Sub: ) -- Country: IE | intercooler pipes
Import OK for keyword_id=18199. Inserted 48 ads.
KwId: 13555 | (Sub: ) -- Country: IE | blazer buttons
Import OK for keyword_id=13555. Inserted 48 ads.
KwId: 39817 | (Sub: ) -- Country: IE | saab convertible wind deflector
Import OK for keyword_id=39817. Inserted 42 ads.
KwId: 19388 | (Sub: ) -- Country: IE | kawasaki kle 500
Import OK for keyword_id=19388. Inserted 48 ads.
KwId: 5335 | (Sub: ) -- Country: IE | projector screen
Import OK for keyword_id=5335. Inserted 48 ads.
KwId: 13734 | (Sub: ) -- Country: IE | panasonic 3d glasses
Import OK for keyword_id=13734. Inserted 48 ads.
KwId: 8586 | (Sub: ) -- Country: IE | crystal door knobs
Import OK for keyword_id=8586. Inserted 48 ads.
KwId: 41748 | (Sub: ) -- Country: IE | yamaha grizzly atv
Import OK for keyword_id=41748. Inserted 48 ads.
KwId: 54840 | (Sub: ) -- Country: IE | volvo 164
Import OK for keyword_id=54840. Inserted 48 ads.
KwId: 53879 | (Sub: ) -- Country: IE | victorian piano stool
Import OK for keyword_id=53879. Inserted 48 ads.
KwId: 53529 | (Sub: ) -- Country: IE | panasonic 42 tv
Import OK for keyword_id=53529. Inserted 48 ads.
KwId: 38504 | (Sub: ) -- Country: IE | aerospoke
Import OK for keyword_id=38504. Inserted 36 ads.
KwId: 18457 | (Sub: ) -- Country: IE | petrol water pump
Import OK for keyword_id=18457. Inserted 48 ads.
KwId: 39722 | (Sub: ) -- Country: IE | suzuki gt250 x7 exhaust
Import OK for keyword_id=39722. Inserted 48 ads.
KwId: 18975 | (Sub: ) -- Country: IE | spice girls dolls
Import OK for keyword_id=18975. Inserted 48 ads.
KwId: 8159 | (Sub: ) -- Country: IE | ice cooler box
Import OK for keyword_id=8159. Inserted 48 ads.
KwId: 14871 | (Sub: ) -- Country: IE | haberdashery cabinet
Import OK for keyword_id=14871. Inserted 48 ads.
KwId: 51111 | (Sub: ) -- Country: IE | double knitting yarn
Import OK for keyword_id=51111. Inserted 48 ads.
KwId: 42533 | (Sub: ) -- Country: IE | mcdonalds happy meal toys
Import OK for keyword_id=42533. Inserted 48 ads.
KwId: 39909 | (Sub: ) -- Country: IE | router sim
Import OK for keyword_id=39909. Inserted 48 ads.
KwId: 44137 | (Sub: ) -- Country: IE | linn knekt
Import OK for keyword_id=44137. Inserted 48 ads.
KwId: 52311 | (Sub: ) -- Country: IE | london taxi
Import OK for keyword_id=52311. Inserted 48 ads.
KwId: 25026 | (Sub: ) -- Country: IE | heras fencing
Import OK for keyword_id=25026. Inserted 48 ads.
KwId: 12763 | (Sub: ) -- Country: IE | tool trolley
Import OK for keyword_id=12763. Inserted 48 ads.
KwId: 5529 | (Sub: ) -- Country: IE | tyre repair sealant
Import OK for keyword_id=5529. Inserted 48 ads.
KwId: 48052 | (Sub: ) -- Country: IE | poole pottery lamp
Import OK for keyword_id=48052. Inserted 48 ads.
KwId: 7110 | (Sub: ) -- Country: IE | wooden wall panels
Import OK for keyword_id=7110. Inserted 48 ads.
KwId: 31487 | (Sub: ) -- Country: IE | hay bob
Import OK for keyword_id=31487. Inserted 48 ads.
KwId: 47767 | (Sub: ) -- Country: IE | large garden parasol
Import OK for keyword_id=47767. Inserted 48 ads.
KwId: 49144 | (Sub: ) -- Country: IE | dolls vintage prams
Import OK for keyword_id=49144. Inserted 48 ads.
KwId: 6279 | (Sub: ) -- Country: IE | peugeot 407 grill
Import OK for keyword_id=6279. Inserted 48 ads.
KwId: 26618 | (Sub: ) -- Country: IE | laura ashley sweet pea
Import OK for keyword_id=26618. Inserted 48 ads.
KwId: 19415 | (Sub: ) -- Country: IE | wolseley 16 60
Import OK for keyword_id=19415. Inserted 48 ads.
KwId: 48740 | (Sub: ) -- Country: IE | dupont
Import OK for keyword_id=48740. Inserted 48 ads.
KwId: 24732 | (Sub: ) -- Country: IE | singer 201k
Import OK for keyword_id=24732. Inserted 48 ads.
KwId: 36299 | (Sub: ) -- Country: IE | sanyo microcassette recorder
Import OK for keyword_id=36299. Inserted 48 ads.
KwId: 28765 | (Sub: ) -- Country: IE | lloyds pharmacy tens machine
Import OK for keyword_id=28765. Inserted 48 ads.
KwId: 1421 | (Sub: ) -- Country: IE | apollo xc26 mountain bike
Import OK for keyword_id=1421. Inserted 48 ads.
KwId: 2937 | (Sub: ) -- Country: IE | falcon ware
Import OK for keyword_id=2937. Inserted 48 ads.
KwId: 28576 | (Sub: ) -- Country: IE | cake stand fittings 10
Import OK for keyword_id=28576. Inserted 48 ads.
KwId: 52299 | (Sub: ) -- Country: IE | alesis adat
Import OK for keyword_id=52299. Inserted 48 ads.
KwId: 39428 | (Sub: ) -- Country: IE | heavenly feet
Import OK for keyword_id=39428. Inserted 48 ads.
KwId: 54657 | (Sub: ) -- Country: IE | massage seat
Import OK for keyword_id=54657. Inserted 48 ads.
KwId: 26407 | (Sub: ) -- Country: IE | hiking backpack
Import OK for keyword_id=26407. Inserted 48 ads.
KwId: 28070 | (Sub: ) -- Country: IE | wooden towel rail
Import OK for keyword_id=28070. Inserted 48 ads.
KwId: 9797 | (Sub: ) -- Country: IE | le chameau wellingtons
Import OK for keyword_id=9797. Inserted 48 ads.
KwId: 188 | (Sub: ) -- Country: IE | mini cooper stereo
Import OK for keyword_id=188. Inserted 48 ads.
KwId: 45220 | (Sub: ) -- Country: IE | bmw hp4
Import OK for keyword_id=45220. Inserted 48 ads.
KwId: 26856 | (Sub: ) -- Country: IE | fujifilm instax
Import OK for keyword_id=26856. Inserted 48 ads.
KwId: 29799 | (Sub: ) -- Country: IE | danish wall units
Import OK for keyword_id=29799. Inserted 48 ads.
KwId: 6451 | (Sub: ) -- Country: IE | yamaha rd350 lc
Import OK for keyword_id=6451. Inserted 48 ads.
KwId: 18389 | (Sub: ) -- Country: IE | moulton bikes
Import OK for keyword_id=18389. Inserted 48 ads.
KwId: 51040 | (Sub: ) -- Country: IE | peugeot expert tow bar
Import OK for keyword_id=51040. Inserted 48 ads.
KwId: 51110 | (Sub: ) -- Country: IE | vintage dressing tables
Import OK for keyword_id=51110. Inserted 48 ads.
KwId: 28413 | (Sub: ) -- Country: IE | gas double camping cooker
Import OK for keyword_id=28413. Inserted 48 ads.
KwId: 21567 | (Sub: ) -- Country: IE | marcus replicas
Import OK for keyword_id=21567. Inserted 48 ads.
KwId: 12545 | (Sub: ) -- Country: IE | unistrut
Import OK for keyword_id=12545. Inserted 48 ads.
KwId: 37665 | (Sub: ) -- Country: IE | antique french clocks
Import OK for keyword_id=37665. Inserted 48 ads.
KwId: 8454 | (Sub: ) -- Country: IE | model display case
Import OK for keyword_id=8454. Inserted 48 ads.
KwId: 22896 | (Sub: ) -- Country: IE | digihome tv
Import OK for keyword_id=22896. Inserted 48 ads.
KwId: 53507 | (Sub: ) -- Country: IE | vintage lace tablecloth
Import OK for keyword_id=53507. Inserted 48 ads.
KwId: 36063 | (Sub: ) -- Country: IE | technika tv remote control
Import OK for keyword_id=36063. Inserted 48 ads.
KwId: 20756 | (Sub: ) -- Country: IE | krups coffee grinder
Import OK for keyword_id=20756. Inserted 48 ads.
KwId: 16613 | (Sub: ) -- Country: IE | zrx 1100
Import OK for keyword_id=16613. Inserted 48 ads.
KwId: 20084 | (Sub: ) -- Country: IE | yamaha r1 4xv
Import OK for keyword_id=20084. Inserted 48 ads.
KwId: 52356 | (Sub: ) -- Country: IE | royal enfield
Import OK for keyword_id=52356. Inserted 48 ads.
KwId: 5611 | (Sub: ) -- Country: IE | double drainer sink
Import OK for keyword_id=5611. Inserted 48 ads.
KwId: 39811 | (Sub: ) -- Country: IE | lotus switch
Import OK for keyword_id=39811. Inserted 48 ads.
KwId: 36663 | (Sub: ) -- Country: IE | barbie dolls houses
Import OK for keyword_id=36663. Inserted 48 ads.
KwId: 44429 | (Sub: ) -- Country: IE | digger hitachi
Import OK for keyword_id=44429. Inserted 48 ads.
KwId: 51212 | (Sub: ) -- Country: IE | plywood
Import OK for keyword_id=51212. Inserted 48 ads.
KwId: 7768 | (Sub: ) -- Country: IE | ballet leotard
Import OK for keyword_id=7768. Inserted 48 ads.
KwId: 45511 | (Sub: ) -- Country: IE | spin bike
Import OK for keyword_id=45511. Inserted 48 ads.
KwId: 16531 | (Sub: ) -- Country: IE | eurocave
Import OK for keyword_id=16531. Inserted 12 ads.
KwId: 26425 | (Sub: ) -- Country: IE | beaded car seat covers
Import OK for keyword_id=26425. Inserted 48 ads.
KwId: 24672 | (Sub: ) -- Country: IE | antique filing cabinet
Import OK for keyword_id=24672. Inserted 48 ads.
KwId: 8007 | (Sub: ) -- Country: IE | ford escort radiator fan
Import OK for keyword_id=8007. Inserted 48 ads.
KwId: 49257 | (Sub: ) -- Country: IE | rebounder
Import OK for keyword_id=49257. Inserted 48 ads.
KwId: 49450 | (Sub: ) -- Country: IE | honda xbr500 exhaust
Import OK for keyword_id=49450. Inserted 48 ads.
KwId: 45113 | (Sub: ) -- Country: IE | mackintosh furniture
Import OK for keyword_id=45113. Inserted 48 ads.
KwId: 10490 | (Sub: ) -- Country: IE | solid fuel range
Import OK for keyword_id=10490. Inserted 42 ads.
KwId: 51238 | (Sub: ) -- Country: IE | wig stand
Import OK for keyword_id=51238. Inserted 48 ads.
KwId: 24030 | (Sub: ) -- Country: IE | plastic playpen
Import OK for keyword_id=24030. Inserted 48 ads.
KwId: 45332 | (Sub: ) -- Country: IE | p shaped bath
Import OK for keyword_id=45332. Inserted 48 ads.
KwId: 41828 | (Sub: ) -- Country: IE | monster holt hyde
Import OK for keyword_id=41828. Inserted 38 ads.
KwId: 53653 | (Sub: ) -- Country: IE | nook ereader
Import OK for keyword_id=53653. Inserted 48 ads.
KwId: 49813 | (Sub: ) -- Country: IE | retro jukebox
Import OK for keyword_id=49813. Inserted 48 ads.
KwId: 31264 | (Sub: ) -- Country: IE | red sea aquarium
Import OK for keyword_id=31264. Inserted 48 ads.
KwId: 33296 | (Sub: ) -- Country: IE | audi q7 mmi
Import OK for keyword_id=33296. Inserted 48 ads.
KwId: 10925 | (Sub: ) -- Country: IE | tz250
Import OK for keyword_id=10925. Inserted 48 ads.
KwId: 2875 | (Sub: ) -- Country: IE | aeropress
Import OK for keyword_id=2875. Inserted 48 ads.
KwId: 16137 | (Sub: ) -- Country: IE | leather rivets
Import OK for keyword_id=16137. Inserted 48 ads.
KwId: 51338 | (Sub: ) -- Country: IE | electric coffee percolator
Import OK for keyword_id=51338. Inserted 48 ads.
KwId: 19580 | (Sub: ) -- Country: IE | coffee cart
Import OK for keyword_id=19580. Inserted 48 ads.
KwId: 19789 | (Sub: ) -- Country: IE | mac tools tool box
Import OK for keyword_id=19789. Inserted 48 ads.
KwId: 30059 | (Sub: ) -- Country: IE | wooden storage bed
Import OK for keyword_id=30059. Inserted 48 ads.
KwId: 48894 | (Sub: ) -- Country: IE | niqab abaya
Import OK for keyword_id=48894. Inserted 48 ads.
KwId: 35400 | (Sub: ) -- Country: IE | ice cream tricycle
Import OK for keyword_id=35400. Inserted 48 ads.
KwId: 36426 | (Sub: ) -- Country: IE | pw 80
Import OK for keyword_id=36426. Inserted 48 ads.
KwId: 47812 | (Sub: ) -- Country: IE | adults trike
Import OK for keyword_id=47812. Inserted 48 ads.
KwId: 18173 | (Sub: ) -- Country: IE | antique refectory table
Import OK for keyword_id=18173. Inserted 48 ads.
KwId: 49362 | (Sub: ) -- Country: IE | drinks trolley
Import OK for keyword_id=49362. Inserted 48 ads.
KwId: 46784 | (Sub: ) -- Country: IE | old holborn
Import OK for keyword_id=46784. Inserted 48 ads.
KwId: 39132 | (Sub: ) -- Country: IE | mont blanc cufflinks
Import OK for keyword_id=39132. Inserted 48 ads.
KwId: 48030 | (Sub: ) -- Country: IE | rs4 alloy
Import OK for keyword_id=48030. Inserted 48 ads.
KwId: 30993 | (Sub: ) -- Country: IE | rat boa
Import OK for keyword_id=30993. Inserted 48 ads.
KwId: 13029 | (Sub: ) -- Country: IE | sony icf sw
Import OK for keyword_id=13029. Inserted 48 ads.
KwId: 11054 | (Sub: ) -- Country: IE | vauxhall brake back plate
Import OK for keyword_id=11054. Inserted 48 ads.
KwId: 32098 | (Sub: ) -- Country: IE | kitchen corner carousel
Import OK for keyword_id=32098. Inserted 48 ads.
KwId: 52039 | (Sub: ) -- Country: IE | lava lamp
Import OK for keyword_id=52039. Inserted 48 ads.
KwId: 32586 | (Sub: ) -- Country: IE | zetec silvertop
Import OK for keyword_id=32586. Inserted 48 ads.
KwId: 3790 | (Sub: ) -- Country: IE | wooden train carriage
Import OK for keyword_id=3790. Inserted 48 ads.
KwId: 16798 | (Sub: ) -- Country: IE | mercedes w207
Import OK for keyword_id=16798. Inserted 48 ads.
KwId: 7284 | (Sub: ) -- Country: IE | sodium percarbonate
Import OK for keyword_id=7284. Inserted 48 ads.
KwId: 15716 | (Sub: ) -- Country: IE | surfboard necklace
Import OK for keyword_id=15716. Inserted 48 ads.
KwId: 2288 | (Sub: ) -- Country: IE | plate warmer plate
Import OK for keyword_id=2288. Inserted 48 ads.
KwId: 27537 | (Sub: ) -- Country: IE | camping fridge
Import OK for keyword_id=27537. Inserted 48 ads.
KwId: 28352 | (Sub: ) -- Country: IE | superjet
Import OK for keyword_id=28352. Inserted 48 ads.
KwId: 1852 | (Sub: ) -- Country: IE | shark raw helmet
Import OK for keyword_id=1852. Inserted 16 ads.
KwId: 35542 | (Sub: ) -- Country: IE | vintage door locks
Import OK for keyword_id=35542. Inserted 48 ads.
KwId: 27897 | (Sub: ) -- Country: IE | pheasant eggs
Import OK for keyword_id=27897. Inserted 48 ads.
KwId: 16167 | (Sub: ) -- Country: IE | gaming pc
Import OK for keyword_id=16167. Inserted 48 ads.
KwId: 32081 | (Sub: ) -- Country: IE | willow tree figurines
Import OK for keyword_id=32081. Inserted 48 ads.
KwId: 32978 | (Sub: ) -- Country: IE | suzuki gsxr 400 gk76a
Import OK for keyword_id=32978. Inserted 48 ads.
KwId: 45871 | (Sub: ) -- Country: IE | tc electronic polytune
Import OK for keyword_id=45871. Inserted 48 ads.
KwId: 28965 | (Sub: ) -- Country: IE | rotary iron
Import OK for keyword_id=28965. Inserted 48 ads.
KwId: 29976 | (Sub: ) -- Country: IE | bmw e36 318i thermostat
Import OK for keyword_id=29976. Inserted 48 ads.
KwId: 53249 | (Sub: ) -- Country: IE | bulldog wheel lock
Import OK for keyword_id=53249. Inserted 48 ads.
KwId: 8275 | (Sub: ) -- Country: IE | beyblade metal masters
Import OK for keyword_id=8275. Inserted 48 ads.
KwId: 34531 | (Sub: ) -- Country: IE | bmw e24
Import OK for keyword_id=34531. Inserted 48 ads.
KwId: 9717 | (Sub: ) -- Country: IE | fancy dress costumes
Import OK for keyword_id=9717. Inserted 48 ads.
KwId: 17127 | (Sub: ) -- Country: IE | kids electric jeep
Import OK for keyword_id=17127. Inserted 48 ads.
KwId: 40601 | (Sub: ) -- Country: IE | yamaha tw 225 engine
Import OK for keyword_id=40601. Inserted 48 ads.
KwId: 8798 | (Sub: ) -- Country: IE | toyota sewing machine
Import OK for keyword_id=8798. Inserted 48 ads.
KwId: 46298 | (Sub: ) -- Country: IE | juneero
Import OK for keyword_id=46298. Inserted 20 ads.
KwId: 20510 | (Sub: ) -- Country: IE | wychwood reels
Import OK for keyword_id=20510. Inserted 48 ads.
KwId: 23138 | (Sub: ) -- Country: IE | rattan bed
Import OK for keyword_id=23138. Inserted 48 ads.
KwId: 28841 | (Sub: ) -- Country: IE | leaflet holder
Import OK for keyword_id=28841. Inserted 48 ads.
KwId: 47120 | (Sub: ) -- Country: IE | archtop
Import OK for keyword_id=47120. Inserted 48 ads.
KwId: 21251 | (Sub: ) -- Country: IE | nokia 5310
Import OK for keyword_id=21251. Inserted 48 ads.
KwId: 1324 | (Sub: ) -- Country: IE | avent blender
Import OK for keyword_id=1324. Inserted 25 ads.
KwId: 16822 | (Sub: ) -- Country: IE | sonic soft toys
Import OK for keyword_id=16822. Inserted 48 ads.
KwId: 12236 | (Sub: ) -- Country: IE | mtd ride
Import OK for keyword_id=12236. Inserted 48 ads.
KwId: 30642 | (Sub: ) -- Country: IE | greenhouse staging
Import OK for keyword_id=30642. Inserted 48 ads.
KwId: 42468 | (Sub: ) -- Country: IE | kaiser 5 football boots
Import OK for keyword_id=42468. Inserted 48 ads.
KwId: 10116 | (Sub: ) -- Country: IE | bmw double spoke
Import OK for keyword_id=10116. Inserted 48 ads.
KwId: 34983 | (Sub: ) -- Country: IE | womens triathlon wetsuit
Import OK for keyword_id=34983. Inserted 48 ads.
KwId: 6137 | (Sub: ) -- Country: IE | playmobil palace
Import OK for keyword_id=6137. Inserted 48 ads.
KwId: 13143 | (Sub: ) -- Country: IE | chunky yarn
Import OK for keyword_id=13143. Inserted 48 ads.
KwId: 42411 | (Sub: ) -- Country: IE | oakley watch
Import OK for keyword_id=42411. Inserted 48 ads.
KwId: 14554 | (Sub: ) -- Country: IE | tractor backhoe
Import OK for keyword_id=14554. Inserted 48 ads.
KwId: 12077 | (Sub: ) -- Country: IE | joseph joseph bin
Import OK for keyword_id=12077. Inserted 48 ads.
KwId: 3903 | (Sub: ) -- Country: IE | wide fit wellies
Import OK for keyword_id=3903. Inserted 48 ads.
KwId: 53730 | (Sub: ) -- Country: IE | silver fridge freezer
Import OK for keyword_id=53730. Inserted 48 ads.
KwId: 14445 | (Sub: ) -- Country: IE | cardboard cutout
Import OK for keyword_id=14445. Inserted 48 ads.
KwId: 9403 | (Sub: ) -- Country: IE | mr2 turbo breaking
Skip: <= 5 products in JSON.
Import OK for keyword_id=9403. Inserted 5 ads.
KwId: 47596 | (Sub: ) -- Country: IE | crochet baby cardigan patterns
Import OK for keyword_id=47596. Inserted 48 ads.
KwId: 51709 | (Sub: ) -- Country: IE | harley davidson fat boy
Import OK for keyword_id=51709. Inserted 48 ads.
KwId: 25959 | (Sub: ) -- Country: IE | lamp post
Import OK for keyword_id=25959. Inserted 48 ads.
KwId: 18022 | (Sub: ) -- Country: IE | ladies motorbike leathers
Import OK for keyword_id=18022. Inserted 48 ads.
KwId: 24577 | (Sub: ) -- Country: IE | road saw
Import OK for keyword_id=24577. Inserted 48 ads.
KwId: 11713 | (Sub: ) -- Country: IE | toro wheel horse 212
Import OK for keyword_id=11713. Inserted 19 ads.
KwId: 23142 | (Sub: ) -- Country: IE | star wars ewok village
Import OK for keyword_id=23142. Inserted 48 ads.
KwId: 37034 | (Sub: ) -- Country: IE | bbs 4x100
Import OK for keyword_id=37034. Inserted 48 ads.
KwId: 21451 | (Sub: ) -- Country: IE | bmw spider wheels
Import OK for keyword_id=21451. Inserted 48 ads.
KwId: 30403 | (Sub: ) -- Country: IE | motor sailer
Import OK for keyword_id=30403. Inserted 46 ads.
KwId: 1476 | (Sub: ) -- Country: IE | mercedes c180 engine
Import OK for keyword_id=1476. Inserted 48 ads.
KwId: 29011 | (Sub: ) -- Country: IE | netgear powerline
Import OK for keyword_id=29011. Inserted 48 ads.
KwId: 24202 | (Sub: ) -- Country: IE | jockey wheel 48 mm ribbed
Import OK for keyword_id=24202. Inserted 48 ads.
KwId: 52362 | (Sub: ) -- Country: IE | commercial gas pizza oven
Import OK for keyword_id=52362. Inserted 48 ads.
KwId: 40382 | (Sub: ) -- Country: IE | oven parts
Import OK for keyword_id=40382. Inserted 48 ads.
KwId: 46062 | (Sub: ) -- Country: IE | antique garden tools
Import OK for keyword_id=46062. Inserted 48 ads.
KwId: 10212 | (Sub: ) -- Country: IE | lawn edger
Import OK for keyword_id=10212. Inserted 48 ads.
KwId: 37591 | (Sub: ) -- Country: IE | rhino roof rack
Import OK for keyword_id=37591. Inserted 48 ads.
KwId: 53970 | (Sub: ) -- Country: IE | potting shed
Import OK for keyword_id=53970. Inserted 48 ads.
KwId: 8710 | (Sub: ) -- Country: IE | ltr 450
Import OK for keyword_id=8710. Inserted 48 ads.
KwId: 5811 | (Sub: ) -- Country: IE | toyota starlet glanza
Import OK for keyword_id=5811. Inserted 48 ads.
KwId: 22899 | (Sub: ) -- Country: IE | renault clio key barrel
Import OK for keyword_id=22899. Inserted 48 ads.
KwId: 11768 | (Sub: ) -- Country: IE | erbauer cordless
Import OK for keyword_id=11768. Inserted 48 ads.
KwId: 50272 | (Sub: ) -- Country: IE | art deco mirrors
Import OK for keyword_id=50272. Inserted 48 ads.
KwId: 29267 | (Sub: ) -- Country: IE | 9ct gold heavy bracelet
Import OK for keyword_id=29267. Inserted 48 ads.
KwId: 6806 | (Sub: ) -- Country: IE | white garden arch
Import OK for keyword_id=6806. Inserted 48 ads.
KwId: 17949 | (Sub: ) -- Country: IE | ktm 250 sxf
Import OK for keyword_id=17949. Inserted 48 ads.
KwId: 51492 | (Sub: ) -- Country: IE | womens viking costume
Import OK for keyword_id=51492. Inserted 48 ads.
KwId: 4187 | (Sub: ) -- Country: IE | wedding hats
Import OK for keyword_id=4187. Inserted 48 ads.
KwId: 20361 | (Sub: ) -- Country: IE | door check strap
Import OK for keyword_id=20361. Inserted 48 ads.
KwId: 12261 | (Sub: ) -- Country: IE | gebo hatch
Skip: <= 5 products in JSON.
Import OK for keyword_id=12261. Inserted 3 ads.
KwId: 24174 | (Sub: ) -- Country: IE | lt77 gearbox
Import OK for keyword_id=24174. Inserted 48 ads.
KwId: 39642 | (Sub: ) -- Country: IE | smoke generator
Import OK for keyword_id=39642. Inserted 48 ads.
KwId: 35744 | (Sub: ) -- Country: IE | silver dessert forks
Import OK for keyword_id=35744. Inserted 48 ads.
KwId: 30239 | (Sub: ) -- Country: IE | mercedes hubcaps w124
Import OK for keyword_id=30239. Inserted 48 ads.
KwId: 41338 | (Sub: ) -- Country: IE | yamaha cs01
Import OK for keyword_id=41338. Inserted 48 ads.
KwId: 24413 | (Sub: ) -- Country: IE | rigger boots
Import OK for keyword_id=24413. Inserted 48 ads.
KwId: 48635 | (Sub: ) -- Country: IE | gant jacket
Import OK for keyword_id=48635. Inserted 48 ads.
KwId: 31019 | (Sub: ) -- Country: IE | clarke mig welder
Import OK for keyword_id=31019. Inserted 48 ads.
KwId: 4991 | (Sub: ) -- Country: IE | 2 man tents
Import OK for keyword_id=4991. Inserted 48 ads.
KwId: 20313 | (Sub: ) -- Country: IE | logitech wheel
Import OK for keyword_id=20313. Inserted 48 ads.
KwId: 44842 | (Sub: ) -- Country: IE | garden urns
Import OK for keyword_id=44842. Inserted 48 ads.
KwId: 45286 | (Sub: ) -- Country: IE | clock spring
Import OK for keyword_id=45286. Inserted 48 ads.
KwId: 36408 | (Sub: ) -- Country: IE | vintage wood saw
Import OK for keyword_id=36408. Inserted 48 ads.
KwId: 46252 | (Sub: ) -- Country: IE | royal copenhagen
Import OK for keyword_id=46252. Inserted 48 ads.
KwId: 11528 | (Sub: ) -- Country: IE | tax disc holders
Import OK for keyword_id=11528. Inserted 48 ads.
KwId: 44989 | (Sub: ) -- Country: IE | antique clock
Import OK for keyword_id=44989. Inserted 48 ads.
KwId: 27684 | (Sub: ) -- Country: IE | dvd 800 navi
Import OK for keyword_id=27684. Inserted 48 ads.
KwId: 49130 | (Sub: ) -- Country: IE | pasty maker
Import OK for keyword_id=49130. Inserted 48 ads.
KwId: 10033 | (Sub: ) -- Country: IE | touareg gearbox
Import OK for keyword_id=10033. Inserted 48 ads.
KwId: 20466 | (Sub: ) -- Country: IE | range rover phone cradle
Import OK for keyword_id=20466. Inserted 9 ads.
KwId: 1031 | (Sub: ) -- Country: IE | hanging bubble chair
Import OK for keyword_id=1031. Inserted 48 ads.
KwId: 16465 | (Sub: ) -- Country: IE | sony vaio sve
Import OK for keyword_id=16465. Inserted 48 ads.
KwId: 50603 | (Sub: ) -- Country: IE | airbrush
Import OK for keyword_id=50603. Inserted 48 ads.
KwId: 11840 | (Sub: ) -- Country: IE | shimano stradic
Import OK for keyword_id=11840. Inserted 48 ads.
KwId: 48295 | (Sub: ) -- Country: IE | kenwood kmix kettle
Import OK for keyword_id=48295. Inserted 48 ads.
KwId: 27817 | (Sub: ) -- Country: IE | toyota starlet ep70
Import OK for keyword_id=27817. Inserted 48 ads.
KwId: 11620 | (Sub: ) -- Country: IE | mercedes benz actros
Import OK for keyword_id=11620. Inserted 48 ads.
KwId: 22793 | (Sub: ) -- Country: IE | hornet 900
Import OK for keyword_id=22793. Inserted 48 ads.
KwId: 37967 | (Sub: ) -- Country: IE | akai mpc
Import OK for keyword_id=37967. Inserted 48 ads.
KwId: 41616 | (Sub: ) -- Country: IE | vivarium glass runners 4mm
Import OK for keyword_id=41616. Inserted 34 ads.
KwId: 51157 | (Sub: ) -- Country: IE | shoprider
Import OK for keyword_id=51157. Inserted 48 ads.
KwId: 7216 | (Sub: ) -- Country: IE | baby door bouncer
Import OK for keyword_id=7216. Inserted 48 ads.
KwId: 15122 | (Sub: ) -- Country: IE | ricoh gr
Import OK for keyword_id=15122. Inserted 48 ads.
KwId: 13612 | (Sub: ) -- Country: IE | mini cooper r56 exhaust
Import OK for keyword_id=13612. Inserted 48 ads.
KwId: 15950 | (Sub: ) -- Country: IE | tow eye cover
Import OK for keyword_id=15950. Inserted 48 ads.
KwId: 5459 | (Sub: ) -- Country: IE | liverpool signed shirt
Import OK for keyword_id=5459. Inserted 48 ads.
KwId: 43887 | (Sub: ) -- Country: IE | winston churchill plate
Import OK for keyword_id=43887. Inserted 48 ads.
KwId: 13050 | (Sub: ) -- Country: IE | cube storage unit
Import OK for keyword_id=13050. Inserted 48 ads.
KwId: 4622 | (Sub: ) -- Country: IE | golf buggies
Import OK for keyword_id=4622. Inserted 48 ads.
KwId: 30503 | (Sub: ) -- Country: IE | yamaha xv1600 wildstar
Import OK for keyword_id=30503. Inserted 48 ads.
KwId: 42509 | (Sub: ) -- Country: IE | bmw e36 steering rack
Import OK for keyword_id=42509. Inserted 48 ads.
KwId: 74 | (Sub: ) -- Country: IE | kids goal posts
Import OK for keyword_id=74. Inserted 48 ads.
KwId: 2588 | (Sub: ) -- Country: IE | pumpkin carving
Import OK for keyword_id=2588. Inserted 48 ads.
KwId: 53929 | (Sub: ) -- Country: IE | metal table legs
Import OK for keyword_id=53929. Inserted 48 ads.
KwId: 44493 | (Sub: ) -- Country: IE | teagle
Import OK for keyword_id=44493. Inserted 48 ads.
KwId: 21164 | (Sub: ) -- Country: IE | peppa pig bike
Import OK for keyword_id=21164. Inserted 48 ads.
KwId: 24653 | (Sub: ) -- Country: IE | cbeebies toys
Import OK for keyword_id=24653. Inserted 48 ads.
KwId: 6920 | (Sub: ) -- Country: IE | suzuki gn125
Import OK for keyword_id=6920. Inserted 48 ads.
KwId: 50286 | (Sub: ) -- Country: IE | flymo 33cm blade
Import OK for keyword_id=50286. Inserted 48 ads.
KwId: 35090 | (Sub: ) -- Country: IE | food mixers
Import OK for keyword_id=35090. Inserted 48 ads.
KwId: 15727 | (Sub: ) -- Country: IE | danish nest tables
Import OK for keyword_id=15727. Inserted 48 ads.
KwId: 23052 | (Sub: ) -- Country: IE | mg metro 6r4
Import OK for keyword_id=23052. Inserted 48 ads.
KwId: 48373 | (Sub: ) -- Country: IE | arabic furniture
Import OK for keyword_id=48373. Inserted 48 ads.
KwId: 30974 | (Sub: ) -- Country: IE | wok lid
Import OK for keyword_id=30974. Inserted 48 ads.
KwId: 6647 | (Sub: ) -- Country: IE | jaguar xjs v12 engine
Import OK for keyword_id=6647. Inserted 48 ads.
KwId: 20700 | (Sub: ) -- Country: IE | sindy house
Import OK for keyword_id=20700. Inserted 48 ads.
KwId: 7574 | (Sub: ) -- Country: IE | astra mk4
Import OK for keyword_id=7574. Inserted 48 ads.
KwId: 5640 | (Sub: ) -- Country: IE | bmw e39 breaking
Import OK for keyword_id=5640. Inserted 48 ads.
KwId: 54014 | (Sub: ) -- Country: IE | solid oak kitchen doors
Import OK for keyword_id=54014. Inserted 48 ads.
KwId: 13474 | (Sub: ) -- Country: IE | large betty boop figurines
Import OK for keyword_id=13474. Inserted 48 ads.
KwId: 25761 | (Sub: ) -- Country: IE | dell laptop 17 3
Import OK for keyword_id=25761. Inserted 48 ads.
KwId: 28175 | (Sub: ) -- Country: IE | softbox
Import OK for keyword_id=28175. Inserted 48 ads.
KwId: 48517 | (Sub: ) -- Country: IE | coracle
Import OK for keyword_id=48517. Inserted 48 ads.
KwId: 38876 | (Sub: ) -- Country: IE | white pleated tennis skirt
Import OK for keyword_id=38876. Inserted 48 ads.
KwId: 30973 | (Sub: ) -- Country: IE | crockett jones boots
Import OK for keyword_id=30973. Inserted 48 ads.
KwId: 32981 | (Sub: ) -- Country: IE | mont blanc watch
Import OK for keyword_id=32981. Inserted 48 ads.
KwId: 47361 | (Sub: ) -- Country: IE | diesel cement mixer
Import OK for keyword_id=47361. Inserted 48 ads.
KwId: 44229 | (Sub: ) -- Country: IE | vauxhall combo tow bar
Import OK for keyword_id=44229. Inserted 48 ads.
KwId: 39098 | (Sub: ) -- Country: IE | heater flap motor
Import OK for keyword_id=39098. Inserted 48 ads.
KwId: 37976 | (Sub: ) -- Country: IE | extra large wall clock
Import OK for keyword_id=37976. Inserted 48 ads.
KwId: 17820 | (Sub: ) -- Country: IE | mk4 golf fk coilovers
Import OK for keyword_id=17820. Inserted 48 ads.
KwId: 25314 | (Sub: ) -- Country: IE | spark plug tester
Import OK for keyword_id=25314. Inserted 48 ads.
KwId: 28105 | (Sub: ) -- Country: IE | giant factice
Import OK for keyword_id=28105. Inserted 48 ads.
KwId: 45290 | (Sub: ) -- Country: IE | chest freezers
Import OK for keyword_id=45290. Inserted 48 ads.
KwId: 46064 | (Sub: ) -- Country: IE | wedding photography props
Import OK for keyword_id=46064. Inserted 48 ads.
KwId: 18291 | (Sub: ) -- Country: IE | ls1 engine
Import OK for keyword_id=18291. Inserted 48 ads.
KwId: 29010 | (Sub: ) -- Country: IE | 150cc engine
Import OK for keyword_id=29010. Inserted 48 ads.
KwId: 7983 | (Sub: ) -- Country: IE | old petrol pump
Import OK for keyword_id=7983. Inserted 48 ads.
KwId: 5600 | (Sub: ) -- Country: IE | cast iron bench ends
Import OK for keyword_id=5600. Inserted 48 ads.
KwId: 6176 | (Sub: ) -- Country: IE | caravan blinds
Import OK for keyword_id=6176. Inserted 48 ads.
KwId: 19346 | (Sub: ) -- Country: IE | bollard
Import OK for keyword_id=19346. Inserted 48 ads.
KwId: 13850 | (Sub: ) -- Country: IE | volvo f16
Import OK for keyword_id=13850. Inserted 48 ads.
KwId: 23697 | (Sub: ) -- Country: IE | kneeboard
Import OK for keyword_id=23697. Inserted 48 ads.
KwId: 21712 | (Sub: ) -- Country: IE | wooden picket fence panels
Import OK for keyword_id=21712. Inserted 48 ads.
KwId: 10501 | (Sub: ) -- Country: IE | welfare unit
Import OK for keyword_id=10501. Inserted 48 ads.
KwId: 16298 | (Sub: ) -- Country: IE | transalp 700
Import OK for keyword_id=16298. Inserted 48 ads.
KwId: 17757 | (Sub: ) -- Country: IE | bsa bantam 175
Import OK for keyword_id=17757. Inserted 48 ads.
KwId: 44833 | (Sub: ) -- Country: IE | wooden workbench
Import OK for keyword_id=44833. Inserted 48 ads.
KwId: 34293 | (Sub: ) -- Country: IE | bmw e60 airbag
Import OK for keyword_id=34293. Inserted 48 ads.
KwId: 6532 | (Sub: ) -- Country: IE | cream sideboard
Import OK for keyword_id=6532. Inserted 48 ads.
KwId: 41811 | (Sub: ) -- Country: IE | leotard gk
Import OK for keyword_id=41811. Inserted 48 ads.
KwId: 26196 | (Sub: ) -- Country: IE | book trough
Import OK for keyword_id=26196. Inserted 48 ads.
KwId: 48316 | (Sub: ) -- Country: IE | roller ironing press
Import OK for keyword_id=48316. Inserted 48 ads.
KwId: 15963 | (Sub: ) -- Country: IE | audi bucket seats
Import OK for keyword_id=15963. Inserted 48 ads.
KwId: 36404 | (Sub: ) -- Country: IE | fireman sam figure set
Import OK for keyword_id=36404. Inserted 48 ads.
KwId: 36397 | (Sub: ) -- Country: IE | lister shearing
Import OK for keyword_id=36397. Inserted 48 ads.
KwId: 34802 | (Sub: ) -- Country: IE | carbon rear wheel
Import OK for keyword_id=34802. Inserted 48 ads.
KwId: 33739 | (Sub: ) -- Country: IE | old hall cutlery
Import OK for keyword_id=33739. Inserted 48 ads.
KwId: 26686 | (Sub: ) -- Country: IE | potting table
Import OK for keyword_id=26686. Inserted 48 ads.
KwId: 13663 | (Sub: ) -- Country: IE | mr2 mk1
Import OK for keyword_id=13663. Inserted 48 ads.
KwId: 19094 | (Sub: ) -- Country: IE | enter dragon
Import OK for keyword_id=19094. Inserted 48 ads.
KwId: 46503 | (Sub: ) -- Country: IE | dinner set gold
Import OK for keyword_id=46503. Inserted 48 ads.
KwId: 17745 | (Sub: ) -- Country: IE | parrot kit
Import OK for keyword_id=17745. Inserted 48 ads.
KwId: 32897 | (Sub: ) -- Country: IE | folding engine crane
Import OK for keyword_id=32897. Inserted 48 ads.
KwId: 54056 | (Sub: ) -- Country: IE | vintage sekonda watch
Import OK for keyword_id=54056. Inserted 48 ads.
KwId: 10244 | (Sub: ) -- Country: IE | mens north face jackets
Import OK for keyword_id=10244. Inserted 48 ads.
KwId: 21938 | (Sub: ) -- Country: IE | peugeot camper van
Import OK for keyword_id=21938. Inserted 48 ads.
KwId: 8130 | (Sub: ) -- Country: IE | dyson dc08 animal head
Import OK for keyword_id=8130. Inserted 48 ads.
KwId: 37818 | (Sub: ) -- Country: IE | baby bowl
Import OK for keyword_id=37818. Inserted 48 ads.
KwId: 20774 | (Sub: ) -- Country: IE | fiat brava parts
Import OK for keyword_id=20774. Inserted 48 ads.
KwId: 26827 | (Sub: ) -- Country: IE | mens biker boots
Import OK for keyword_id=26827. Inserted 48 ads.
KwId: 48529 | (Sub: ) -- Country: IE | british seagull engine
Import OK for keyword_id=48529. Inserted 48 ads.
KwId: 14147 | (Sub: ) -- Country: IE | audi rs3 grill
Import OK for keyword_id=14147. Inserted 48 ads.
KwId: 1417 | (Sub: ) -- Country: IE | copic markers
Import OK for keyword_id=1417. Inserted 48 ads.
KwId: 2124 | (Sub: ) -- Country: IE | mercedes a190
Import OK for keyword_id=2124. Inserted 48 ads.
KwId: 11641 | (Sub: ) -- Country: IE | suffolk punch
Import OK for keyword_id=11641. Inserted 48 ads.
KwId: 16041 | (Sub: ) -- Country: IE | yokomo dogfighter
Import OK for keyword_id=16041. Inserted 48 ads.
KwId: 50087 | (Sub: ) -- Country: IE | union jack dress
Import OK for keyword_id=50087. Inserted 48 ads.
KwId: 44086 | (Sub: ) -- Country: IE | jazz figurines
Import OK for keyword_id=44086. Inserted 48 ads.
KwId: 49970 | (Sub: ) -- Country: IE | wooden climbing frames
Import OK for keyword_id=49970. Inserted 48 ads.
KwId: 52336 | (Sub: ) -- Country: IE | jaguar xjr alloy wheels
Import OK for keyword_id=52336. Inserted 48 ads.
KwId: 21860 | (Sub: ) -- Country: IE | henderson garage doors
Import OK for keyword_id=21860. Inserted 48 ads.
KwId: 53032 | (Sub: ) -- Country: IE | toy tractors
Import OK for keyword_id=53032. Inserted 48 ads.
KwId: 40613 | (Sub: ) -- Country: IE | suzuki gt500 grab rail
Skip: <= 5 products in JSON.
Import OK for keyword_id=40613. Inserted 2 ads.
KwId: 53610 | (Sub: ) -- Country: IE | armoire
Import OK for keyword_id=53610. Inserted 48 ads.
KwId: 40220 | (Sub: ) -- Country: IE | petrol mowers
Import OK for keyword_id=40220. Inserted 48 ads.
KwId: 13408 | (Sub: ) -- Country: IE | plastering buckets
Import OK for keyword_id=13408. Inserted 48 ads.
KwId: 39461 | (Sub: ) -- Country: IE | autoboss
Import OK for keyword_id=39461. Inserted 48 ads.
KwId: 43859 | (Sub: ) -- Country: IE | zara shopper
Import OK for keyword_id=43859. Inserted 48 ads.
KwId: 34584 | (Sub: ) -- Country: IE | potato ricer
Import OK for keyword_id=34584. Inserted 48 ads.
KwId: 20754 | (Sub: ) -- Country: IE | viking sword
Import OK for keyword_id=20754. Inserted 48 ads.
KwId: 51870 | (Sub: ) -- Country: IE | bamboo poles
Import OK for keyword_id=51870. Inserted 48 ads.
KwId: 33381 | (Sub: ) -- Country: IE | rubber tiles
Import OK for keyword_id=33381. Inserted 48 ads.
KwId: 6112 | (Sub: ) -- Country: IE | honda mbx
Import OK for keyword_id=6112. Inserted 23 ads.
KwId: 24896 | (Sub: ) -- Country: IE | lion king toys
Import OK for keyword_id=24896. Inserted 48 ads.
KwId: 32652 | (Sub: ) -- Country: IE | piano sconces
Import OK for keyword_id=32652. Inserted 48 ads.
KwId: 21909 | (Sub: ) -- Country: IE | 22 air rifles
Import OK for keyword_id=21909. Inserted 48 ads.
KwId: 43539 | (Sub: ) -- Country: IE | ships figurehead
Import OK for keyword_id=43539. Inserted 48 ads.
KwId: 50357 | (Sub: ) -- Country: IE | yagi 2m
Import OK for keyword_id=50357. Inserted 48 ads.
KwId: 10287 | (Sub: ) -- Country: IE | rock roll bed
Import OK for keyword_id=10287. Inserted 48 ads.
KwId: 18470 | (Sub: ) -- Country: IE | industrial hoover
Import OK for keyword_id=18470. Inserted 48 ads.
KwId: 26384 | (Sub: ) -- Country: IE | transit engine 2 2
Import OK for keyword_id=26384. Inserted 48 ads.
KwId: 47590 | (Sub: ) -- Country: IE | vintage table skittles
Import OK for keyword_id=47590. Inserted 48 ads.
KwId: 41455 | (Sub: ) -- Country: IE | austin j40
Import OK for keyword_id=41455. Inserted 48 ads.
KwId: 50330 | (Sub: ) -- Country: IE | opel key rings
Import OK for keyword_id=50330. Inserted 48 ads.
KwId: 22827 | (Sub: ) -- Country: IE | aquarium sand
Import OK for keyword_id=22827. Inserted 48 ads.
KwId: 39023 | (Sub: ) -- Country: IE | daihatsu f50
Import OK for keyword_id=39023. Inserted 48 ads.
KwId: 33773 | (Sub: ) -- Country: IE | maple cue
Import OK for keyword_id=33773. Inserted 48 ads.
KwId: 11587 | (Sub: ) -- Country: IE | beano dandy annuals
Import OK for keyword_id=11587. Inserted 48 ads.
KwId: 18856 | (Sub: ) -- Country: IE | garden wishing
Import OK for keyword_id=18856. Inserted 48 ads.
KwId: 27252 | (Sub: ) -- Country: IE | makita saw
Import OK for keyword_id=27252. Inserted 48 ads.
KwId: 21775 | (Sub: ) -- Country: IE | necta
Import OK for keyword_id=21775. Inserted 48 ads.
KwId: 49323 | (Sub: ) -- Country: IE | jeep crd
Import OK for keyword_id=49323. Inserted 48 ads.
KwId: 22727 | (Sub: ) -- Country: IE | butterfly chair
Import OK for keyword_id=22727. Inserted 48 ads.
KwId: 29673 | (Sub: ) -- Country: IE | peugeot 306 d turbo
Import OK for keyword_id=29673. Inserted 48 ads.
KwId: 6900 | (Sub: ) -- Country: IE | vintage chinese silk painting
Import OK for keyword_id=6900. Inserted 48 ads.
KwId: 4793 | (Sub: ) -- Country: IE | toyota yaris spoiler
Import OK for keyword_id=4793. Inserted 48 ads.
KwId: 39836 | (Sub: ) -- Country: IE | polar h7
Import OK for keyword_id=39836. Inserted 48 ads.
KwId: 33014 | (Sub: ) -- Country: IE | islamic calligraphy
Import OK for keyword_id=33014. Inserted 48 ads.
KwId: 31234 | (Sub: ) -- Country: IE | myler bit
Import OK for keyword_id=31234. Inserted 48 ads.
KwId: 32961 | (Sub: ) -- Country: IE | large folding step stool
Import OK for keyword_id=32961. Inserted 48 ads.
KwId: 50340 | (Sub: ) -- Country: IE | caravan awning curtains
Import OK for keyword_id=50340. Inserted 48 ads.
KwId: 10123 | (Sub: ) -- Country: IE | aga
Import OK for keyword_id=10123. Inserted 48 ads.
KwId: 4743 | (Sub: ) -- Country: IE | outdoor car covers
Import OK for keyword_id=4743. Inserted 48 ads.
KwId: 44419 | (Sub: ) -- Country: IE | mac pro
Import OK for keyword_id=44419. Inserted 48 ads.
KwId: 5406 | (Sub: ) -- Country: IE | swivel cuddle chair
Import OK for keyword_id=5406. Inserted 48 ads.
KwId: 35846 | (Sub: ) -- Country: IE | mgc bonnet
Import OK for keyword_id=35846. Inserted 48 ads.
KwId: 20481 | (Sub: ) -- Country: IE | mitsubishi evo 1 2 3
Import OK for keyword_id=20481. Inserted 48 ads.
KwId: 5801 | (Sub: ) -- Country: IE | taylormade r7 driver
Import OK for keyword_id=5801. Inserted 48 ads.
KwId: 3866 | (Sub: ) -- Country: IE | bmw e46 leather interior
Import OK for keyword_id=3866. Inserted 48 ads.
KwId: 53570 | (Sub: ) -- Country: IE | onion vegetable chopper
Import OK for keyword_id=53570. Inserted 48 ads.
KwId: 48579 | (Sub: ) -- Country: IE | stainless steel shelves
Import OK for keyword_id=48579. Inserted 48 ads.
KwId: 26468 | (Sub: ) -- Country: IE | 7 bypass relay
Import OK for keyword_id=26468. Inserted 48 ads.
KwId: 6085 | (Sub: ) -- Country: IE | jaguar scissors
Import OK for keyword_id=6085. Inserted 48 ads.
KwId: 47499 | (Sub: ) -- Country: IE | buffalo boots
Import OK for keyword_id=47499. Inserted 48 ads.
KwId: 14936 | (Sub: ) -- Country: IE | suzuki ltz 90
Import OK for keyword_id=14936. Inserted 48 ads.
KwId: 47325 | (Sub: ) -- Country: IE | vw t5 174
Import OK for keyword_id=47325. Inserted 48 ads.
KwId: 39024 | (Sub: ) -- Country: IE | lupo gti exhaust
Import OK for keyword_id=39024. Inserted 48 ads.
KwId: 41231 | (Sub: ) -- Country: IE | vw passat b6 body kit
Import OK for keyword_id=41231. Inserted 48 ads.
KwId: 10335 | (Sub: ) -- Country: IE | gymnastics crash mats
Import OK for keyword_id=10335. Inserted 48 ads.
KwId: 31682 | (Sub: ) -- Country: IE | cheerleading shoes
Import OK for keyword_id=31682. Inserted 48 ads.
KwId: 32777 | (Sub: ) -- Country: IE | vw t5 wheel trims
Import OK for keyword_id=32777. Inserted 48 ads.
KwId: 10808 | (Sub: ) -- Country: IE | nissan navara roll bar
Import OK for keyword_id=10808. Inserted 48 ads.
KwId: 31001 | (Sub: ) -- Country: IE | ibanez sz
Import OK for keyword_id=31001. Inserted 48 ads.
KwId: 28956 | (Sub: ) -- Country: IE | double mitre saw
Import OK for keyword_id=28956. Inserted 48 ads.
KwId: 1677 | (Sub: ) -- Country: IE | gaggia classic
Import OK for keyword_id=1677. Inserted 48 ads.
KwId: 27869 | (Sub: ) -- Country: IE | technics hifi
Import OK for keyword_id=27869. Inserted 48 ads.
KwId: 4611 | (Sub: ) -- Country: IE | tamiya buggy champ
Import OK for keyword_id=4611. Inserted 48 ads.
KwId: 46797 | (Sub: ) -- Country: IE | yamaha silent guitar
Import OK for keyword_id=46797. Inserted 48 ads.
KwId: 11833 | (Sub: ) -- Country: IE | thule roof box
Import OK for keyword_id=11833. Inserted 48 ads.
KwId: 44585 | (Sub: ) -- Country: IE | bmw n45
Import OK for keyword_id=44585. Inserted 48 ads.
KwId: 24988 | (Sub: ) -- Country: IE | bmw e30 body kit
Import OK for keyword_id=24988. Inserted 48 ads.
KwId: 17756 | (Sub: ) -- Country: IE | magnetic fishing game
Import OK for keyword_id=17756. Inserted 48 ads.
KwId: 9726 | (Sub: ) -- Country: IE | tekno eddie stobart
Import OK for keyword_id=9726. Inserted 48 ads.
KwId: 14457 | (Sub: ) -- Country: IE | wheelbarrow wheels axle
Import OK for keyword_id=14457. Inserted 48 ads.
KwId: 40641 | (Sub: ) -- Country: IE | nike wedge trainers
Import OK for keyword_id=40641. Inserted 48 ads.
KwId: 6864 | (Sub: ) -- Country: IE | church door
Import OK for keyword_id=6864. Inserted 48 ads.
KwId: 43141 | (Sub: ) -- Country: IE | velosolex 3800
Import OK for keyword_id=43141. Inserted 48 ads.
KwId: 47953 | (Sub: ) -- Country: IE | gilera runner 125 fx
Import OK for keyword_id=47953. Inserted 48 ads.
KwId: 23834 | (Sub: ) -- Country: IE | leica rangemaster
Import OK for keyword_id=23834. Inserted 15 ads.
KwId: 37431 | (Sub: ) -- Country: IE | binoculars 8x40
Import OK for keyword_id=37431. Inserted 48 ads.
KwId: 9018 | (Sub: ) -- Country: IE | yamaha ybr 125 exhaust
Import OK for keyword_id=9018. Inserted 48 ads.
KwId: 38663 | (Sub: ) -- Country: IE | specialized sirrus bike
Import OK for keyword_id=38663. Inserted 48 ads.
KwId: 38250 | (Sub: ) -- Country: IE | triumph stag interior
Import OK for keyword_id=38250. Inserted 48 ads.
KwId: 15651 | (Sub: ) -- Country: IE | plotter marine
Import OK for keyword_id=15651. Inserted 48 ads.
KwId: 38122 | (Sub: ) -- Country: IE | led grow lights
Import OK for keyword_id=38122. Inserted 48 ads.
KwId: 8223 | (Sub: ) -- Country: IE | 9ct gold jewellery
Import OK for keyword_id=8223. Inserted 48 ads.
KwId: 10097 | (Sub: ) -- Country: IE | vibro plate
Import OK for keyword_id=10097. Inserted 35 ads.
KwId: 54830 | (Sub: ) -- Country: IE | milk tanker
Import OK for keyword_id=54830. Inserted 48 ads.
KwId: 38407 | (Sub: ) -- Country: IE | daiwa feeder rod
Import OK for keyword_id=38407. Inserted 48 ads.
KwId: 41820 | (Sub: ) -- Country: IE | laura ashley charcoal wallpaper
Import OK for keyword_id=41820. Inserted 48 ads.
KwId: 33420 | (Sub: ) -- Country: IE | bmw e90 turbo
Import OK for keyword_id=33420. Inserted 48 ads.
KwId: 51158 | (Sub: ) -- Country: IE | sheila maid
Import OK for keyword_id=51158. Inserted 9 ads.
KwId: 21362 | (Sub: ) -- Country: IE | plymouth fury
Import OK for keyword_id=21362. Inserted 48 ads.
KwId: 44448 | (Sub: ) -- Country: IE | g shock dw6900
Import OK for keyword_id=44448. Inserted 48 ads.
KwId: 16877 | (Sub: ) -- Country: IE | hall table
Import OK for keyword_id=16877. Inserted 48 ads.
KwId: 53237 | (Sub: ) -- Country: IE | drill breaker hilti
Import OK for keyword_id=53237. Inserted 48 ads.
KwId: 15708 | (Sub: ) -- Country: IE | ktm exc 125
Import OK for keyword_id=15708. Inserted 48 ads.
KwId: 708 | (Sub: ) -- Country: IE | wood lathe
Import OK for keyword_id=708. Inserted 48 ads.
KwId: 43695 | (Sub: ) -- Country: IE | herpa wings
Import OK for keyword_id=43695. Inserted 48 ads.
KwId: 3744 | (Sub: ) -- Country: IE | puzzi 8 1
Import OK for keyword_id=3744. Inserted 48 ads.
KwId: 5100 | (Sub: ) -- Country: IE | imac box
Import OK for keyword_id=5100. Inserted 48 ads.
KwId: 9209 | (Sub: ) -- Country: IE | 18 floor tom
Import OK for keyword_id=9209. Inserted 48 ads.
KwId: 50106 | (Sub: ) -- Country: IE | nissan almera rear light
Import OK for keyword_id=50106. Inserted 48 ads.
KwId: 4094 | (Sub: ) -- Country: IE | ariston water heater
Import OK for keyword_id=4094. Inserted 48 ads.
KwId: 51498 | (Sub: ) -- Country: IE | mower blade sharpener
