Country passed : it
Crawling of 500 starting
*** Start crawling : 2026-01-15 14:14:02 | MAX KW : 500 | Country : IT
KwId: 82708 | (Sub: ) -- Country: IT | tubo flessibile riparazione marmitta
Import OK for keyword_id=82708. Inserted 48 ads.
KwId: 409362 | (Sub: ) -- Country: IT | new balance vision racer
Import OK for keyword_id=409362. Inserted 48 ads.
KwId: 389138 | (Sub: ) -- Country: IT | credenze moderne
Import OK for keyword_id=389138. Inserted 48 ads.
KwId: 407059 | (Sub: ) -- Country: IT | bomber lucido uomo
Import OK for keyword_id=407059. Inserted 48 ads.
KwId: 142869 | (Sub: ) -- Country: IT | paraschiena bambino
Import OK for keyword_id=142869. Inserted 48 ads.
KwId: 21781 | (Sub: ) -- Country: IT | jabba lego
Import OK for keyword_id=21781. Inserted 48 ads.
KwId: 13332 | (Sub: ) -- Country: IT | philips 42 plasma
Import OK for keyword_id=13332. Inserted 48 ads.
KwId: 56338 | (Sub: ) -- Country: IT | cupolino nexus 500
Import OK for keyword_id=56338. Inserted 48 ads.
KwId: 416277 | (Sub: ) -- Country: IT | adesivi curva sud milano
Import OK for keyword_id=416277. Inserted 48 ads.
KwId: 401173 | (Sub: ) -- Country: IT | formaggio con i vermi
Skip: <= 5 products in JSON.
Import OK for keyword_id=401173. Inserted 4 ads.
KwId: 372241 | (Sub: ) -- Country: IT | gs1200r bmw
Import OK for keyword_id=372241. Inserted 48 ads.
KwId: 138514 | (Sub: ) -- Country: IT | burago lancia delta s4
Import OK for keyword_id=138514. Inserted 48 ads.
KwId: 420884 | (Sub: ) -- Country: IT | mutande uomo elefante
Import OK for keyword_id=420884. Inserted 48 ads.
KwId: 413459 | (Sub: ) -- Country: IT | bici da cross anni 80
Import OK for keyword_id=413459. Inserted 48 ads.
KwId: 428050 | (Sub: ) -- Country: IT | gadget compleanni
Import OK for keyword_id=428050. Inserted 48 ads.
KwId: 420116 | (Sub: ) -- Country: IT | guess nuova collezione 2017
Import OK for keyword_id=420116. Inserted 7 ads.
KwId: 400404 | (Sub: ) -- Country: IT | buzz lightyear giocattolo originale
Import OK for keyword_id=400404. Inserted 48 ads.
KwId: 147221 | (Sub: ) -- Country: IT | motore ford fiesta
Import OK for keyword_id=147221. Inserted 48 ads.
KwId: 399890 | (Sub: ) -- Country: IT | infradito paglia uomo
Import OK for keyword_id=399890. Inserted 48 ads.
KwId: 333076 | (Sub: ) -- Country: IT | lampadari lanterne
Import OK for keyword_id=333076. Inserted 48 ads.
KwId: 411157 | (Sub: ) -- Country: IT | fascia di naruto
Import OK for keyword_id=411157. Inserted 48 ads.
KwId: 290836 | (Sub: ) -- Country: IT | ford transit specchio braccio
Import OK for keyword_id=290836. Inserted 48 ads.
KwId: 426260 | (Sub: ) -- Country: IT | 50 express
Import OK for keyword_id=426260. Inserted 48 ads.
KwId: 429076 | (Sub: ) -- Country: IT | pastilie
Import OK for keyword_id=429076. Inserted 48 ads.
KwId: 408084 | (Sub: ) -- Country: IT | borsa guess bambina
Import OK for keyword_id=408084. Inserted 48 ads.
KwId: 403989 | (Sub: ) -- Country: IT | 2 2000 belgio
Import OK for keyword_id=403989. Inserted 48 ads.
KwId: 296212 | (Sub: ) -- Country: IT | gae aulenti arte
Import OK for keyword_id=296212. Inserted 45 ads.
KwId: 138260 | (Sub: ) -- Country: IT | casco valentino
Import OK for keyword_id=138260. Inserted 48 ads.
KwId: 370963 | (Sub: ) -- Country: IT | boxato nes
Import OK for keyword_id=370963. Inserted 48 ads.
KwId: 395284 | (Sub: ) -- Country: IT | bagno stile industriale
Import OK for keyword_id=395284. Inserted 48 ads.
KwId: 406035 | (Sub: ) -- Country: IT | sneakers aeronautica militare
Import OK for keyword_id=406035. Inserted 48 ads.
KwId: 183059 | (Sub: ) -- Country: IT | lampada 250w agro
Import OK for keyword_id=183059. Inserted 29 ads.
KwId: 398356 | (Sub: ) -- Country: IT | sedili anteriori panda
Import OK for keyword_id=398356. Inserted 48 ads.
KwId: 406547 | (Sub: ) -- Country: IT | camicia gialla zara
Import OK for keyword_id=406547. Inserted 48 ads.
KwId: 408852 | (Sub: ) -- Country: IT | zaino soy luna
Import OK for keyword_id=408852. Inserted 48 ads.
KwId: 342805 | (Sub: ) -- Country: IT | tavole cemento
Import OK for keyword_id=342805. Inserted 48 ads.
KwId: 32019 | (Sub: ) -- Country: IT | cuocipasta spicchi
Import OK for keyword_id=32019. Inserted 35 ads.
KwId: 247057 | (Sub: ) -- Country: IT | collezione carabinieri mignon
Import OK for keyword_id=247057. Inserted 18 ads.
KwId: 422419 | (Sub: ) -- Country: IT | peluche simba grande
Import OK for keyword_id=422419. Inserted 48 ads.
KwId: 403731 | (Sub: ) -- Country: IT | 1 san marino 2017
Import OK for keyword_id=403731. Inserted 48 ads.
KwId: 418835 | (Sub: ) -- Country: IT | pantaloni pinocchietto uomo
Import OK for keyword_id=418835. Inserted 43 ads.
KwId: 411410 | (Sub: ) -- Country: IT | zara jeans bambina
Import OK for keyword_id=411410. Inserted 48 ads.
KwId: 427539 | (Sub: ) -- Country: IT | marmitta nrg
Import OK for keyword_id=427539. Inserted 48 ads.
KwId: 407317 | (Sub: ) -- Country: IT | cingoli in gomma bridgestone
Import OK for keyword_id=407317. Inserted 30 ads.
KwId: 411156 | (Sub: ) -- Country: IT | tekone telecomando universale
Import OK for keyword_id=411156. Inserted 15 ads.
KwId: 398101 | (Sub: ) -- Country: IT | new balance 550 verdi e bianche
Import OK for keyword_id=398101. Inserted 18 ads.
KwId: 380180 | (Sub: ) -- Country: IT | hi 7s minolta matic
Import OK for keyword_id=380180. Inserted 48 ads.
KwId: 171025 | (Sub: ) -- Country: IT | briggs stratton 675
Import OK for keyword_id=171025. Inserted 48 ads.
KwId: 411155 | (Sub: ) -- Country: IT | giacca di jeans louis vuitton
Import OK for keyword_id=411155. Inserted 48 ads.
KwId: 406293 | (Sub: ) -- Country: IT | converse platform limited edition
Import OK for keyword_id=406293. Inserted 48 ads.
KwId: 420626 | (Sub: ) -- Country: IT | spiderman web shooter
Import OK for keyword_id=420626. Inserted 48 ads.
KwId: 418324 | (Sub: ) -- Country: IT | pantaloni bootcut zara
Import OK for keyword_id=418324. Inserted 48 ads.
KwId: 402706 | (Sub: ) -- Country: IT | tuta uomo versace
Import OK for keyword_id=402706. Inserted 13 ads.
KwId: 205586 | (Sub: ) -- Country: IT | shure beta 57a
Import OK for keyword_id=205586. Inserted 48 ads.
KwId: 136466 | (Sub: ) -- Country: IT | nikon 500mm af
Import OK for keyword_id=136466. Inserted 48 ads.
KwId: 69138 | (Sub: ) -- Country: IT | acero occhiolinato
Import OK for keyword_id=69138. Inserted 9 ads.
KwId: 410900 | (Sub: ) -- Country: IT | pistoncini per mobili
Import OK for keyword_id=410900. Inserted 48 ads.
KwId: 399891 | (Sub: ) -- Country: IT | moneta 2 letzebuerg 2014
Import OK for keyword_id=399891. Inserted 39 ads.
KwId: 386578 | (Sub: ) -- Country: IT | honor cover huawei play
Import OK for keyword_id=386578. Inserted 48 ads.
KwId: 247569 | (Sub: ) -- Country: IT | tubi multistrato svasatore
Import OK for keyword_id=247569. Inserted 48 ads.
KwId: 74772 | (Sub: ) -- Country: IT | lotto ferrari 1 18
Import OK for keyword_id=74772. Inserted 48 ads.
KwId: 73236 | (Sub: ) -- Country: IT | tubertini surfcasting
Import OK for keyword_id=73236. Inserted 48 ads.
KwId: 414149 | (Sub: ) -- Country: IT | bustine premium oro adrenalyn 2018
Import OK for keyword_id=414149. Inserted 6 ads.
KwId: 53413 | (Sub: ) -- Country: IT | examiner
Import OK for keyword_id=53413. Inserted 48 ads.
KwId: 252319 | (Sub: ) -- Country: IT | piaggio hexagon 180 volano
Import OK for keyword_id=252319. Inserted 48 ads.
KwId: 397387 | (Sub: ) -- Country: IT | felpa bape originale
Import OK for keyword_id=397387. Inserted 44 ads.
KwId: 430998 | (Sub: ) -- Country: IT | xenon h7 55w
Import OK for keyword_id=430998. Inserted 48 ads.
KwId: 401671 | (Sub: ) -- Country: IT | offerte bimby tm6
Skip: <= 5 products in JSON.
Import OK for keyword_id=401671. Inserted 2 ads.
KwId: 410008 | (Sub: ) -- Country: IT | vestiti per cani femmine
Import OK for keyword_id=410008. Inserted 48 ads.
KwId: 399450 | (Sub: ) -- Country: IT | guess est 1981
Import OK for keyword_id=399450. Inserted 48 ads.
KwId: 232958 | (Sub: ) -- Country: IT | galleggiante benzina opel corsa b
Import OK for keyword_id=232958. Inserted 48 ads.
KwId: 327884 | (Sub: ) -- Country: IT | maschera bimbo
Import OK for keyword_id=327884. Inserted 48 ads.
KwId: 358265 | (Sub: ) -- Country: IT | 2009 yamaha x max 125
Import OK for keyword_id=358265. Inserted 48 ads.
KwId: 296648 | (Sub: ) -- Country: IT | zagor magazzino
Import OK for keyword_id=296648. Inserted 48 ads.
KwId: 402272 | (Sub: ) -- Country: IT | ciabatte chicago bulls
Import OK for keyword_id=402272. Inserted 45 ads.
KwId: 398067 | (Sub: ) -- Country: IT | top sottogiacca seta
Import OK for keyword_id=398067. Inserted 35 ads.
KwId: 274651 | (Sub: ) -- Country: IT | cesoie tagliabordi batteria
Import OK for keyword_id=274651. Inserted 48 ads.
KwId: 412780 | (Sub: ) -- Country: IT | tessuti con stampe siciliane
Skip: <= 5 products in JSON.
Import OK for keyword_id=412780. Inserted 0 ads.
KwId: 416315 | (Sub: ) -- Country: IT | maglia mates anima
Skip: <= 5 products in JSON.
Import OK for keyword_id=416315. Inserted 3 ads.
KwId: 413633 | (Sub: ) -- Country: IT | 20 centesimi 1894
Import OK for keyword_id=413633. Inserted 48 ads.
KwId: 400047 | (Sub: ) -- Country: IT | telefono tim fisso
Import OK for keyword_id=400047. Inserted 48 ads.
KwId: 40372 | (Sub: ) -- Country: IT | tripp trapp
Import OK for keyword_id=40372. Inserted 48 ads.
KwId: 31841 | (Sub: ) -- Country: IT | scarpe reebok easytone donna
Import OK for keyword_id=31841. Inserted 48 ads.
KwId: 401530 | (Sub: ) -- Country: IT | antonio giordano pittore
Skip: <= 5 products in JSON.
Import OK for keyword_id=401530. Inserted 0 ads.
KwId: 408936 | (Sub: ) -- Country: IT | frigorifero retro nardi
Skip: <= 5 products in JSON.
Import OK for keyword_id=408936. Inserted 0 ads.
KwId: 17884 | (Sub: ) -- Country: IT | jeans bootcut uomo
Import OK for keyword_id=17884. Inserted 48 ads.
KwId: 131587 | (Sub: ) -- Country: IT | fari triumph speed triple
Import OK for keyword_id=131587. Inserted 48 ads.
KwId: 403161 | (Sub: ) -- Country: IT | sedie rustiche per taverna
Skip: <= 5 products in JSON.
Import OK for keyword_id=403161. Inserted 1 ads.
KwId: 402990 | (Sub: ) -- Country: IT | air tuned 3
Import OK for keyword_id=402990. Inserted 48 ads.
KwId: 101032 | (Sub: ) -- Country: IT | proiettore stelle tartaruga
Skip: <= 5 products in JSON.
Import OK for keyword_id=101032. Inserted 2 ads.
KwId: 136646 | (Sub: ) -- Country: IT | porcellana limoges zuccheriera
Import OK for keyword_id=136646. Inserted 48 ads.
KwId: 287850 | (Sub: ) -- Country: IT | leander lettino
Import OK for keyword_id=287850. Inserted 7 ads.
KwId: 419788 | (Sub: ) -- Country: IT | nintendo eshop card codice gratis
Skip: <= 5 products in JSON.
Import OK for keyword_id=419788. Inserted 0 ads.
KwId: 189929 | (Sub: ) -- Country: IT | bandiera sabauda originale
Import OK for keyword_id=189929. Inserted 8 ads.
KwId: 339010 | (Sub: ) -- Country: IT | ciondoli bronzo
Import OK for keyword_id=339010. Inserted 48 ads.
KwId: 398314 | (Sub: ) -- Country: IT | paracolpi lettino chicco
Skip: <= 5 products in JSON.
Import OK for keyword_id=398314. Inserted 3 ads.
KwId: 408442 | (Sub: ) -- Country: IT | scrivania 160 x 60
Import OK for keyword_id=408442. Inserted 48 ads.
KwId: 257833 | (Sub: ) -- Country: IT | ferro stiro imetec piastra
Import OK for keyword_id=257833. Inserted 48 ads.
KwId: 213733 | (Sub: ) -- Country: IT | opera casse
Import OK for keyword_id=213733. Inserted 48 ads.
KwId: 342502 | (Sub: ) -- Country: IT | citroen c1 5
Import OK for keyword_id=342502. Inserted 48 ads.
KwId: 411270 | (Sub: ) -- Country: IT | lampadario nuvola ikea
Import OK for keyword_id=411270. Inserted 13 ads.
KwId: 355225 | (Sub: ) -- Country: IT | peugeot 2008 1 4 hdi 68cv
Import OK for keyword_id=355225. Inserted 48 ads.
KwId: 426762 | (Sub: ) -- Country: IT | vendita case
Import OK for keyword_id=426762. Inserted 48 ads.
KwId: 410037 | (Sub: ) -- Country: IT | top blu elettrico zara
Import OK for keyword_id=410037. Inserted 16 ads.
KwId: 421170 | (Sub: ) -- Country: IT | abiti prima comunione bambino armani
Import OK for keyword_id=421170. Inserted 7 ads.
KwId: 397714 | (Sub: ) -- Country: IT | valore vecchie pentole di rame
Skip: <= 5 products in JSON.
Import OK for keyword_id=397714. Inserted 0 ads.
KwId: 429999 | (Sub: ) -- Country: IT | servizi
Import OK for keyword_id=429999. Inserted 48 ads.
KwId: 429998 | (Sub: ) -- Country: IT | termini e condizioni
Import OK for keyword_id=429998. Inserted 48 ads.
KwId: 429997 | (Sub: ) -- Country: IT | terms of use
Import OK for keyword_id=429997. Inserted 48 ads.
KwId: 429995 | (Sub: ) -- Country: IT | terms
Import OK for keyword_id=429995. Inserted 48 ads.
KwId: 229937 | (Sub: ) -- Country: IT | l eternauta euracomix n 55 56 57
Skip: <= 5 products in JSON.
Import OK for keyword_id=229937. Inserted 0 ads.
KwId: 397743 | (Sub: ) -- Country: IT | lora ferres scarpe
Import OK for keyword_id=397743. Inserted 17 ads.
KwId: 396138 | (Sub: ) -- Country: IT | ombrello mandarina duck
Import OK for keyword_id=396138. Inserted 24 ads.
KwId: 422463 | (Sub: ) -- Country: IT | emblemi destiny 2
Import OK for keyword_id=422463. Inserted 48 ads.
KwId: 196088 | (Sub: ) -- Country: IT | acer aspire 5630 bl50
Import OK for keyword_id=196088. Inserted 38 ads.
KwId: 402768 | (Sub: ) -- Country: IT | cappello con elica
Import OK for keyword_id=402768. Inserted 48 ads.
KwId: 403688 | (Sub: ) -- Country: IT | telenovela sortilegio in italiano
Skip: <= 5 products in JSON.
Import OK for keyword_id=403688. Inserted 0 ads.
KwId: 380107 | (Sub: ) -- Country: IT | 10 mi lite 5g xiaomi
Import OK for keyword_id=380107. Inserted 48 ads.
KwId: 345419 | (Sub: ) -- Country: IT | vespa 50 sprint 4t 4v
Import OK for keyword_id=345419. Inserted 48 ads.
KwId: 387635 | (Sub: ) -- Country: IT | yamaha t max 530 2015 abs
Import OK for keyword_id=387635. Inserted 48 ads.
KwId: 423216 | (Sub: ) -- Country: IT | generatore di corrente vinco
Import OK for keyword_id=423216. Inserted 25 ads.
KwId: 388541 | (Sub: ) -- Country: IT | decoder nokia 310t
Skip: <= 5 products in JSON.
Import OK for keyword_id=388541. Inserted 3 ads.
KwId: 415206 | (Sub: ) -- Country: IT | borse simili alle o bag
Import OK for keyword_id=415206. Inserted 6 ads.
KwId: 80036 | (Sub: ) -- Country: IT | pneumatici 195 65 15
Import OK for keyword_id=80036. Inserted 48 ads.
KwId: 418079 | (Sub: ) -- Country: IT | giacca zara verde
Import OK for keyword_id=418079. Inserted 48 ads.
KwId: 396064 | (Sub: ) -- Country: IT | monete rare da 20 centesimi
Import OK for keyword_id=396064. Inserted 48 ads.
KwId: 410391 | (Sub: ) -- Country: IT | contenitori 100 ml
Import OK for keyword_id=410391. Inserted 48 ads.
KwId: 418813 | (Sub: ) -- Country: IT | luisa corna backstage calendario
Skip: <= 5 products in JSON.
Import OK for keyword_id=418813. Inserted 1 ads.
KwId: 418433 | (Sub: ) -- Country: IT | motore elettrico bici 2000w
Import OK for keyword_id=418433. Inserted 48 ads.
KwId: 404420 | (Sub: ) -- Country: IT | rotelle per spostare mobili
Import OK for keyword_id=404420. Inserted 48 ads.
KwId: 406861 | (Sub: ) -- Country: IT | borse con piastrelle uncinetto
Import OK for keyword_id=406861. Inserted 12 ads.
KwId: 108579 | (Sub: ) -- Country: IT | vivacity scooter
Import OK for keyword_id=108579. Inserted 48 ads.
KwId: 406579 | (Sub: ) -- Country: IT | fucile a pallini
Import OK for keyword_id=406579. Inserted 48 ads.
KwId: 289212 | (Sub: ) -- Country: IT | fiat freemont autoradio
Import OK for keyword_id=289212. Inserted 48 ads.
KwId: 284371 | (Sub: ) -- Country: IT | quattroruote gennaio 1991
Import OK for keyword_id=284371. Inserted 27 ads.
KwId: 217126 | (Sub: ) -- Country: IT | samsung gear rotto
Import OK for keyword_id=217126. Inserted 48 ads.
KwId: 421250 | (Sub: ) -- Country: IT | gatti in ceramica da collezione
Import OK for keyword_id=421250. Inserted 48 ads.
KwId: 301993 | (Sub: ) -- Country: IT | tazze latte ruote
Import OK for keyword_id=301993. Inserted 48 ads.
KwId: 410720 | (Sub: ) -- Country: IT | 10 lire 1955 in
Import OK for keyword_id=410720. Inserted 48 ads.
KwId: 319348 | (Sub: ) -- Country: IT | litografia magnus
Import OK for keyword_id=319348. Inserted 48 ads.
KwId: 364865 | (Sub: ) -- Country: IT | sala mobili arredamento
Import OK for keyword_id=364865. Inserted 48 ads.
KwId: 404667 | (Sub: ) -- Country: IT | carpisa beauty case rigido
Skip: <= 5 products in JSON.
Import OK for keyword_id=404667. Inserted 3 ads.
KwId: 9434 | (Sub: ) -- Country: IT | scarpe neonata battesimo
Import OK for keyword_id=9434. Inserted 48 ads.
KwId: 373972 | (Sub: ) -- Country: IT | hm 50 cre marmitta
Import OK for keyword_id=373972. Inserted 48 ads.
KwId: 221616 | (Sub: ) -- Country: IT | litografia firmata dali
Import OK for keyword_id=221616. Inserted 48 ads.
KwId: 422795 | (Sub: ) -- Country: IT | dashboard
Import OK for keyword_id=422795. Inserted 48 ads.
KwId: 397651 | (Sub: ) -- Country: IT | stivaletti bianchi zara
Import OK for keyword_id=397651. Inserted 48 ads.
KwId: 432870 | (Sub: ) -- Country: IT | ring disc
Import OK for keyword_id=432870. Inserted 48 ads.
KwId: 430987 | (Sub: ) -- Country: IT | nationa
Import OK for keyword_id=430987. Inserted 48 ads.
KwId: 191820 | (Sub: ) -- Country: IT | gancio traino opel antara
Import OK for keyword_id=191820. Inserted 48 ads.
KwId: 126659 | (Sub: ) -- Country: IT | videocamera canon digitale
Import OK for keyword_id=126659. Inserted 48 ads.
KwId: 405605 | (Sub: ) -- Country: IT | artemide lampadari vintage
Import OK for keyword_id=405605. Inserted 34 ads.
KwId: 431304 | (Sub: ) -- Country: IT | anatomia e fisiologia
Import OK for keyword_id=431304. Inserted 48 ads.
KwId: 329041 | (Sub: ) -- Country: IT | come volta
Import OK for keyword_id=329041. Inserted 48 ads.
KwId: 272289 | (Sub: ) -- Country: IT | asta decespugliatore tanaka
Skip: <= 5 products in JSON.
Import OK for keyword_id=272289. Inserted 3 ads.
KwId: 393170 | (Sub: ) -- Country: IT | alessandro barbero libri
Import OK for keyword_id=393170. Inserted 48 ads.
KwId: 430317 | (Sub: ) -- Country: IT | filtro adsl
Import OK for keyword_id=430317. Inserted 48 ads.
KwId: 361016 | (Sub: ) -- Country: IT | scarpiera scomparti
Import OK for keyword_id=361016. Inserted 48 ads.
KwId: 400286 | (Sub: ) -- Country: IT | 1 cent americano raro
Import OK for keyword_id=400286. Inserted 48 ads.
KwId: 367425 | (Sub: ) -- Country: IT | 2016 x ricambi 500
Import OK for keyword_id=367425. Inserted 48 ads.
KwId: 408327 | (Sub: ) -- Country: IT | 1 lire 1940 vittorio emanuele iii
Import OK for keyword_id=408327. Inserted 48 ads.
KwId: 431693 | (Sub: ) -- Country: IT | lotto giochi
Import OK for keyword_id=431693. Inserted 48 ads.
KwId: 410975 | (Sub: ) -- Country: IT | listino bar
Import OK for keyword_id=410975. Inserted 48 ads.
KwId: 50946 | (Sub: ) -- Country: IT | telo pacciamatura
Import OK for keyword_id=50946. Inserted 48 ads.
KwId: 76269 | (Sub: ) -- Country: IT | kyosho gx 15
Import OK for keyword_id=76269. Inserted 46 ads.
KwId: 422384 | (Sub: ) -- Country: IT | logo fiat bravo
Import OK for keyword_id=422384. Inserted 48 ads.
KwId: 406742 | (Sub: ) -- Country: IT | burro di arachidi conad
Skip: <= 5 products in JSON.
Import OK for keyword_id=406742. Inserted 0 ads.
KwId: 416118 | (Sub: ) -- Country: IT | louis vuitton borse tracolla vintage
Import OK for keyword_id=416118. Inserted 48 ads.
KwId: 356018 | (Sub: ) -- Country: IT | originale apple display
Import OK for keyword_id=356018. Inserted 48 ads.
KwId: 399616 | (Sub: ) -- Country: IT | logo moncler da cucire
Skip: <= 5 products in JSON.
Import OK for keyword_id=399616. Inserted 5 ads.
KwId: 421794 | (Sub: ) -- Country: IT | camion om 40 occasion
Skip: <= 5 products in JSON.
Import OK for keyword_id=421794. Inserted 1 ads.
KwId: 30525 | (Sub: ) -- Country: IT | kit pesi
Import OK for keyword_id=30525. Inserted 48 ads.
KwId: 92511 | (Sub: ) -- Country: IT | affettatutto
Import OK for keyword_id=92511. Inserted 48 ads.
KwId: 423466 | (Sub: ) -- Country: IT | cobra abc design
Import OK for keyword_id=423466. Inserted 6 ads.
KwId: 432110 | (Sub: ) -- Country: IT | lancia flavia coup a
Import OK for keyword_id=432110. Inserted 48 ads.
KwId: 333426 | (Sub: ) -- Country: IT | fiat idea active
Import OK for keyword_id=333426. Inserted 48 ads.
KwId: 398795 | (Sub: ) -- Country: IT | tagliaerba a batteria lidl
Skip: <= 5 products in JSON.
Import OK for keyword_id=398795. Inserted 4 ads.
KwId: 291996 | (Sub: ) -- Country: IT | bici corsa carbonio telaio
Import OK for keyword_id=291996. Inserted 48 ads.
KwId: 411471 | (Sub: ) -- Country: IT | mondia 1-624-1
Skip: <= 5 products in JSON.
Import OK for keyword_id=411471. Inserted 0 ads.
KwId: 431699 | (Sub: ) -- Country: IT | onitsuka tiger 45
Import OK for keyword_id=431699. Inserted 48 ads.
KwId: 409378 | (Sub: ) -- Country: IT | jeans icon dsquared
Import OK for keyword_id=409378. Inserted 48 ads.
KwId: 431177 | (Sub: ) -- Country: IT | sub gladiator
Import OK for keyword_id=431177. Inserted 48 ads.
KwId: 434208 | (Sub: ) -- Country: IT | murano vetri
Import OK for keyword_id=434208. Inserted 48 ads.
KwId: 401309 | (Sub: ) -- Country: IT | lv cintura uomo
Import OK for keyword_id=401309. Inserted 48 ads.
KwId: 405587 | (Sub: ) -- Country: IT | carte pokemon arcobaleno
Import OK for keyword_id=405587. Inserted 48 ads.
KwId: 400866 | (Sub: ) -- Country: IT | scuotitore olive a scoppio
Skip: <= 5 products in JSON.
Import OK for keyword_id=400866. Inserted 3 ads.
KwId: 248577 | (Sub: ) -- Country: IT | mulinello vintage garcia
Import OK for keyword_id=248577. Inserted 48 ads.
KwId: 208022 | (Sub: ) -- Country: IT | swamp thing omnibus
Import OK for keyword_id=208022. Inserted 48 ads.
KwId: 416178 | (Sub: ) -- Country: IT | yu gi oh deck yugi completo
Import OK for keyword_id=416178. Inserted 48 ads.
KwId: 433000 | (Sub: ) -- Country: IT | bcs 622 serie
Import OK for keyword_id=433000. Inserted 25 ads.
KwId: 416799 | (Sub: ) -- Country: IT | nike roshe verdi
Import OK for keyword_id=416799. Inserted 48 ads.
KwId: 72435 | (Sub: ) -- Country: IT | erogatore gasolio
Import OK for keyword_id=72435. Inserted 48 ads.
KwId: 36289 | (Sub: ) -- Country: IT | ricambi lavastoviglie whirlpool
Import OK for keyword_id=36289. Inserted 48 ads.
KwId: 291274 | (Sub: ) -- Country: IT | campagnolo vintage gruppo
Import OK for keyword_id=291274. Inserted 48 ads.
KwId: 402330 | (Sub: ) -- Country: IT | pulsantiere urmet vecchi modelli
Skip: <= 5 products in JSON.
Import OK for keyword_id=402330. Inserted 0 ads.
KwId: 49367 | (Sub: ) -- Country: IT | pellicola oscurante elettrostatica
Import OK for keyword_id=49367. Inserted 26 ads.
KwId: 401101 | (Sub: ) -- Country: IT | camicia magnum pi
Import OK for keyword_id=401101. Inserted 48 ads.
KwId: 416882 | (Sub: ) -- Country: IT | giubbotti benetton bimbi
Import OK for keyword_id=416882. Inserted 48 ads.
KwId: 283192 | (Sub: ) -- Country: IT | kyosho tr 15 carrozzeria
Skip: <= 5 products in JSON.
Import OK for keyword_id=283192. Inserted 0 ads.
KwId: 198813 | (Sub: ) -- Country: IT | maglie zebrate
Import OK for keyword_id=198813. Inserted 48 ads.
KwId: 409911 | (Sub: ) -- Country: IT | pantaloni tuta tezenis
Import OK for keyword_id=409911. Inserted 17 ads.
KwId: 433637 | (Sub: ) -- Country: IT | trattore agricolo fiat
Import OK for keyword_id=433637. Inserted 48 ads.
KwId: 303131 | (Sub: ) -- Country: IT | vitara hard top suzuki
Import OK for keyword_id=303131. Inserted 48 ads.
KwId: 432656 | (Sub: ) -- Country: IT | sgombero milano
Import OK for keyword_id=432656. Inserted 10 ads.
KwId: 402554 | (Sub: ) -- Country: IT | uovo di pasqua dragon ball 2022
Skip: <= 5 products in JSON.
Import OK for keyword_id=402554. Inserted 0 ads.
KwId: 417395 | (Sub: ) -- Country: IT | pop league of legends
Import OK for keyword_id=417395. Inserted 48 ads.
KwId: 432665 | (Sub: ) -- Country: IT | starter motore
Import OK for keyword_id=432665. Inserted 48 ads.
KwId: 399626 | (Sub: ) -- Country: IT | maschera rey mysterio
Import OK for keyword_id=399626. Inserted 18 ads.
KwId: 418101 | (Sub: ) -- Country: IT | bomber nero lucido
Import OK for keyword_id=418101. Inserted 48 ads.
KwId: 10305 | (Sub: ) -- Country: IT | bioshock edition
Import OK for keyword_id=10305. Inserted 48 ads.
KwId: 304842 | (Sub: ) -- Country: IT | ford focus c max paraurti
Import OK for keyword_id=304842. Inserted 48 ads.
KwId: 54996 | (Sub: ) -- Country: IT | sedie ferro antiche
Import OK for keyword_id=54996. Inserted 48 ads.
KwId: 435694 | (Sub: ) -- Country: IT | valdesi
Import OK for keyword_id=435694. Inserted 48 ads.
KwId: 201846 | (Sub: ) -- Country: IT | maglie giorgio armani
Import OK for keyword_id=201846. Inserted 48 ads.
KwId: 414988 | (Sub: ) -- Country: IT | zaino invicta viola
Import OK for keyword_id=414988. Inserted 48 ads.
KwId: 414822 | (Sub: ) -- Country: IT | doppiopetto uomo zara
Import OK for keyword_id=414822. Inserted 48 ads.
KwId: 415618 | (Sub: ) -- Country: IT | magliette ghali sto
Skip: <= 5 products in JSON.
Import OK for keyword_id=415618. Inserted 2 ads.
KwId: 72858 | (Sub: ) -- Country: IT | decolte geox
Import OK for keyword_id=72858. Inserted 48 ads.
KwId: 247037 | (Sub: ) -- Country: IT | q5 cerchi
Import OK for keyword_id=247037. Inserted 48 ads.
KwId: 230780 | (Sub: ) -- Country: IT | leica elmar 21 asph
Import OK for keyword_id=230780. Inserted 42 ads.
KwId: 231332 | (Sub: ) -- Country: IT | cinturino swatch scuba irony 200
Import OK for keyword_id=231332. Inserted 48 ads.
KwId: 402251 | (Sub: ) -- Country: IT | borsa uncinetto granny
Import OK for keyword_id=402251. Inserted 48 ads.
KwId: 227400 | (Sub: ) -- Country: IT | tosatrice oster taglia capelli
Import OK for keyword_id=227400. Inserted 48 ads.
KwId: 195089 | (Sub: ) -- Country: IT | smart parafango plastiche
Import OK for keyword_id=195089. Inserted 48 ads.
KwId: 396604 | (Sub: ) -- Country: IT | zara gilet donna
Import OK for keyword_id=396604. Inserted 48 ads.
KwId: 432053 | (Sub: ) -- Country: IT | cioccolattiera
Import OK for keyword_id=432053. Inserted 48 ads.
KwId: 37290 | (Sub: ) -- Country: IT | solforatore
Import OK for keyword_id=37290. Inserted 22 ads.
KwId: 397286 | (Sub: ) -- Country: IT | orologi pryngeps vecchi
Import OK for keyword_id=397286. Inserted 9 ads.
KwId: 405679 | (Sub: ) -- Country: IT | borsa lady dior imitazione
Import OK for keyword_id=405679. Inserted 48 ads.
KwId: 402527 | (Sub: ) -- Country: IT | cappello nike vintage
Import OK for keyword_id=402527. Inserted 48 ads.
KwId: 413440 | (Sub: ) -- Country: IT | 200 lire del 1995
Import OK for keyword_id=413440. Inserted 45 ads.
KwId: 34582 | (Sub: ) -- Country: IT | hamilton jazzmaster spirit of liberty
Import OK for keyword_id=34582. Inserted 14 ads.
KwId: 192205 | (Sub: ) -- Country: IT | sym marmitta
Import OK for keyword_id=192205. Inserted 48 ads.
KwId: 412127 | (Sub: ) -- Country: IT | bandiera brescia calcio
Import OK for keyword_id=412127. Inserted 11 ads.
KwId: 396446 | (Sub: ) -- Country: IT | pikachu vmax
Import OK for keyword_id=396446. Inserted 48 ads.
KwId: 434900 | (Sub: ) -- Country: IT | costume cavaliere oscuro
Import OK for keyword_id=434900. Inserted 48 ads.
KwId: 392752 | (Sub: ) -- Country: IT | tuta donna nike
Import OK for keyword_id=392752. Inserted 48 ads.
KwId: 404055 | (Sub: ) -- Country: IT | cuori shabby da appendere
Import OK for keyword_id=404055. Inserted 48 ads.
KwId: 18712 | (Sub: ) -- Country: IT | autopilota barca
Import OK for keyword_id=18712. Inserted 48 ads.
KwId: 404993 | (Sub: ) -- Country: IT | teddy nero zara
Import OK for keyword_id=404993. Inserted 48 ads.
KwId: 414038 | (Sub: ) -- Country: IT | batteria peppa pig
Import OK for keyword_id=414038. Inserted 48 ads.
KwId: 218240 | (Sub: ) -- Country: IT | bf goodrich
Import OK for keyword_id=218240. Inserted 48 ads.
KwId: 387026 | (Sub: ) -- Country: IT | dvd cd musica classica lirica
Import OK for keyword_id=387026. Inserted 48 ads.
KwId: 377391 | (Sub: ) -- Country: IT | kg 8 lavasciuga
Import OK for keyword_id=377391. Inserted 48 ads.
KwId: 431926 | (Sub: ) -- Country: IT | super mario galaxy 2 ita
Import OK for keyword_id=431926. Inserted 46 ads.
KwId: 255916 | (Sub: ) -- Country: IT | scala 1 87 modellini camion
Import OK for keyword_id=255916. Inserted 48 ads.
KwId: 147109 | (Sub: ) -- Country: IT | motorino avviamento lombardini
Import OK for keyword_id=147109. Inserted 48 ads.
KwId: 412962 | (Sub: ) -- Country: IT | jordan mars 270 low
Import OK for keyword_id=412962. Inserted 48 ads.
KwId: 321608 | (Sub: ) -- Country: IT | maserati levante diesel
Import OK for keyword_id=321608. Inserted 48 ads.
KwId: 410050 | (Sub: ) -- Country: IT | forni di fiore
Import OK for keyword_id=410050. Inserted 48 ads.
KwId: 431134 | (Sub: ) -- Country: IT | slalom
Import OK for keyword_id=431134. Inserted 48 ads.
KwId: 417004 | (Sub: ) -- Country: IT | torta tema harry potter
Import OK for keyword_id=417004. Inserted 27 ads.
KwId: 131344 | (Sub: ) -- Country: IT | antifurto giulietta
Import OK for keyword_id=131344. Inserted 48 ads.
KwId: 412819 | (Sub: ) -- Country: IT | carriola portafiori in ferro
Import OK for keyword_id=412819. Inserted 48 ads.
KwId: 386928 | (Sub: ) -- Country: IT | frigorifero daya
Import OK for keyword_id=386928. Inserted 38 ads.
KwId: 422146 | (Sub: ) -- Country: IT | stivali morbidi bassi
Import OK for keyword_id=422146. Inserted 48 ads.
KwId: 401171 | (Sub: ) -- Country: IT | rialzo sedile auto adulti
Import OK for keyword_id=401171. Inserted 48 ads.
KwId: 297476 | (Sub: ) -- Country: IT | legna forno stufa palazzetti
Import OK for keyword_id=297476. Inserted 24 ads.
KwId: 297271 | (Sub: ) -- Country: IT | macchina cucire industriale pelle
Import OK for keyword_id=297271. Inserted 48 ads.
KwId: 399417 | (Sub: ) -- Country: IT | dunk high by you
Import OK for keyword_id=399417. Inserted 48 ads.
KwId: 403867 | (Sub: ) -- Country: IT | francobollo franklin 1 cent
Import OK for keyword_id=403867. Inserted 48 ads.
KwId: 143310 | (Sub: ) -- Country: IT | pipa cinelli
Import OK for keyword_id=143310. Inserted 48 ads.
KwId: 416143 | (Sub: ) -- Country: IT | samsung galaxy s2 plus
Import OK for keyword_id=416143. Inserted 48 ads.
KwId: 397484 | (Sub: ) -- Country: IT | porta cucito foppapedretti
Skip: <= 5 products in JSON.
Import OK for keyword_id=397484. Inserted 1 ads.
KwId: 415863 | (Sub: ) -- Country: IT | borsa leopardata guess
Import OK for keyword_id=415863. Inserted 48 ads.
KwId: 34237 | (Sub: ) -- Country: IT | cuffia pomello golf 5
Import OK for keyword_id=34237. Inserted 48 ads.
KwId: 431796 | (Sub: ) -- Country: IT | il mitico thor 1
Import OK for keyword_id=431796. Inserted 48 ads.
KwId: 418195 | (Sub: ) -- Country: IT | vogue ottobre 2016
Import OK for keyword_id=418195. Inserted 48 ads.
KwId: 196107 | (Sub: ) -- Country: IT | scheda madre hp g61
Import OK for keyword_id=196107. Inserted 48 ads.
KwId: 406031 | (Sub: ) -- Country: IT | cardigan rosso zara
Import OK for keyword_id=406031. Inserted 48 ads.
KwId: 398395 | (Sub: ) -- Country: IT | lego spider man no way home
Import OK for keyword_id=398395. Inserted 48 ads.
KwId: 414882 | (Sub: ) -- Country: IT | borsa ice play
Import OK for keyword_id=414882. Inserted 48 ads.
KwId: 161166 | (Sub: ) -- Country: IT | naska
Import OK for keyword_id=161166. Inserted 48 ads.
KwId: 312879 | (Sub: ) -- Country: IT | scomparsa matrimoniale
Import OK for keyword_id=312879. Inserted 48 ads.
KwId: 431323 | (Sub: ) -- Country: IT | alimentatore pc samsung
Import OK for keyword_id=431323. Inserted 48 ads.
KwId: 54015 | (Sub: ) -- Country: IT | tuta moto 48
Import OK for keyword_id=54015. Inserted 48 ads.
KwId: 349642 | (Sub: ) -- Country: IT | fornello elettrico 2 piastre
Import OK for keyword_id=349642. Inserted 48 ads.
KwId: 128598 | (Sub: ) -- Country: IT | tv acer
Import OK for keyword_id=128598. Inserted 48 ads.
KwId: 418308 | (Sub: ) -- Country: IT | tuta champions napoli
Skip: <= 5 products in JSON.
Import OK for keyword_id=418308. Inserted 2 ads.
KwId: 142360 | (Sub: ) -- Country: IT | 205 55 16 continental
Import OK for keyword_id=142360. Inserted 48 ads.
KwId: 407357 | (Sub: ) -- Country: IT | maglia foggia 2017
Skip: <= 5 products in JSON.
Import OK for keyword_id=407357. Inserted 1 ads.
KwId: 403832 | (Sub: ) -- Country: IT | pellicce ecologiche zara 2022
Skip: <= 5 products in JSON.
Import OK for keyword_id=403832. Inserted 0 ads.
KwId: 109794 | (Sub: ) -- Country: IT | orologio automobile
Import OK for keyword_id=109794. Inserted 48 ads.
KwId: 413443 | (Sub: ) -- Country: IT | 10 lire del 1980
Import OK for keyword_id=413443. Inserted 48 ads.
KwId: 409996 | (Sub: ) -- Country: IT | rete per recinzione h 200
Import OK for keyword_id=409996. Inserted 48 ads.
KwId: 432054 | (Sub: ) -- Country: IT | pezzi per batteria
Import OK for keyword_id=432054. Inserted 48 ads.
KwId: 329062 | (Sub: ) -- Country: IT | telaietto x adv
Import OK for keyword_id=329062. Inserted 48 ads.
KwId: 80133 | (Sub: ) -- Country: IT | protesi mammarie
Import OK for keyword_id=80133. Inserted 48 ads.
KwId: 423111 | (Sub: ) -- Country: IT | pistola a gas
Import OK for keyword_id=423111. Inserted 48 ads.
KwId: 426922 | (Sub: ) -- Country: IT | feltre
Import OK for keyword_id=426922. Inserted 48 ads.
KwId: 231017 | (Sub: ) -- Country: IT | sony vaio cover vpceh
Import OK for keyword_id=231017. Inserted 40 ads.
KwId: 431763 | (Sub: ) -- Country: IT | afs 80 200
Import OK for keyword_id=431763. Inserted 48 ads.
KwId: 406718 | (Sub: ) -- Country: IT | coprispalle blu elegante
Import OK for keyword_id=406718. Inserted 48 ads.
KwId: 324383 | (Sub: ) -- Country: IT | suzuki burgman 250 cc
Import OK for keyword_id=324383. Inserted 48 ads.
KwId: 428311 | (Sub: ) -- Country: IT | macbook pro tastiera
Import OK for keyword_id=428311. Inserted 48 ads.
KwId: 413112 | (Sub: ) -- Country: IT | 500 lire del 1987
Import OK for keyword_id=413112. Inserted 48 ads.
KwId: 412192 | (Sub: ) -- Country: IT | una lira del 1955
Skip: <= 5 products in JSON.
Import OK for keyword_id=412192. Inserted 3 ads.
KwId: 431447 | (Sub: ) -- Country: IT | 27 hp
Import OK for keyword_id=431447. Inserted 48 ads.
KwId: 399120 | (Sub: ) -- Country: IT | adidas vintage anni '70
Import OK for keyword_id=399120. Inserted 48 ads.
KwId: 418511 | (Sub: ) -- Country: IT | attrezzatura kitesurf completa
Skip: <= 5 products in JSON.
Import OK for keyword_id=418511. Inserted 3 ads.
KwId: 74650 | (Sub: ) -- Country: IT | liquido ripara gomme
Import OK for keyword_id=74650. Inserted 48 ads.
KwId: 427756 | (Sub: ) -- Country: IT | led militare
Import OK for keyword_id=427756. Inserted 48 ads.
KwId: 410709 | (Sub: ) -- Country: IT | diana & co borse
Import OK for keyword_id=410709. Inserted 43 ads.
KwId: 361795 | (Sub: ) -- Country: IT | spille orecchini vintage
Import OK for keyword_id=361795. Inserted 48 ads.
KwId: 434545 | (Sub: ) -- Country: IT | yamaha tastiera
Import OK for keyword_id=434545. Inserted 48 ads.
KwId: 344460 | (Sub: ) -- Country: IT | set colori
Import OK for keyword_id=344460. Inserted 48 ads.
KwId: 412717 | (Sub: ) -- Country: IT | imetec succovivo sj4 1200
Skip: <= 5 products in JSON.
Import OK for keyword_id=412717. Inserted 0 ads.
KwId: 404375 | (Sub: ) -- Country: IT | merlin serie tv completa in italiano
Skip: <= 5 products in JSON.
Import OK for keyword_id=404375. Inserted 0 ads.
KwId: 346600 | (Sub: ) -- Country: IT | bidoni acciaio inox
Import OK for keyword_id=346600. Inserted 48 ads.
KwId: 274375 | (Sub: ) -- Country: IT | samsung gear s3 frontier
Import OK for keyword_id=274375. Inserted 48 ads.
KwId: 420624 | (Sub: ) -- Country: IT | packard bell imedia s3810 scheda tecnica
Skip: <= 5 products in JSON.
Import OK for keyword_id=420624. Inserted 0 ads.
KwId: 397681 | (Sub: ) -- Country: IT | diario chiara ferragni 2023
Import OK for keyword_id=397681. Inserted 8 ads.
KwId: 293270 | (Sub: ) -- Country: IT | fiat panda 4x4 ricambi albero trasmissione
Import OK for keyword_id=293270. Inserted 24 ads.
KwId: 402010 | (Sub: ) -- Country: IT | casa d aste antonina
Skip: <= 5 products in JSON.
Import OK for keyword_id=402010. Inserted 3 ads.
KwId: 283647 | (Sub: ) -- Country: IT | sud sound system vinili
Import OK for keyword_id=283647. Inserted 26 ads.
KwId: 212112 | (Sub: ) -- Country: IT | rayban 3030
Import OK for keyword_id=212112. Inserted 48 ads.
KwId: 335122 | (Sub: ) -- Country: IT | lancia jolly borotalco
Import OK for keyword_id=335122. Inserted 18 ads.
KwId: 400675 | (Sub: ) -- Country: IT | god of war ragnarok
Import OK for keyword_id=400675. Inserted 48 ads.
KwId: 388145 | (Sub: ) -- Country: IT | libri lauren kate
Import OK for keyword_id=388145. Inserted 48 ads.
KwId: 428145 | (Sub: ) -- Country: IT | bo
Import OK for keyword_id=428145. Inserted 48 ads.
KwId: 388600 | (Sub: ) -- Country: IT | trofeo auto d epoca
Import OK for keyword_id=388600. Inserted 48 ads.
KwId: 207099 | (Sub: ) -- Country: IT | gozzo 10 mt
Skip: <= 5 products in JSON.
Import OK for keyword_id=207099. Inserted 1 ads.
KwId: 406699 | (Sub: ) -- Country: IT | vecchiazzano divano
Import OK for keyword_id=406699. Inserted 48 ads.
KwId: 174 | (Sub: ) -- Country: IT | dive system
Import OK for keyword_id=174. Inserted 48 ads.
KwId: 327960 | (Sub: ) -- Country: IT | peugeot 107 1 0 clima
Import OK for keyword_id=327960. Inserted 48 ads.
KwId: 400075 | (Sub: ) -- Country: IT | maglioni donna zara
Import OK for keyword_id=400075. Inserted 48 ads.
KwId: 278563 | (Sub: ) -- Country: IT | quaderni ad anelli
Import OK for keyword_id=278563. Inserted 48 ads.
KwId: 292985 | (Sub: ) -- Country: IT | sottsass tavolo
Import OK for keyword_id=292985. Inserted 48 ads.
KwId: 428228 | (Sub: ) -- Country: IT | gtx 580 nvidia
Import OK for keyword_id=428228. Inserted 48 ads.
KwId: 400817 | (Sub: ) -- Country: IT | ferrari gt collection hachette
Import OK for keyword_id=400817. Inserted 48 ads.
KwId: 123479 | (Sub: ) -- Country: IT | fototifo
Import OK for keyword_id=123479. Inserted 48 ads.
KwId: 272783 | (Sub: ) -- Country: IT | pietra serena lavandino
Skip: <= 5 products in JSON.
Import OK for keyword_id=272783. Inserted 2 ads.
KwId: 419006 | (Sub: ) -- Country: IT | silica gel cat litter
Import OK for keyword_id=419006. Inserted 48 ads.
KwId: 392184 | (Sub: ) -- Country: IT | dipa sport
Import OK for keyword_id=392184. Inserted 22 ads.
KwId: 428317 | (Sub: ) -- Country: IT | collezione repubblica
Import OK for keyword_id=428317. Inserted 48 ads.
KwId: 33958 | (Sub: ) -- Country: IT | tommaso cascella
Import OK for keyword_id=33958. Inserted 48 ads.
KwId: 430651 | (Sub: ) -- Country: IT | giochi xbox ita
Import OK for keyword_id=430651. Inserted 48 ads.
KwId: 112504 | (Sub: ) -- Country: IT | tiger woods
Import OK for keyword_id=112504. Inserted 48 ads.
KwId: 415910 | (Sub: ) -- Country: IT | stufa a pellet idro
Import OK for keyword_id=415910. Inserted 48 ads.
KwId: 416883 | (Sub: ) -- Country: IT | zara jeans skinny
Import OK for keyword_id=416883. Inserted 48 ads.
KwId: 400615 | (Sub: ) -- Country: IT | appendiabiti shabby maison du monde
Skip: <= 5 products in JSON.
Import OK for keyword_id=400615. Inserted 0 ads.
KwId: 434521 | (Sub: ) -- Country: IT | casco integrale donna rosso
Import OK for keyword_id=434521. Inserted 48 ads.
KwId: 145149 | (Sub: ) -- Country: IT | step technogym
Import OK for keyword_id=145149. Inserted 46 ads.
KwId: 407602 | (Sub: ) -- Country: IT | tovaglia cerata ikea
Skip: <= 5 products in JSON.
Import OK for keyword_id=407602. Inserted 0 ads.
KwId: 435313 | (Sub: ) -- Country: IT | carburatore vespa polini
Import OK for keyword_id=435313. Inserted 48 ads.
KwId: 379005 | (Sub: ) -- Country: IT | retina ipad 4 gb 16 cellular
Import OK for keyword_id=379005. Inserted 48 ads.
KwId: 426799 | (Sub: ) -- Country: IT | pendolo magico
Import OK for keyword_id=426799. Inserted 48 ads.
KwId: 419389 | (Sub: ) -- Country: IT | hp 912 xl multipack
Import OK for keyword_id=419389. Inserted 48 ads.
KwId: 383146 | (Sub: ) -- Country: IT | audi 6 a3 1 tdi design
Import OK for keyword_id=383146. Inserted 48 ads.
KwId: 355992 | (Sub: ) -- Country: IT | napoli san rocco
Import OK for keyword_id=355992. Inserted 6 ads.
KwId: 402104 | (Sub: ) -- Country: IT | pop it among us
Import OK for keyword_id=402104. Inserted 48 ads.
KwId: 410291 | (Sub: ) -- Country: IT | telo mare chanel
Import OK for keyword_id=410291. Inserted 48 ads.
KwId: 405971 | (Sub: ) -- Country: IT | cd karaoke violetta
Import OK for keyword_id=405971. Inserted 48 ads.
KwId: 116975 | (Sub: ) -- Country: IT | roboreptile
Import OK for keyword_id=116975. Inserted 48 ads.
KwId: 424690 | (Sub: ) -- Country: IT | dvd sex and city
Import OK for keyword_id=424690. Inserted 48 ads.
KwId: 405156 | (Sub: ) -- Country: IT | zaino di frozen che si illumina al buio
Skip: <= 5 products in JSON.
Import OK for keyword_id=405156. Inserted 0 ads.
KwId: 305557 | (Sub: ) -- Country: IT | gpr scarico ducati monster
Import OK for keyword_id=305557. Inserted 48 ads.
KwId: 298343 | (Sub: ) -- Country: IT | armadio legno fucili
Import OK for keyword_id=298343. Inserted 48 ads.
KwId: 418911 | (Sub: ) -- Country: IT | lampadari a goccia di cristallo antichi
Import OK for keyword_id=418911. Inserted 48 ads.
KwId: 285098 | (Sub: ) -- Country: IT | cingolato trattore
Import OK for keyword_id=285098. Inserted 48 ads.
KwId: 291562 | (Sub: ) -- Country: IT | piastra ghd max styler
Import OK for keyword_id=291562. Inserted 48 ads.
KwId: 151453 | (Sub: ) -- Country: IT | buon ricordo milano
Import OK for keyword_id=151453. Inserted 48 ads.
KwId: 139626 | (Sub: ) -- Country: IT | porta sci snowboard fapa
Skip: <= 5 products in JSON.
Import OK for keyword_id=139626. Inserted 4 ads.
KwId: 394710 | (Sub: ) -- Country: IT | pirelli 4 stagioni
Import OK for keyword_id=394710. Inserted 48 ads.
KwId: 417685 | (Sub: ) -- Country: IT | quadro teste di moro
Import OK for keyword_id=417685. Inserted 48 ads.
KwId: 417241 | (Sub: ) -- Country: IT | foto donne in costume
Import OK for keyword_id=417241. Inserted 48 ads.
KwId: 417453 | (Sub: ) -- Country: IT | orologio fedez ops
Skip: <= 5 products in JSON.
Import OK for keyword_id=417453. Inserted 1 ads.
KwId: 401951 | (Sub: ) -- Country: IT | maglione a vestito zara
Import OK for keyword_id=401951. Inserted 48 ads.
KwId: 423287 | (Sub: ) -- Country: IT | onkyo a 7
Import OK for keyword_id=423287. Inserted 48 ads.
KwId: 415307 | (Sub: ) -- Country: IT | manifattura artistica le porcellane
Import OK for keyword_id=415307. Inserted 48 ads.
KwId: 310150 | (Sub: ) -- Country: IT | capelli veri parrucche
Import OK for keyword_id=310150. Inserted 48 ads.
KwId: 275489 | (Sub: ) -- Country: IT | corbusier cassina chaise longue
Import OK for keyword_id=275489. Inserted 48 ads.
KwId: 434140 | (Sub: ) -- Country: IT | da tasca argento zenith
Import OK for keyword_id=434140. Inserted 48 ads.
KwId: 340743 | (Sub: ) -- Country: IT | supporto culla
Import OK for keyword_id=340743. Inserted 48 ads.
KwId: 216698 | (Sub: ) -- Country: IT | casse ciare auto
Import OK for keyword_id=216698. Inserted 48 ads.
KwId: 60489 | (Sub: ) -- Country: IT | umberto boccioni
Import OK for keyword_id=60489. Inserted 48 ads.
KwId: 410795 | (Sub: ) -- Country: IT | tuta zara bambina
Import OK for keyword_id=410795. Inserted 48 ads.
KwId: 425369 | (Sub: ) -- Country: IT | pantografo cnc per
Import OK for keyword_id=425369. Inserted 17 ads.
KwId: 208291 | (Sub: ) -- Country: IT | motosega oleomac 936
Import OK for keyword_id=208291. Inserted 48 ads.
KwId: 171074 | (Sub: ) -- Country: IT | largo winch
Import OK for keyword_id=171074. Inserted 48 ads.
KwId: 175401 | (Sub: ) -- Country: IT | tavolo cemento ping pong
Import OK for keyword_id=175401. Inserted 6 ads.
KwId: 434638 | (Sub: ) -- Country: IT | 18 55 nikkor
Import OK for keyword_id=434638. Inserted 48 ads.
KwId: 398345 | (Sub: ) -- Country: IT | www nutella it regalissimi
Skip: <= 5 products in JSON.
Import OK for keyword_id=398345. Inserted 0 ads.
KwId: 38648 | (Sub: ) -- Country: IT | golden goose uomo
Import OK for keyword_id=38648. Inserted 48 ads.
KwId: 417916 | (Sub: ) -- Country: IT | gli incredibili 2 cover dvd
Import OK for keyword_id=417916. Inserted 48 ads.
KwId: 434263 | (Sub: ) -- Country: IT | speaker iphone4
Import OK for keyword_id=434263. Inserted 48 ads.
KwId: 349021 | (Sub: ) -- Country: IT | cerchi 17 bicolore
Import OK for keyword_id=349021. Inserted 48 ads.
KwId: 377655 | (Sub: ) -- Country: IT | fs husqvarna 2019 450
Import OK for keyword_id=377655. Inserted 48 ads.
KwId: 401153 | (Sub: ) -- Country: IT | valore gettone telefonico 7906
Skip: <= 5 products in JSON.
Import OK for keyword_id=401153. Inserted 0 ads.
KwId: 155715 | (Sub: ) -- Country: IT | bagnomaria
Import OK for keyword_id=155715. Inserted 48 ads.
KwId: 411003 | (Sub: ) -- Country: IT | decathlon bici bambina 16
Import OK for keyword_id=411003. Inserted 10 ads.
KwId: 6924 | (Sub: ) -- Country: IT | bilancia pesa bambino
Import OK for keyword_id=6924. Inserted 48 ads.
KwId: 404457 | (Sub: ) -- Country: IT | cover off white nike
Import OK for keyword_id=404457. Inserted 47 ads.
KwId: 401621 | (Sub: ) -- Country: IT | pedale frizione chevrolet spark
Import OK for keyword_id=401621. Inserted 48 ads.
KwId: 404922 | (Sub: ) -- Country: IT | giacche moto
Import OK for keyword_id=404922. Inserted 48 ads.
KwId: 424884 | (Sub: ) -- Country: IT | guerra equatoriale
Import OK for keyword_id=424884. Inserted 48 ads.
KwId: 288936 | (Sub: ) -- Country: IT | coyote pelliccia
Import OK for keyword_id=288936. Inserted 48 ads.
KwId: 421541 | (Sub: ) -- Country: IT | portapacchi fiat 500 epoca
Import OK for keyword_id=421541. Inserted 48 ads.
KwId: 398138 | (Sub: ) -- Country: IT | cinecitta world biglietti 2x1
Skip: <= 5 products in JSON.
Import OK for keyword_id=398138. Inserted 0 ads.
KwId: 41762 | (Sub: ) -- Country: IT | scoter
Import OK for keyword_id=41762. Inserted 48 ads.
KwId: 423347 | (Sub: ) -- Country: IT | ideal standard small
Import OK for keyword_id=423347. Inserted 48 ads.
KwId: 75868 | (Sub: ) -- Country: IT | lavastoviglie compatta
Import OK for keyword_id=75868. Inserted 48 ads.
KwId: 434558 | (Sub: ) -- Country: IT | tutine 0 2 mesi
Import OK for keyword_id=434558. Inserted 48 ads.
KwId: 297489 | (Sub: ) -- Country: IT | aerografo modellismo compressore
Import OK for keyword_id=297489. Inserted 48 ads.
KwId: 403737 | (Sub: ) -- Country: IT | zara abbigliamento ragazza
Import OK for keyword_id=403737. Inserted 48 ads.
KwId: 413789 | (Sub: ) -- Country: IT | borsa postina louis vuitton
Import OK for keyword_id=413789. Inserted 48 ads.
KwId: 25229 | (Sub: ) -- Country: IT | sharp dv
Import OK for keyword_id=25229. Inserted 48 ads.
KwId: 397846 | (Sub: ) -- Country: IT | valore 2 spagna 2002
Skip: <= 5 products in JSON.
Import OK for keyword_id=397846. Inserted 2 ads.
KwId: 419265 | (Sub: ) -- Country: IT | vassoio stokke
Import OK for keyword_id=419265. Inserted 48 ads.
KwId: 261501 | (Sub: ) -- Country: IT | lettore codice barre
Import OK for keyword_id=261501. Inserted 48 ads.
KwId: 269547 | (Sub: ) -- Country: IT | sony cdx gt35u frontalino
Skip: <= 5 products in JSON.
Import OK for keyword_id=269547. Inserted 4 ads.
KwId: 300576 | (Sub: ) -- Country: IT | camion epoca ford
Import OK for keyword_id=300576. Inserted 48 ads.
KwId: 435037 | (Sub: ) -- Country: IT | cornici per invito
Import OK for keyword_id=435037. Inserted 48 ads.
KwId: 406095 | (Sub: ) -- Country: IT | calendario playboy italia 2016
Skip: <= 5 products in JSON.
Import OK for keyword_id=406095. Inserted 3 ads.
KwId: 399445 | (Sub: ) -- Country: IT | abiti prendisole taglie forti
Import OK for keyword_id=399445. Inserted 6 ads.
KwId: 413704 | (Sub: ) -- Country: IT | body corpetto intimissimi
Import OK for keyword_id=413704. Inserted 48 ads.
KwId: 415710 | (Sub: ) -- Country: IT | appendiabiti ikea legno
Import OK for keyword_id=415710. Inserted 48 ads.
KwId: 292225 | (Sub: ) -- Country: IT | tripp trapp stokke firenze
Skip: <= 5 products in JSON.
Import OK for keyword_id=292225. Inserted 0 ads.
KwId: 371213 | (Sub: ) -- Country: IT | steampunk corsetto
Import OK for keyword_id=371213. Inserted 48 ads.
KwId: 25261 | (Sub: ) -- Country: IT | alimentatore atx
Import OK for keyword_id=25261. Inserted 48 ads.
KwId: 403002 | (Sub: ) -- Country: IT | ovetto per donna
Import OK for keyword_id=403002. Inserted 48 ads.
KwId: 426051 | (Sub: ) -- Country: IT | darling fabbri romanzi
Import OK for keyword_id=426051. Inserted 48 ads.
KwId: 404537 | (Sub: ) -- Country: IT | ballerine a punta zara
Import OK for keyword_id=404537. Inserted 32 ads.
KwId: 100794 | (Sub: ) -- Country: IT | dire straits alchemy
Import OK for keyword_id=100794. Inserted 48 ads.
KwId: 288136 | (Sub: ) -- Country: IT | hyundai matrix cruscotto
Import OK for keyword_id=288136. Inserted 48 ads.
KwId: 400409 | (Sub: ) -- Country: IT | costumi da bagno donna hot
Import OK for keyword_id=400409. Inserted 48 ads.
KwId: 419410 | (Sub: ) -- Country: IT | portachiavi jeep compass
Import OK for keyword_id=419410. Inserted 48 ads.
KwId: 428051 | (Sub: ) -- Country: IT | sacchetti trasparenti zip
Import OK for keyword_id=428051. Inserted 48 ads.
KwId: 399291 | (Sub: ) -- Country: IT | jeans uomo strappati zara
Import OK for keyword_id=399291. Inserted 48 ads.
KwId: 322782 | (Sub: ) -- Country: IT | ganci inox
Import OK for keyword_id=322782. Inserted 48 ads.
KwId: 414986 | (Sub: ) -- Country: IT | orologi vetta anni 70
Import OK for keyword_id=414986. Inserted 37 ads.
KwId: 219930 | (Sub: ) -- Country: IT | yamaha psr 2000
Import OK for keyword_id=219930. Inserted 48 ads.
KwId: 109924 | (Sub: ) -- Country: IT | paraurti audi a3 s3
Import OK for keyword_id=109924. Inserted 48 ads.
KwId: 412766 | (Sub: ) -- Country: IT | zaino pyrex glitter
Skip: <= 5 products in JSON.
Import OK for keyword_id=412766. Inserted 1 ads.
KwId: 417003 | (Sub: ) -- Country: IT | accu chek performa
Import OK for keyword_id=417003. Inserted 27 ads.
KwId: 297451 | (Sub: ) -- Country: IT | fisheye m42
Import OK for keyword_id=297451. Inserted 48 ads.
KwId: 227997 | (Sub: ) -- Country: IT | portapacchi panda barre
Import OK for keyword_id=227997. Inserted 48 ads.
KwId: 338217 | (Sub: ) -- Country: IT | scarpe new balance donna
Import OK for keyword_id=338217. Inserted 48 ads.
KwId: 415436 | (Sub: ) -- Country: IT | dior b23 bianche
Import OK for keyword_id=415436. Inserted 48 ads.
KwId: 418143 | (Sub: ) -- Country: IT | bracciale oro e corallo neonati significato
Skip: <= 5 products in JSON.
Import OK for keyword_id=418143. Inserted 0 ads.
KwId: 214154 | (Sub: ) -- Country: IT | spider man 3 gioco
Import OK for keyword_id=214154. Inserted 48 ads.
KwId: 184040 | (Sub: ) -- Country: IT | interni nissan navara
Import OK for keyword_id=184040. Inserted 48 ads.
KwId: 100467 | (Sub: ) -- Country: IT | tuta dainese 54
Import OK for keyword_id=100467. Inserted 48 ads.
KwId: 401985 | (Sub: ) -- Country: IT | cerchi in lega 19 bmw
Import OK for keyword_id=401985. Inserted 48 ads.
KwId: 151425 | (Sub: ) -- Country: IT | buggy radiocomandato
Import OK for keyword_id=151425. Inserted 48 ads.
KwId: 119578 | (Sub: ) -- Country: IT | riccardo gusmaroli
Import OK for keyword_id=119578. Inserted 27 ads.
KwId: 395539 | (Sub: ) -- Country: IT | pasticche freni
Import OK for keyword_id=395539. Inserted 48 ads.
KwId: 221311 | (Sub: ) -- Country: IT | tazze illy
Import OK for keyword_id=221311. Inserted 48 ads.
KwId: 204991 | (Sub: ) -- Country: IT | amplificatore rega
Import OK for keyword_id=204991. Inserted 48 ads.
KwId: 13963 | (Sub: ) -- Country: IT | moncler donna
Import OK for keyword_id=13963. Inserted 48 ads.
KwId: 292846 | (Sub: ) -- Country: IT | joker boat coaster bari
Skip: <= 5 products in JSON.
Import OK for keyword_id=292846. Inserted 0 ads.
KwId: 288238 | (Sub: ) -- Country: IT | abarth 850 tc motore
Import OK for keyword_id=288238. Inserted 27 ads.
KwId: 21747 | (Sub: ) -- Country: IT | hogan interactive 36 donna
Import OK for keyword_id=21747. Inserted 48 ads.
KwId: 175706 | (Sub: ) -- Country: IT | franchini 45
Import OK for keyword_id=175706. Inserted 48 ads.
KwId: 415235 | (Sub: ) -- Country: IT | 500 lire del 1992
Import OK for keyword_id=415235. Inserted 48 ads.
KwId: 433982 | (Sub: ) -- Country: IT | ti bene
Import OK for keyword_id=433982. Inserted 48 ads.
KwId: 382158 | (Sub: ) -- Country: IT | ghost x men box
Import OK for keyword_id=382158. Inserted 48 ads.
KwId: 247357 | (Sub: ) -- Country: IT | argenta 1 43
Import OK for keyword_id=247357. Inserted 48 ads.
KwId: 418812 | (Sub: ) -- Country: IT | nike team hustle d8
Import OK for keyword_id=418812. Inserted 48 ads.
KwId: 114346 | (Sub: ) -- Country: IT | gazebo giardino
Import OK for keyword_id=114346. Inserted 48 ads.
KwId: 423300 | (Sub: ) -- Country: IT | bike da spinning
Import OK for keyword_id=423300. Inserted 48 ads.
KwId: 418579 | (Sub: ) -- Country: IT | biscottiera vetro grande
Skip: <= 5 products in JSON.
Import OK for keyword_id=418579. Inserted 4 ads.
KwId: 100272 | (Sub: ) -- Country: IT | laser 3w
Import OK for keyword_id=100272. Inserted 48 ads.
KwId: 402246 | (Sub: ) -- Country: IT | trousse pupa scoiattolo
Skip: <= 5 products in JSON.
Import OK for keyword_id=402246. Inserted 1 ads.
KwId: 404367 | (Sub: ) -- Country: IT | totti maglia derby
Import OK for keyword_id=404367. Inserted 16 ads.
KwId: 331282 | (Sub: ) -- Country: IT | ford galaxy ghia
Import OK for keyword_id=331282. Inserted 48 ads.
KwId: 277157 | (Sub: ) -- Country: IT | fari triumph
Import OK for keyword_id=277157. Inserted 48 ads.
KwId: 397802 | (Sub: ) -- Country: IT | giacca con frange zara
Import OK for keyword_id=397802. Inserted 48 ads.
KwId: 39655 | (Sub: ) -- Country: IT | vans 38
Import OK for keyword_id=39655. Inserted 48 ads.
KwId: 396080 | (Sub: ) -- Country: IT | jordan 4 verdi
Import OK for keyword_id=396080. Inserted 48 ads.
KwId: 405833 | (Sub: ) -- Country: IT | buono regalo louis vuitton
Import OK for keyword_id=405833. Inserted 48 ads.
KwId: 398587 | (Sub: ) -- Country: IT | pupazzo stitch grande
Import OK for keyword_id=398587. Inserted 6 ads.
KwId: 405802 | (Sub: ) -- Country: IT | bomber zara donna
Import OK for keyword_id=405802. Inserted 48 ads.
KwId: 431706 | (Sub: ) -- Country: IT | soldatini e figurini antico
Import OK for keyword_id=431706. Inserted 48 ads.
KwId: 399622 | (Sub: ) -- Country: IT | coprispalle argento cerimonia
Import OK for keyword_id=399622. Inserted 48 ads.
KwId: 404697 | (Sub: ) -- Country: IT | cerina ford focus
Import OK for keyword_id=404697. Inserted 48 ads.
KwId: 180463 | (Sub: ) -- Country: IT | mountain bike bianchi blu
Import OK for keyword_id=180463. Inserted 48 ads.
KwId: 399437 | (Sub: ) -- Country: IT | sneakers uomo louis vuitton
Import OK for keyword_id=399437. Inserted 48 ads.
KwId: 10366 | (Sub: ) -- Country: IT | vaticano 1948
Import OK for keyword_id=10366. Inserted 48 ads.
KwId: 411230 | (Sub: ) -- Country: IT | tavoli antichi 800
Import OK for keyword_id=411230. Inserted 48 ads.
KwId: 407560 | (Sub: ) -- Country: IT | piatti bianchi e blu inglesi
Import OK for keyword_id=407560. Inserted 48 ads.
KwId: 247899 | (Sub: ) -- Country: IT | raffaella carra statuetta
Skip: <= 5 products in JSON.
Import OK for keyword_id=247899. Inserted 2 ads.
KwId: 264313 | (Sub: ) -- Country: IT | mulinello mitchell surfcasting
Import OK for keyword_id=264313. Inserted 17 ads.
KwId: 195702 | (Sub: ) -- Country: IT | voigtlander vito skopar
Import OK for keyword_id=195702. Inserted 48 ads.
KwId: 423431 | (Sub: ) -- Country: IT | lost stagione
Import OK for keyword_id=423431. Inserted 48 ads.
KwId: 47050 | (Sub: ) -- Country: IT | bobine teflon
Import OK for keyword_id=47050. Inserted 48 ads.
KwId: 431066 | (Sub: ) -- Country: IT | ps3 key
Import OK for keyword_id=431066. Inserted 48 ads.
KwId: 412295 | (Sub: ) -- Country: IT | bancone bar offerte
Skip: <= 5 products in JSON.
Import OK for keyword_id=412295. Inserted 3 ads.
KwId: 431020 | (Sub: ) -- Country: IT | peluches sette nani
Import OK for keyword_id=431020. Inserted 48 ads.
KwId: 423476 | (Sub: ) -- Country: IT | dadi vespa
Import OK for keyword_id=423476. Inserted 48 ads.
KwId: 117917 | (Sub: ) -- Country: IT | occhiali beretta
Import OK for keyword_id=117917. Inserted 48 ads.
KwId: 48391 | (Sub: ) -- Country: IT | vitara auto
Import OK for keyword_id=48391. Inserted 48 ads.
KwId: 434346 | (Sub: ) -- Country: IT | mk 1 golf cerchi in lega
Import OK for keyword_id=434346. Inserted 48 ads.
KwId: 301762 | (Sub: ) -- Country: IT | tavola grafica wacom
Import OK for keyword_id=301762. Inserted 48 ads.
KwId: 434274 | (Sub: ) -- Country: IT | intel core 860
Import OK for keyword_id=434274. Inserted 48 ads.
KwId: 79780 | (Sub: ) -- Country: IT | potatore decespugliatore
Import OK for keyword_id=79780. Inserted 48 ads.
KwId: 427491 | (Sub: ) -- Country: IT | tv lcd 23 pollici
Import OK for keyword_id=427491. Inserted 48 ads.
KwId: 400401 | (Sub: ) -- Country: IT | maschili bracciale pandora uomo indossato
Skip: <= 5 products in JSON.
Import OK for keyword_id=400401. Inserted 0 ads.
KwId: 414784 | (Sub: ) -- Country: IT | centrino uncinetto moderno
Import OK for keyword_id=414784. Inserted 48 ads.
KwId: 399602 | (Sub: ) -- Country: IT | pantaloni in ecopelle zara
Import OK for keyword_id=399602. Inserted 48 ads.
*** End of crawl for IT (keywords: 500) | 2026-01-15 14:21:06
