Country passed : uk
Crawling of 500 starting
*** Start crawling : 2026-01-15 15:06:57 | MAX KW : 500 | Country : GB
KwId: 48 | (Sub: ) -- Country: GB | baby activity centre
Import OK for keyword_id=48. Inserted 48 ads.
KwId: 288404 | (Sub: ) -- Country: GB | clear glass ribbon plate
Import OK for keyword_id=288404. Inserted 48 ads.
KwId: 264756 | (Sub: ) -- Country: GB | cherished number plates
Import OK for keyword_id=264756. Inserted 48 ads.
KwId: 286570 | (Sub: ) -- Country: GB | bike bases
Import OK for keyword_id=286570. Inserted 48 ads.
KwId: 280240 | (Sub: ) -- Country: GB | air bubbles for cars
Import OK for keyword_id=280240. Inserted 48 ads.
KwId: 272522 | (Sub: ) -- Country: GB | pricesspring tine cultivator
Skip: <= 5 products in JSON.
Import OK for keyword_id=272522. Inserted 0 ads.
KwId: 282861 | (Sub: ) -- Country: GB | 175 65 15
Import OK for keyword_id=282861. Inserted 48 ads.
KwId: 293510 | (Sub: ) -- Country: GB | red helmet
Import OK for keyword_id=293510. Inserted 48 ads.
KwId: 285717 | (Sub: ) -- Country: GB | pricessuzuki gsxr 1100 engine
Import OK for keyword_id=285717. Inserted 48 ads.
KwId: 270465 | (Sub: ) -- Country: GB | strut top mount
Import OK for keyword_id=270465. Inserted 48 ads.
KwId: 269919 | (Sub: ) -- Country: GB | dental technician
Import OK for keyword_id=269919. Inserted 48 ads.
KwId: 272237 | (Sub: ) -- Country: GB | captain america avenger dvd
Import OK for keyword_id=272237. Inserted 48 ads.
KwId: 257055 | (Sub: ) -- Country: GB | tanglewood odyssey electro acoustic
Import OK for keyword_id=257055. Inserted 28 ads.
KwId: 249771 | (Sub: ) -- Country: GB | sony bravia kdl40r473 40 led tv
Import OK for keyword_id=249771. Inserted 48 ads.
KwId: 239458 | (Sub: ) -- Country: GB | childrens hat, scarf and gloves set sainsbury's
Import OK for keyword_id=239458. Inserted 48 ads.
KwId: 249724 | (Sub: ) -- Country: GB | panasonic 32 inch 32tx-32e302
Skip: <= 5 products in JSON.
Import OK for keyword_id=249724. Inserted 0 ads.
KwId: 251903 | (Sub: ) -- Country: GB | yellow and green man utd shirt
Import OK for keyword_id=251903. Inserted 48 ads.
KwId: 247529 | (Sub: ) -- Country: GB | mig work joggers
Import OK for keyword_id=247529. Inserted 7 ads.
KwId: 247079 | (Sub: ) -- Country: GB | chaos electric scooter 1600w
Import OK for keyword_id=247079. Inserted 48 ads.
KwId: 242537 | (Sub: ) -- Country: GB | little tikes gourmet prep n serve kitchen pink
Import OK for keyword_id=242537. Inserted 12 ads.
KwId: 239329 | (Sub: ) -- Country: GB | starfly electric bike
Skip: <= 5 products in JSON.
Import OK for keyword_id=239329. Inserted 0 ads.
KwId: 253662 | (Sub: ) -- Country: GB | encanto book with figures
Import OK for keyword_id=253662. Inserted 12 ads.
KwId: 239760 | (Sub: ) -- Country: GB | dunelm rug clearance
Import OK for keyword_id=239760. Inserted 48 ads.
KwId: 252203 | (Sub: ) -- Country: GB | electric hook up cable halfords
Skip: <= 5 products in JSON.
Import OK for keyword_id=252203. Inserted 2 ads.
KwId: 256045 | (Sub: ) -- Country: GB | our generation dog kennel
Import OK for keyword_id=256045. Inserted 11 ads.
KwId: 239499 | (Sub: ) -- Country: GB | paddington bear toy m&s
Import OK for keyword_id=239499. Inserted 48 ads.
KwId: 245755 | (Sub: ) -- Country: GB | mcdonalds furby 2016
Import OK for keyword_id=245755. Inserted 48 ads.
KwId: 240183 | (Sub: ) -- Country: GB | electric cooker with eye level grill
Import OK for keyword_id=240183. Inserted 48 ads.
KwId: 246306 | (Sub: ) -- Country: GB | 80s pencil case
Import OK for keyword_id=246306. Inserted 48 ads.
KwId: 250101 | (Sub: ) -- Country: GB | sainsbury hero cards
Import OK for keyword_id=250101. Inserted 48 ads.
KwId: 256371 | (Sub: ) -- Country: GB | quarry critters bears
Import OK for keyword_id=256371. Inserted 48 ads.
KwId: 145455 | (Sub: ) -- Country: GB | mamas rocker
Import OK for keyword_id=145455. Inserted 48 ads.
KwId: 237036 | (Sub: ) -- Country: GB | zx 900 weave
Import OK for keyword_id=237036. Inserted 15 ads.
KwId: 253355 | (Sub: ) -- Country: GB | heroes and villains aston villa
Import OK for keyword_id=253355. Inserted 48 ads.
KwId: 242497 | (Sub: ) -- Country: GB | canon pixma mg7752 best price
Skip: <= 5 products in JSON.
Import OK for keyword_id=242497. Inserted 0 ads.
KwId: 139011 | (Sub: ) -- Country: GB | emf detector
Import OK for keyword_id=139011. Inserted 48 ads.
KwId: 253875 | (Sub: ) -- Country: GB | orange diva 2013
Skip: <= 5 products in JSON.
Import OK for keyword_id=253875. Inserted 0 ads.
KwId: 239283 | (Sub: ) -- Country: GB | stagecoach timetables 2014
Import OK for keyword_id=239283. Inserted 41 ads.
KwId: 250228 | (Sub: ) -- Country: GB | denon avr-x2300w
Import OK for keyword_id=250228. Inserted 48 ads.
KwId: 247542 | (Sub: ) -- Country: GB | xgear camping chair
Import OK for keyword_id=247542. Inserted 9 ads.
KwId: 239237 | (Sub: ) -- Country: GB | ex display fridge freezers currys
Import OK for keyword_id=239237. Inserted 48 ads.
KwId: 239276 | (Sub: ) -- Country: GB | safety trainers adidas
Import OK for keyword_id=239276. Inserted 48 ads.
KwId: 248102 | (Sub: ) -- Country: GB | qings wing electric scooter
Import OK for keyword_id=248102. Inserted 11 ads.
KwId: 249815 | (Sub: ) -- Country: GB | ikea adum rug
Import OK for keyword_id=249815. Inserted 11 ads.
KwId: 260798 | (Sub: ) -- Country: GB | 12x6 number plates
Import OK for keyword_id=260798. Inserted 48 ads.
KwId: 103501 | (Sub: ) -- Country: GB | forces of valor 1 32
Import OK for keyword_id=103501. Inserted 48 ads.
KwId: 24075 | (Sub: ) -- Country: GB | cobridge jug
Import OK for keyword_id=24075. Inserted 48 ads.
KwId: 241266 | (Sub: ) -- Country: GB | airmod qc25
Skip: <= 5 products in JSON.
Import OK for keyword_id=241266. Inserted 0 ads.
KwId: 239462 | (Sub: ) -- Country: GB | pop its
Import OK for keyword_id=239462. Inserted 48 ads.
KwId: 244980 | (Sub: ) -- Country: GB | lion king purse
Import OK for keyword_id=244980. Inserted 48 ads.
KwId: 223173 | (Sub: ) -- Country: GB | soap roses
Import OK for keyword_id=223173. Inserted 48 ads.
KwId: 242138 | (Sub: ) -- Country: GB | air max steel toe caps
Import OK for keyword_id=242138. Inserted 48 ads.
KwId: 242007 | (Sub: ) -- Country: GB | citron quartz watch
Import OK for keyword_id=242007. Inserted 48 ads.
KwId: 261057 | (Sub: ) -- Country: GB | moretti bar runner
Import OK for keyword_id=261057. Inserted 48 ads.
KwId: 250647 | (Sub: ) -- Country: GB | canon powershot elph 110 hs
Import OK for keyword_id=250647. Inserted 48 ads.
KwId: 248694 | (Sub: ) -- Country: GB | scale wizard best price
Skip: <= 5 products in JSON.
Import OK for keyword_id=248694. Inserted 0 ads.
KwId: 257408 | (Sub: ) -- Country: GB | nikon d5500 body only
Import OK for keyword_id=257408. Inserted 48 ads.
KwId: 260963 | (Sub: ) -- Country: GB | lowbrow customs
Import OK for keyword_id=260963. Inserted 48 ads.
KwId: 240576 | (Sub: ) -- Country: GB | mobile tyre van
Import OK for keyword_id=240576. Inserted 48 ads.
KwId: 248040 | (Sub: ) -- Country: GB | auchrannie lodges
Skip: <= 5 products in JSON.
Import OK for keyword_id=248040. Inserted 0 ads.
KwId: 242558 | (Sub: ) -- Country: GB | signed liverpool ball
Import OK for keyword_id=242558. Inserted 48 ads.
KwId: 247276 | (Sub: ) -- Country: GB | sofia magical talking castle
Skip: <= 5 products in JSON.
Import OK for keyword_id=247276. Inserted 5 ads.
KwId: 249719 | (Sub: ) -- Country: GB | minnie mouse mirror
Import OK for keyword_id=249719. Inserted 48 ads.
KwId: 234533 | (Sub: ) -- Country: GB | pigeon lofts  ebay
Skip: <= 5 products in JSON.
Import OK for keyword_id=234533. Inserted 0 ads.
KwId: 241402 | (Sub: ) -- Country: GB | emma bridgewater fabric
Import OK for keyword_id=241402. Inserted 48 ads.
KwId: 242418 | (Sub: ) -- Country: GB | nars foundation samples
Import OK for keyword_id=242418. Inserted 36 ads.
KwId: 253835 | (Sub: ) -- Country: GB | concertino kolberg oak effect
Skip: <= 5 products in JSON.
Import OK for keyword_id=253835. Inserted 0 ads.
KwId: 239742 | (Sub: ) -- Country: GB | fisher fury
Import OK for keyword_id=239742. Inserted 27 ads.
KwId: 258050 | (Sub: ) -- Country: GB | habitat octo rug
Import OK for keyword_id=258050. Inserted 21 ads.
KwId: 244391 | (Sub: ) -- Country: GB | distroller toys
Skip: <= 5 products in JSON.
Import OK for keyword_id=244391. Inserted 4 ads.
KwId: 254842 | (Sub: ) -- Country: GB | police dog van
Import OK for keyword_id=254842. Inserted 48 ads.
KwId: 242309 | (Sub: ) -- Country: GB | brooklands capri
Import OK for keyword_id=242309. Inserted 48 ads.
KwId: 251661 | (Sub: ) -- Country: GB | anna smith bags rucksack
Import OK for keyword_id=251661. Inserted 7 ads.
KwId: 241605 | (Sub: ) -- Country: GB | zara sequin trousers
Import OK for keyword_id=241605. Inserted 48 ads.
KwId: 243374 | (Sub: ) -- Country: GB | pippa dee clothing
Skip: <= 5 products in JSON.
Import OK for keyword_id=243374. Inserted 2 ads.
KwId: 240765 | (Sub: ) -- Country: GB | active energy battery
Import OK for keyword_id=240765. Inserted 48 ads.
KwId: 242610 | (Sub: ) -- Country: GB | penguin biscuit jar
Import OK for keyword_id=242610. Inserted 48 ads.
KwId: 243944 | (Sub: ) -- Country: GB | yelena belova costume
Import OK for keyword_id=243944. Inserted 48 ads.
KwId: 240719 | (Sub: ) -- Country: GB | tesco nokia lumia 520
Import OK for keyword_id=240719. Inserted 48 ads.
KwId: 259517 | (Sub: ) -- Country: GB | renegade electric scooter
Import OK for keyword_id=259517. Inserted 12 ads.
KwId: 254894 | (Sub: ) -- Country: GB | celcus 32 inch
Skip: <= 5 products in JSON.
Import OK for keyword_id=254894. Inserted 4 ads.
KwId: 246064 | (Sub: ) -- Country: GB | bt 600 wifi range extender n600 dual band
Import OK for keyword_id=246064. Inserted 13 ads.
KwId: 241141 | (Sub: ) -- Country: GB | nike mercurial vortex junior astro turf trainers
Import OK for keyword_id=241141. Inserted 8 ads.
KwId: 259673 | (Sub: ) -- Country: GB | ryobi 150w rotary tool
Import OK for keyword_id=259673. Inserted 10 ads.
KwId: 235168 | (Sub: ) -- Country: GB | oliver bonas dresses
Import OK for keyword_id=235168. Inserted 48 ads.
KwId: 230802 | (Sub: ) -- Country: GB | maria kanellis/playboy
Skip: <= 5 products in JSON.
Import OK for keyword_id=230802. Inserted 1 ads.
KwId: 242380 | (Sub: ) -- Country: GB | bourbon biscuit tin
Import OK for keyword_id=242380. Inserted 48 ads.
KwId: 242612 | (Sub: ) -- Country: GB | yellow rug dunelm
Import OK for keyword_id=242612. Inserted 16 ads.
KwId: 242844 | (Sub: ) -- Country: GB | marshall b25 mk2
Import OK for keyword_id=242844. Inserted 48 ads.
KwId: 243712 | (Sub: ) -- Country: GB | wooden worktops b&q
Import OK for keyword_id=243712. Inserted 48 ads.
KwId: 242058 | (Sub: ) -- Country: GB | magic monkey speaker
Skip: <= 5 products in JSON.
Import OK for keyword_id=242058. Inserted 0 ads.
KwId: 239402 | (Sub: ) -- Country: GB | nike air steel toe cap trainers
Import OK for keyword_id=239402. Inserted 48 ads.
KwId: 236472 | (Sub: ) -- Country: GB | m&s shorts ladies
Import OK for keyword_id=236472. Inserted 48 ads.
KwId: 240406 | (Sub: ) -- Country: GB | inforad k2 speed camera warning system
Skip: <= 5 products in JSON.
Import OK for keyword_id=240406. Inserted 0 ads.
KwId: 226186 | (Sub: ) -- Country: GB | table black desk lamp
Import OK for keyword_id=226186. Inserted 48 ads.
KwId: 239518 | (Sub: ) -- Country: GB | piston hinges for keter storage box
Import OK for keyword_id=239518. Inserted 29 ads.
KwId: 242284 | (Sub: ) -- Country: GB | static caravans bewdley
Skip: <= 5 products in JSON.
Import OK for keyword_id=242284. Inserted 0 ads.
KwId: 244614 | (Sub: ) -- Country: GB | monica vinader packaging
Import OK for keyword_id=244614. Inserted 19 ads.
KwId: 244181 | (Sub: ) -- Country: GB | carpet cover strip 3m
Import OK for keyword_id=244181. Inserted 48 ads.
KwId: 212722 | (Sub: ) -- Country: GB | ladies shoes matching clutch bag
Import OK for keyword_id=212722. Inserted 40 ads.
KwId: 251168 | (Sub: ) -- Country: GB | jml power floss
Skip: <= 5 products in JSON.
Import OK for keyword_id=251168. Inserted 1 ads.
KwId: 252183 | (Sub: ) -- Country: GB | marks and spencers girls coats
Import OK for keyword_id=252183. Inserted 48 ads.
KwId: 246259 | (Sub: ) -- Country: GB | fox nxr alarms
Import OK for keyword_id=246259. Inserted 48 ads.
KwId: 239557 | (Sub: ) -- Country: GB | aribio 12l/day dehumidifier
Import OK for keyword_id=239557. Inserted 48 ads.
KwId: 254880 | (Sub: ) -- Country: GB | light socket to plug adapter
Import OK for keyword_id=254880. Inserted 48 ads.
KwId: 248816 | (Sub: ) -- Country: GB | my babiie stroller
Import OK for keyword_id=248816. Inserted 48 ads.
KwId: 242902 | (Sub: ) -- Country: GB | zoostorm freedom 10 270 battery
Skip: <= 5 products in JSON.
Import OK for keyword_id=242902. Inserted 1 ads.
KwId: 252164 | (Sub: ) -- Country: GB | giant pop it
Import OK for keyword_id=252164. Inserted 48 ads.
KwId: 240261 | (Sub: ) -- Country: GB | mrs hinch lamp
Skip: <= 5 products in JSON.
Import OK for keyword_id=240261. Inserted 2 ads.
KwId: 221633 | (Sub: ) -- Country: GB | 12 pro max iphone
Import OK for keyword_id=221633. Inserted 48 ads.
KwId: 248761 | (Sub: ) -- Country: GB | pringle snack pot
Import OK for keyword_id=248761. Inserted 26 ads.
KwId: 242730 | (Sub: ) -- Country: GB | neostar vinyl2cd usb turntable
Skip: <= 5 products in JSON.
Import OK for keyword_id=242730. Inserted 4 ads.
KwId: 243395 | (Sub: ) -- Country: GB | silver cross 3d travel system pistachio
Import OK for keyword_id=243395. Inserted 48 ads.
KwId: 259946 | (Sub: ) -- Country: GB | sovereign hedge trimmer battery
Skip: <= 5 products in JSON.
Import OK for keyword_id=259946. Inserted 5 ads.
KwId: 251714 | (Sub: ) -- Country: GB | jml miracle bamboo bra
Skip: <= 5 products in JSON.
Import OK for keyword_id=251714. Inserted 1 ads.
KwId: 257980 | (Sub: ) -- Country: GB | finishing touch elite hair remover
Import OK for keyword_id=257980. Inserted 48 ads.
KwId: 258316 | (Sub: ) -- Country: GB | agents of shield season 4 dvd release
Skip: <= 5 products in JSON.
Import OK for keyword_id=258316. Inserted 3 ads.
KwId: 242739 | (Sub: ) -- Country: GB | 1863 london underground 2 pound coin worth
Import OK for keyword_id=242739. Inserted 48 ads.
KwId: 244665 | (Sub: ) -- Country: GB | smart trike vanilla 4-in-1 tricycle - pink
Import OK for keyword_id=244665. Inserted 48 ads.
KwId: 256997 | (Sub: ) -- Country: GB | monkey tail cactus
Import OK for keyword_id=256997. Inserted 38 ads.
KwId: 242228 | (Sub: ) -- Country: GB | gtm coupe
Import OK for keyword_id=242228. Inserted 48 ads.
KwId: 240939 | (Sub: ) -- Country: GB | fire dragon e liquid
Skip: <= 5 products in JSON.
Import OK for keyword_id=240939. Inserted 1 ads.
KwId: 240962 | (Sub: ) -- Country: GB | asda power it 2000w pressure washer
Import OK for keyword_id=240962. Inserted 48 ads.
KwId: 249112 | (Sub: ) -- Country: GB | sembo block
Import OK for keyword_id=249112. Inserted 48 ads.
KwId: 252046 | (Sub: ) -- Country: GB | james aubrey clothing
Skip: <= 5 products in JSON.
Import OK for keyword_id=252046. Inserted 4 ads.
KwId: 261194 | (Sub: ) -- Country: GB | union jack t shirt tesco
Import OK for keyword_id=261194. Inserted 48 ads.
KwId: 251851 | (Sub: ) -- Country: GB | coca cola pencil case
Import OK for keyword_id=251851. Inserted 48 ads.
KwId: 247493 | (Sub: ) -- Country: GB | body power compact smith machine
Skip: <= 5 products in JSON.
Import OK for keyword_id=247493. Inserted 3 ads.
KwId: 260638 | (Sub: ) -- Country: GB | urban tractor unit
Skip: <= 5 products in JSON.
Import OK for keyword_id=260638. Inserted 5 ads.
KwId: 239483 | (Sub: ) -- Country: GB | harry potter snoodie
Import OK for keyword_id=239483. Inserted 16 ads.
KwId: 249685 | (Sub: ) -- Country: GB | lg las160b 50 watt 2 channel bluetooth soundbar
Import OK for keyword_id=249685. Inserted 48 ads.
KwId: 244751 | (Sub: ) -- Country: GB | tinted reading glasses
Import OK for keyword_id=244751. Inserted 48 ads.
KwId: 239559 | (Sub: ) -- Country: GB | skechers piers sport mens trainers
Skip: <= 5 products in JSON.
Import OK for keyword_id=239559. Inserted 4 ads.
KwId: 256563 | (Sub: ) -- Country: GB | anthony joshua lucozade bottle
Skip: <= 5 products in JSON.
Import OK for keyword_id=256563. Inserted 2 ads.
KwId: 243362 | (Sub: ) -- Country: GB | car with tow bar
Import OK for keyword_id=243362. Inserted 48 ads.
KwId: 242574 | (Sub: ) -- Country: GB | bambi dressing gown
Import OK for keyword_id=242574. Inserted 48 ads.
KwId: 252207 | (Sub: ) -- Country: GB | terex 1 ton dumper
Import OK for keyword_id=252207. Inserted 48 ads.
KwId: 244720 | (Sub: ) -- Country: GB | squirrel play train set
Import OK for keyword_id=244720. Inserted 26 ads.
KwId: 240229 | (Sub: ) -- Country: GB | peppa pig duplo
Import OK for keyword_id=240229. Inserted 48 ads.
KwId: 250500 | (Sub: ) -- Country: GB | second hand flue pipe
Import OK for keyword_id=250500. Inserted 48 ads.
KwId: 259839 | (Sub: ) -- Country: GB | smooshy mushy
Import OK for keyword_id=259839. Inserted 48 ads.
KwId: 248999 | (Sub: ) -- Country: GB | marks and spencer woodspice
Import OK for keyword_id=248999. Inserted 48 ads.
KwId: 228786 | (Sub: ) -- Country: GB | size10 air jordan
Import OK for keyword_id=228786. Inserted 48 ads.
KwId: 244887 | (Sub: ) -- Country: GB | peter alliss golf clubs
Import OK for keyword_id=244887. Inserted 45 ads.
KwId: 245598 | (Sub: ) -- Country: GB | havana club sauce
Skip: <= 5 products in JSON.
Import OK for keyword_id=245598. Inserted 2 ads.
KwId: 249983 | (Sub: ) -- Country: GB | tesco bluray player
Import OK for keyword_id=249983. Inserted 48 ads.
KwId: 248229 | (Sub: ) -- Country: GB | star magic lights
Import OK for keyword_id=248229. Inserted 48 ads.
KwId: 253372 | (Sub: ) -- Country: GB | derbyshire brown blend paving slab
Import OK for keyword_id=253372. Inserted 48 ads.
KwId: 230797 | (Sub: ) -- Country: GB | m & s cardigans
Import OK for keyword_id=230797. Inserted 48 ads.
KwId: 258631 | (Sub: ) -- Country: GB | acer gf27 27 inch led gaming monitor
Import OK for keyword_id=258631. Inserted 48 ads.
KwId: 260391 | (Sub: ) -- Country: GB | corsa b coilovers
Import OK for keyword_id=260391. Inserted 48 ads.
KwId: 246968 | (Sub: ) -- Country: GB | i apollo cctv
Skip: <= 5 products in JSON.
Import OK for keyword_id=246968. Inserted 1 ads.
KwId: 250345 | (Sub: ) -- Country: GB | compton and woodhouse figurines
Import OK for keyword_id=250345. Inserted 48 ads.
KwId: 239450 | (Sub: ) -- Country: GB | true wellness magic back manager chair
Skip: <= 5 products in JSON.
Import OK for keyword_id=239450. Inserted 0 ads.
KwId: 49645 | (Sub: ) -- Country: GB | zara sequin clutch bag
Import OK for keyword_id=49645. Inserted 46 ads.
KwId: 240794 | (Sub: ) -- Country: GB | connor the cow
Import OK for keyword_id=240794. Inserted 48 ads.
KwId: 253281 | (Sub: ) -- Country: GB | x-cam quadcopter drone
Import OK for keyword_id=253281. Inserted 48 ads.
KwId: 244396 | (Sub: ) -- Country: GB | genexxa gx 206
Skip: <= 5 products in JSON.
Import OK for keyword_id=244396. Inserted 0 ads.
KwId: 250209 | (Sub: ) -- Country: GB | aspire pockex case
Skip: <= 5 products in JSON.
Import OK for keyword_id=250209. Inserted 1 ads.
KwId: 135267 | (Sub: ) -- Country: GB | button hole braces
Import OK for keyword_id=135267. Inserted 48 ads.
KwId: 239591 | (Sub: ) -- Country: GB | starlite swing once upon a time
Skip: <= 5 products in JSON.
Import OK for keyword_id=239591. Inserted 0 ads.
KwId: 42329 | (Sub: ) -- Country: GB | lambretta leg shields
Import OK for keyword_id=42329. Inserted 48 ads.
KwId: 227601 | (Sub: ) -- Country: GB | stand tv glass black
Import OK for keyword_id=227601. Inserted 48 ads.
KwId: 251937 | (Sub: ) -- Country: GB | ted baker macbook air case
Skip: <= 5 products in JSON.
Import OK for keyword_id=251937. Inserted 3 ads.
KwId: 250971 | (Sub: ) -- Country: GB | lydstep caravan
Import OK for keyword_id=250971. Inserted 10 ads.
KwId: 242198 | (Sub: ) -- Country: GB | ny london watches ebay
Import OK for keyword_id=242198. Inserted 9 ads.
KwId: 247409 | (Sub: ) -- Country: GB | playstation pyjamas mens
Import OK for keyword_id=247409. Inserted 39 ads.
KwId: 242021 | (Sub: ) -- Country: GB | linear strider foldable walking treadmill
Import OK for keyword_id=242021. Inserted 48 ads.
KwId: 243079 | (Sub: ) -- Country: GB | nike golf head covers
Import OK for keyword_id=243079. Inserted 48 ads.
KwId: 239948 | (Sub: ) -- Country: GB | where can i buy nagging doubt toy
Skip: <= 5 products in JSON.
Import OK for keyword_id=239948. Inserted 0 ads.
KwId: 239381 | (Sub: ) -- Country: GB | second hand bombshell dresses
Import OK for keyword_id=239381. Inserted 11 ads.
KwId: 248767 | (Sub: ) -- Country: GB | jvc gr-d20ek
Import OK for keyword_id=248767. Inserted 48 ads.
KwId: 258668 | (Sub: ) -- Country: GB | mega bloks storage
Import OK for keyword_id=258668. Inserted 48 ads.
KwId: 239987 | (Sub: ) -- Country: GB | ninja dual accessories
Import OK for keyword_id=239987. Inserted 48 ads.
KwId: 232285 | (Sub: ) -- Country: GB | m&s cool bag
Import OK for keyword_id=232285. Inserted 48 ads.
KwId: 240100 | (Sub: ) -- Country: GB | seventeen stay pout lipstick fond farewell
Skip: <= 5 products in JSON.
Import OK for keyword_id=240100. Inserted 5 ads.
KwId: 78168 | (Sub: ) -- Country: GB | biorb pump
Import OK for keyword_id=78168. Inserted 48 ads.
KwId: 250542 | (Sub: ) -- Country: GB | fuel funnel halfords
Skip: <= 5 products in JSON.
Import OK for keyword_id=250542. Inserted 3 ads.
KwId: 242650 | (Sub: ) -- Country: GB | aphmau doll
Import OK for keyword_id=242650. Inserted 48 ads.
KwId: 245982 | (Sub: ) -- Country: GB | gmk keycaps
Import OK for keyword_id=245982. Inserted 48 ads.
KwId: 242184 | (Sub: ) -- Country: GB | alvin and the chipmunks toys
Import OK for keyword_id=242184. Inserted 48 ads.
KwId: 156673 | (Sub: ) -- Country: GB | vw passat dashboard
Import OK for keyword_id=156673. Inserted 48 ads.
KwId: 234058 | (Sub: ) -- Country: GB | chad valley stacking cups
Import OK for keyword_id=234058. Inserted 6 ads.
KwId: 146830 | (Sub: ) -- Country: GB | minox leica
Import OK for keyword_id=146830. Inserted 48 ads.
KwId: 246380 | (Sub: ) -- Country: GB | old ship lights
Import OK for keyword_id=246380. Inserted 48 ads.
KwId: 223996 | (Sub: ) -- Country: GB | max 11 pro iphone 64gb gold
Import OK for keyword_id=223996. Inserted 48 ads.
KwId: 259314 | (Sub: ) -- Country: GB | huygens night oil
Import OK for keyword_id=259314. Inserted 9 ads.
KwId: 250120 | (Sub: ) -- Country: GB | jura whiskey glass
Import OK for keyword_id=250120. Inserted 48 ads.
KwId: 250840 | (Sub: ) -- Country: GB | man utd monopoly
Import OK for keyword_id=250840. Inserted 22 ads.
KwId: 78174 | (Sub: ) -- Country: GB | ted baker boxers
Import OK for keyword_id=78174. Inserted 48 ads.
KwId: 249602 | (Sub: ) -- Country: GB | kopex pipe slice blades
Skip: <= 5 products in JSON.
Import OK for keyword_id=249602. Inserted 5 ads.
KwId: 253637 | (Sub: ) -- Country: GB | spongebob teddy bear
Import OK for keyword_id=253637. Inserted 45 ads.
KwId: 251732 | (Sub: ) -- Country: GB | charizard gx price
Import OK for keyword_id=251732. Inserted 48 ads.
KwId: 240770 | (Sub: ) -- Country: GB | spirit of st louis radio
Import OK for keyword_id=240770. Inserted 48 ads.
KwId: 240498 | (Sub: ) -- Country: GB | airmaster tiger 8 44 air compressor
Skip: <= 5 products in JSON.
Import OK for keyword_id=240498. Inserted 0 ads.
KwId: 231536 | (Sub: ) -- Country: GB | m&s silk pyjamas
Import OK for keyword_id=231536. Inserted 48 ads.
KwId: 257249 | (Sub: ) -- Country: GB | fylde ray saddle
Import OK for keyword_id=257249. Inserted 6 ads.
KwId: 240862 | (Sub: ) -- Country: GB | laurel and hardy ornaments
Import OK for keyword_id=240862. Inserted 48 ads.
KwId: 239979 | (Sub: ) -- Country: GB | second hand single seat golf buggy
Import OK for keyword_id=239979. Inserted 34 ads.
KwId: 252754 | (Sub: ) -- Country: GB | vtech dancing bear
Import OK for keyword_id=252754. Inserted 38 ads.
KwId: 261216 | (Sub: ) -- Country: GB | louis vuitton monogram eclipse hat
Import OK for keyword_id=261216. Inserted 48 ads.
KwId: 242241 | (Sub: ) -- Country: GB | second hand model boats
Import OK for keyword_id=242241. Inserted 48 ads.
KwId: 245573 | (Sub: ) -- Country: GB | contessa di capri earrings
Import OK for keyword_id=245573. Inserted 48 ads.
KwId: 257963 | (Sub: ) -- Country: GB | staunton cliff tile
Skip: <= 5 products in JSON.
Import OK for keyword_id=257963. Inserted 1 ads.
KwId: 244858 | (Sub: ) -- Country: GB | sony bravia kdl50w685abu smart 3d 50 led tv
Import OK for keyword_id=244858. Inserted 39 ads.
KwId: 240675 | (Sub: ) -- Country: GB | blue named collective
Import OK for keyword_id=240675. Inserted 48 ads.
KwId: 236342 | (Sub: ) -- Country: GB | canyon grand canyon al 5.9w
Skip: <= 5 products in JSON.
Import OK for keyword_id=236342. Inserted 0 ads.
KwId: 232693 | (Sub: ) -- Country: GB | fox and ivy malmo dinner set
Skip: <= 5 products in JSON.
Import OK for keyword_id=232693. Inserted 2 ads.
KwId: 255362 | (Sub: ) -- Country: GB | iflo electric shower
Import OK for keyword_id=255362. Inserted 48 ads.
KwId: 247614 | (Sub: ) -- Country: GB | are lilliput lane cottages valuable
Import OK for keyword_id=247614. Inserted 48 ads.
KwId: 244183 | (Sub: ) -- Country: GB | mamas and papas border
Import OK for keyword_id=244183. Inserted 28 ads.
KwId: 230608 | (Sub: ) -- Country: GB | pavers slippers
Import OK for keyword_id=230608. Inserted 48 ads.
KwId: 251542 | (Sub: ) -- Country: GB | giant terrago 2007
Skip: <= 5 products in JSON.
Import OK for keyword_id=251542. Inserted 0 ads.
KwId: 240795 | (Sub: ) -- Country: GB | fake student id
Import OK for keyword_id=240795. Inserted 14 ads.
KwId: 253358 | (Sub: ) -- Country: GB | utility furniture 1940s
Import OK for keyword_id=253358. Inserted 42 ads.
KwId: 239985 | (Sub: ) -- Country: GB | karrimor d30 excel mens running shoes
Import OK for keyword_id=239985. Inserted 48 ads.
KwId: 256842 | (Sub: ) -- Country: GB | estrella beer glass
Import OK for keyword_id=256842. Inserted 48 ads.
KwId: 103111 | (Sub: ) -- Country: GB | collings
Import OK for keyword_id=103111. Inserted 19 ads.
KwId: 244297 | (Sub: ) -- Country: GB | oogie boogie squishmallow
Import OK for keyword_id=244297. Inserted 48 ads.
KwId: 91198 | (Sub: ) -- Country: GB | focus mk1 headlights projector
Import OK for keyword_id=91198. Inserted 48 ads.
KwId: 245018 | (Sub: ) -- Country: GB | fcuk body polish
Import OK for keyword_id=245018. Inserted 30 ads.
KwId: 241051 | (Sub: ) -- Country: GB | national geographic advent calendar
Import OK for keyword_id=241051. Inserted 48 ads.
KwId: 233318 | (Sub: ) -- Country: GB | khaadi
Import OK for keyword_id=233318. Inserted 48 ads.
KwId: 245829 | (Sub: ) -- Country: GB | converse dc comics
Import OK for keyword_id=245829. Inserted 48 ads.
KwId: 258637 | (Sub: ) -- Country: GB | maxkare neck massager
Import OK for keyword_id=258637. Inserted 41 ads.
KwId: 240822 | (Sub: ) -- Country: GB | aqua one platform 37
Skip: <= 5 products in JSON.
Import OK for keyword_id=240822. Inserted 2 ads.
KwId: 248251 | (Sub: ) -- Country: GB | justice league kinder surprise 2017
Import OK for keyword_id=248251. Inserted 13 ads.
KwId: 242539 | (Sub: ) -- Country: GB | iropro tablet android
Import OK for keyword_id=242539. Inserted 31 ads.
KwId: 71126 | (Sub: ) -- Country: GB | space hulk tiles
Import OK for keyword_id=71126. Inserted 48 ads.
KwId: 241818 | (Sub: ) -- Country: GB | burga phone cases
Import OK for keyword_id=241818. Inserted 48 ads.
KwId: 254825 | (Sub: ) -- Country: GB | brush on underseal
Import OK for keyword_id=254825. Inserted 48 ads.
KwId: 239342 | (Sub: ) -- Country: GB | halford touch up paint
Import OK for keyword_id=239342. Inserted 48 ads.
KwId: 253233 | (Sub: ) -- Country: GB | clarendon gas stove
Import OK for keyword_id=253233. Inserted 8 ads.
KwId: 257636 | (Sub: ) -- Country: GB | canon vixia hf r400
Import OK for keyword_id=257636. Inserted 32 ads.
KwId: 251900 | (Sub: ) -- Country: GB | marks and spencer emma bridgewater plant pots
Import OK for keyword_id=251900. Inserted 48 ads.
KwId: 260953 | (Sub: ) -- Country: GB | 2xist briefs
Import OK for keyword_id=260953. Inserted 48 ads.
KwId: 239722 | (Sub: ) -- Country: GB | ginetta g40r
Import OK for keyword_id=239722. Inserted 15 ads.
KwId: 244458 | (Sub: ) -- Country: GB | spy ninja clothes
Import OK for keyword_id=244458. Inserted 14 ads.
KwId: 246411 | (Sub: ) -- Country: GB | chanel antaeus discontinued
Import OK for keyword_id=246411. Inserted 46 ads.
KwId: 258571 | (Sub: ) -- Country: GB | corona beer tap
Import OK for keyword_id=258571. Inserted 48 ads.
KwId: 16268 | (Sub: ) -- Country: GB | little tikes bed
Import OK for keyword_id=16268. Inserted 36 ads.
KwId: 257928 | (Sub: ) -- Country: GB | echo megaloop dac
Skip: <= 5 products in JSON.
Import OK for keyword_id=257928. Inserted 1 ads.
KwId: 239592 | (Sub: ) -- Country: GB | maplin m220 dashcam
Skip: <= 5 products in JSON.
Import OK for keyword_id=239592. Inserted 4 ads.
KwId: 220143 | (Sub: ) -- Country: GB | solus snap ultra
Import OK for keyword_id=220143. Inserted 37 ads.
KwId: 242244 | (Sub: ) -- Country: GB | panasonic 49in ds500b full hd smart led tv
Import OK for keyword_id=242244. Inserted 48 ads.
KwId: 259015 | (Sub: ) -- Country: GB | jasmine seeds
Import OK for keyword_id=259015. Inserted 48 ads.
KwId: 260090 | (Sub: ) -- Country: GB | groovy chick bike
Skip: <= 5 products in JSON.
Import OK for keyword_id=260090. Inserted 5 ads.
KwId: 239869 | (Sub: ) -- Country: GB | cos gift card
Import OK for keyword_id=239869. Inserted 6 ads.
KwId: 239726 | (Sub: ) -- Country: GB | matalan pumpkin bedding
Import OK for keyword_id=239726. Inserted 48 ads.
KwId: 242554 | (Sub: ) -- Country: GB | callaway rogue headcover
Import OK for keyword_id=242554. Inserted 48 ads.
KwId: 253533 | (Sub: ) -- Country: GB | hornby city express
Import OK for keyword_id=253533. Inserted 32 ads.
KwId: 243708 | (Sub: ) -- Country: GB | adidas predator rx xtrx sg
Import OK for keyword_id=243708. Inserted 48 ads.
KwId: 132145 | (Sub: ) -- Country: GB | alfa romeo 156 front grill
Import OK for keyword_id=132145. Inserted 48 ads.
KwId: 87863 | (Sub: ) -- Country: GB | lexus cd radio
Import OK for keyword_id=87863. Inserted 48 ads.
KwId: 239584 | (Sub: ) -- Country: GB | mcdonalds halloween toys
Import OK for keyword_id=239584. Inserted 48 ads.
KwId: 252725 | (Sub: ) -- Country: GB | mtg gp birmingham 2018
Skip: <= 5 products in JSON.
Import OK for keyword_id=252725. Inserted 0 ads.
KwId: 248739 | (Sub: ) -- Country: GB | land rover glasses case
Import OK for keyword_id=248739. Inserted 48 ads.
KwId: 240331 | (Sub: ) -- Country: GB | halfords copper washers
Skip: <= 5 products in JSON.
Import OK for keyword_id=240331. Inserted 2 ads.
KwId: 239484 | (Sub: ) -- Country: GB | ninja af400uk accessories
Import OK for keyword_id=239484. Inserted 48 ads.
KwId: 240800 | (Sub: ) -- Country: GB | bonanza satrangi
Import OK for keyword_id=240800. Inserted 48 ads.
KwId: 242110 | (Sub: ) -- Country: GB | hudson middleton mugs
Import OK for keyword_id=242110. Inserted 48 ads.
KwId: 253069 | (Sub: ) -- Country: GB | deluxe playhouse with table and chairs
Skip: <= 5 products in JSON.
Import OK for keyword_id=253069. Inserted 1 ads.
KwId: 63801 | (Sub: ) -- Country: GB | paua buttons
Import OK for keyword_id=63801. Inserted 48 ads.
KwId: 243049 | (Sub: ) -- Country: GB | erbauer erb380rou 2100w router 230 240v
Import OK for keyword_id=243049. Inserted 31 ads.
KwId: 242948 | (Sub: ) -- Country: GB | bt ee mini hub
Import OK for keyword_id=242948. Inserted 47 ads.
KwId: 241975 | (Sub: ) -- Country: GB | barbie and the pearl princess dvd
Import OK for keyword_id=241975. Inserted 43 ads.
KwId: 252190 | (Sub: ) -- Country: GB | trueshopping multi tool spares
Skip: <= 5 products in JSON.
Import OK for keyword_id=252190. Inserted 0 ads.
KwId: 250569 | (Sub: ) -- Country: GB | lenovo ideapad 320s-14ikb 14 laptop - grey
Import OK for keyword_id=250569. Inserted 48 ads.
KwId: 251767 | (Sub: ) -- Country: GB | fiat ducato headlight protectors
Import OK for keyword_id=251767. Inserted 48 ads.
KwId: 240599 | (Sub: ) -- Country: GB | rare sylvac dogs
Import OK for keyword_id=240599. Inserted 48 ads.
KwId: 241669 | (Sub: ) -- Country: GB | black fingerling monkey
Import OK for keyword_id=241669. Inserted 48 ads.
KwId: 240047 | (Sub: ) -- Country: GB | jungle water fun trolley
Skip: <= 5 products in JSON.
Import OK for keyword_id=240047. Inserted 2 ads.
KwId: 245769 | (Sub: ) -- Country: GB | tannoy revolution r2
Import OK for keyword_id=245769. Inserted 48 ads.
KwId: 256112 | (Sub: ) -- Country: GB | door trimmer circular saw
Skip: <= 5 products in JSON.
Import OK for keyword_id=256112. Inserted 0 ads.
KwId: 256983 | (Sub: ) -- Country: GB | non runner vans
Import OK for keyword_id=256983. Inserted 27 ads.
KwId: 250630 | (Sub: ) -- Country: GB | stagecoach bus toy
Import OK for keyword_id=250630. Inserted 10 ads.
KwId: 239386 | (Sub: ) -- Country: GB | second hand hartman garden furniture
Import OK for keyword_id=239386. Inserted 48 ads.
KwId: 240489 | (Sub: ) -- Country: GB | thane fitness pilates power gym
Skip: <= 5 products in JSON.
Import OK for keyword_id=240489. Inserted 0 ads.
KwId: 244182 | (Sub: ) -- Country: GB | jeff banks watch
Import OK for keyword_id=244182. Inserted 41 ads.
KwId: 253678 | (Sub: ) -- Country: GB | bum bag matalan
Skip: <= 5 products in JSON.
Import OK for keyword_id=253678. Inserted 5 ads.
KwId: 252251 | (Sub: ) -- Country: GB | daiwa theory carp rod
Skip: <= 5 products in JSON.
Import OK for keyword_id=252251. Inserted 4 ads.
KwId: 254934 | (Sub: ) -- Country: GB | arsenal calendar 2016
Import OK for keyword_id=254934. Inserted 33 ads.
KwId: 241982 | (Sub: ) -- Country: GB | so sassi carmen
Skip: <= 5 products in JSON.
Import OK for keyword_id=241982. Inserted 0 ads.
KwId: 112291 | (Sub: ) -- Country: GB | parelli dvd
Import OK for keyword_id=112291. Inserted 48 ads.
KwId: 247535 | (Sub: ) -- Country: GB | now tv stick replacement remote
Import OK for keyword_id=247535. Inserted 31 ads.
KwId: 241463 | (Sub: ) -- Country: GB | knitting essentials yarn
Import OK for keyword_id=241463. Inserted 48 ads.
KwId: 246950 | (Sub: ) -- Country: GB | scene-it friends
Import OK for keyword_id=246950. Inserted 48 ads.
KwId: 259532 | (Sub: ) -- Country: GB | ariel leader motorcycle
Import OK for keyword_id=259532. Inserted 48 ads.
KwId: 246901 | (Sub: ) -- Country: GB | gel ball blaster gun
Import OK for keyword_id=246901. Inserted 48 ads.
KwId: 239791 | (Sub: ) -- Country: GB | cookshop rotisserie air frying cooker
Skip: <= 5 products in JSON.
Import OK for keyword_id=239791. Inserted 0 ads.
KwId: 240632 | (Sub: ) -- Country: GB | guy laroche watch
Import OK for keyword_id=240632. Inserted 48 ads.
KwId: 241561 | (Sub: ) -- Country: GB | game of thrones season 1-6 box set
Import OK for keyword_id=241561. Inserted 48 ads.
KwId: 241530 | (Sub: ) -- Country: GB | vivienne westwood heart lighter
Import OK for keyword_id=241530. Inserted 48 ads.
KwId: 254639 | (Sub: ) -- Country: GB | arsenal vs tottenham tickets 2014
Import OK for keyword_id=254639. Inserted 48 ads.
KwId: 246806 | (Sub: ) -- Country: GB | maclaren techno xt footmuff scarlet
Skip: <= 5 products in JSON.
Import OK for keyword_id=246806. Inserted 0 ads.
KwId: 240788 | (Sub: ) -- Country: GB | norman motorcycles
Import OK for keyword_id=240788. Inserted 48 ads.
KwId: 239480 | (Sub: ) -- Country: GB | carolina wall hung electric fire
Import OK for keyword_id=239480. Inserted 48 ads.
KwId: 251579 | (Sub: ) -- Country: GB | technics 1210 dust cover
Import OK for keyword_id=251579. Inserted 48 ads.
KwId: 101731 | (Sub: ) -- Country: GB | leathercraft tools
Import OK for keyword_id=101731. Inserted 48 ads.
KwId: 242510 | (Sub: ) -- Country: GB | wolf sky reacher telescopic lance
Skip: <= 5 products in JSON.
Import OK for keyword_id=242510. Inserted 3 ads.
KwId: 239884 | (Sub: ) -- Country: GB | carrera saruna 24
Import OK for keyword_id=239884. Inserted 48 ads.
KwId: 239851 | (Sub: ) -- Country: GB | fairysample.co.uk free sample
Skip: <= 5 products in JSON.
Import OK for keyword_id=239851. Inserted 0 ads.
KwId: 233580 | (Sub: ) -- Country: GB | m&s shorts mens
Import OK for keyword_id=233580. Inserted 48 ads.
KwId: 235090 | (Sub: ) -- Country: GB | tefal mince & shred express
Skip: <= 5 products in JSON.
Import OK for keyword_id=235090. Inserted 0 ads.
KwId: 254793 | (Sub: ) -- Country: GB | cocomelon pyjamas
Import OK for keyword_id=254793. Inserted 48 ads.
KwId: 252838 | (Sub: ) -- Country: GB | natasha romanoff necklace
Import OK for keyword_id=252838. Inserted 8 ads.
KwId: 248440 | (Sub: ) -- Country: GB | cheap wonder core
Skip: <= 5 products in JSON.
Import OK for keyword_id=248440. Inserted 1 ads.
KwId: 258445 | (Sub: ) -- Country: GB | lithops seeds
Import OK for keyword_id=258445. Inserted 48 ads.
KwId: 259560 | (Sub: ) -- Country: GB | tonewood amp
Skip: <= 5 products in JSON.
Import OK for keyword_id=259560. Inserted 4 ads.
KwId: 235760 | (Sub: ) -- Country: GB | hey nutrition probiotic
Import OK for keyword_id=235760. Inserted 30 ads.
KwId: 249931 | (Sub: ) -- Country: GB | national trust car sticker 2022
Skip: <= 5 products in JSON.
Import OK for keyword_id=249931. Inserted 4 ads.
KwId: 251613 | (Sub: ) -- Country: GB | dina winged tote
Skip: <= 5 products in JSON.
Import OK for keyword_id=251613. Inserted 3 ads.
KwId: 255262 | (Sub: ) -- Country: GB | orange octane price
Skip: <= 5 products in JSON.
Import OK for keyword_id=255262. Inserted 0 ads.
KwId: 220953 | (Sub: ) -- Country: GB | gate safety child 1st
Import OK for keyword_id=220953. Inserted 48 ads.
KwId: 239694 | (Sub: ) -- Country: GB | second hand summer house
Import OK for keyword_id=239694. Inserted 34 ads.
KwId: 261279 | (Sub: ) -- Country: GB | mens easter socks
Import OK for keyword_id=261279. Inserted 48 ads.
KwId: 241528 | (Sub: ) -- Country: GB | technika bluetooth portable speaker bt1303
Import OK for keyword_id=241528. Inserted 10 ads.
KwId: 258517 | (Sub: ) -- Country: GB | adidas sns gt paris
Import OK for keyword_id=258517. Inserted 33 ads.
KwId: 253376 | (Sub: ) -- Country: GB | corgi dog toys
Import OK for keyword_id=253376. Inserted 48 ads.
KwId: 241322 | (Sub: ) -- Country: GB | old wooden train carriages
Import OK for keyword_id=241322. Inserted 37 ads.
KwId: 220956 | (Sub: ) -- Country: GB | beautiful fruit bowl large
Import OK for keyword_id=220956. Inserted 48 ads.
KwId: 244729 | (Sub: ) -- Country: GB | afx firefight mk01 mechanical gaming keyboard
Skip: <= 5 products in JSON.
Import OK for keyword_id=244729. Inserted 1 ads.
KwId: 251283 | (Sub: ) -- Country: GB | kingston hampton bike
Skip: <= 5 products in JSON.
Import OK for keyword_id=251283. Inserted 1 ads.
KwId: 214470 | (Sub: ) -- Country: GB | pokemon black white 2 figures
Import OK for keyword_id=214470. Inserted 44 ads.
KwId: 244158 | (Sub: ) -- Country: GB | hot wheels carry case
Import OK for keyword_id=244158. Inserted 48 ads.
KwId: 240950 | (Sub: ) -- Country: GB | magic-kinder
Import OK for keyword_id=240950. Inserted 48 ads.
KwId: 241923 | (Sub: ) -- Country: GB | juice wrld chain
Import OK for keyword_id=241923. Inserted 42 ads.
KwId: 244449 | (Sub: ) -- Country: GB | umbilical slurry kit
Skip: <= 5 products in JSON.
Import OK for keyword_id=244449. Inserted 0 ads.
KwId: 256892 | (Sub: ) -- Country: GB | smyths isabelle dolls house
Skip: <= 5 products in JSON.
Import OK for keyword_id=256892. Inserted 5 ads.
KwId: 231442 | (Sub: ) -- Country: GB | h&m boys pyjamas
Import OK for keyword_id=231442. Inserted 48 ads.
KwId: 249720 | (Sub: ) -- Country: GB | subaru pickup truck
Import OK for keyword_id=249720. Inserted 48 ads.
KwId: 251748 | (Sub: ) -- Country: GB | united skates skateboard
Import OK for keyword_id=251748. Inserted 48 ads.
KwId: 255736 | (Sub: ) -- Country: GB | gerry anderson replica puppets
Import OK for keyword_id=255736. Inserted 48 ads.
KwId: 250821 | (Sub: ) -- Country: GB | jack daniels poker set
Import OK for keyword_id=250821. Inserted 48 ads.
KwId: 254202 | (Sub: ) -- Country: GB | chamber pot with lid
Import OK for keyword_id=254202. Inserted 48 ads.
KwId: 252553 | (Sub: ) -- Country: GB | thwaites 6 ton dumper workshop manual
Skip: <= 5 products in JSON.
Import OK for keyword_id=252553. Inserted 4 ads.
KwId: 224607 | (Sub: ) -- Country: GB | mot long
Import OK for keyword_id=224607. Inserted 48 ads.
KwId: 241790 | (Sub: ) -- Country: GB | kipling scarf
Import OK for keyword_id=241790. Inserted 48 ads.
KwId: 249600 | (Sub: ) -- Country: GB | solid wood worktop offcuts near me
Import OK for keyword_id=249600. Inserted 48 ads.
KwId: 243294 | (Sub: ) -- Country: GB | estrella pint glass
Import OK for keyword_id=243294. Inserted 48 ads.
KwId: 254723 | (Sub: ) -- Country: GB | tenancy agreement form whsmith
Import OK for keyword_id=254723. Inserted 11 ads.
KwId: 249033 | (Sub: ) -- Country: GB | lilley sparkle shoes
Import OK for keyword_id=249033. Inserted 48 ads.
KwId: 240769 | (Sub: ) -- Country: GB | sboly coffee grinder
Import OK for keyword_id=240769. Inserted 48 ads.
KwId: 261208 | (Sub: ) -- Country: GB | noddy car toy
Import OK for keyword_id=261208. Inserted 48 ads.
KwId: 243568 | (Sub: ) -- Country: GB | bhs school skirts
Import OK for keyword_id=243568. Inserted 48 ads.
KwId: 242063 | (Sub: ) -- Country: GB | iphone 7 case jack wills
Import OK for keyword_id=242063. Inserted 40 ads.
KwId: 238711 | (Sub: ) -- Country: GB | m&s mens cargo shorts
Import OK for keyword_id=238711. Inserted 48 ads.
KwId: 247783 | (Sub: ) -- Country: GB | doro liberto 820 mini phone case
Import OK for keyword_id=247783. Inserted 14 ads.
KwId: 250184 | (Sub: ) -- Country: GB | cot bar covers
Import OK for keyword_id=250184. Inserted 6 ads.
KwId: 249767 | (Sub: ) -- Country: GB | the royal tournament 2014
Import OK for keyword_id=249767. Inserted 10 ads.
KwId: 254659 | (Sub: ) -- Country: GB | ud replicas
Import OK for keyword_id=254659. Inserted 20 ads.
KwId: 240122 | (Sub: ) -- Country: GB | telly tablet case
Skip: <= 5 products in JSON.
Import OK for keyword_id=240122. Inserted 2 ads.
KwId: 257534 | (Sub: ) -- Country: GB | litterlocker fashion refill
Import OK for keyword_id=257534. Inserted 19 ads.
KwId: 240483 | (Sub: ) -- Country: GB | stagecoach bus timetable 2013
Import OK for keyword_id=240483. Inserted 48 ads.
KwId: 254630 | (Sub: ) -- Country: GB | lollipop moses basket
Import OK for keyword_id=254630. Inserted 48 ads.
KwId: 245192 | (Sub: ) -- Country: GB | biocell liquid collagen
Import OK for keyword_id=245192. Inserted 29 ads.
KwId: 252484 | (Sub: ) -- Country: GB | uno emoji
Import OK for keyword_id=252484. Inserted 12 ads.
KwId: 239574 | (Sub: ) -- Country: GB | aldi coal 2022
Skip: <= 5 products in JSON.
Import OK for keyword_id=239574. Inserted 0 ads.
KwId: 241782 | (Sub: ) -- Country: GB | dueling dragons price xbox
Skip: <= 5 products in JSON.
Import OK for keyword_id=241782. Inserted 0 ads.
KwId: 242665 | (Sub: ) -- Country: GB | hairy chest shirt
Import OK for keyword_id=242665. Inserted 48 ads.
KwId: 241188 | (Sub: ) -- Country: GB | boardman txc 650b
Skip: <= 5 products in JSON.
Import OK for keyword_id=241188. Inserted 4 ads.
KwId: 250149 | (Sub: ) -- Country: GB | barbie box prop
Import OK for keyword_id=250149. Inserted 48 ads.
KwId: 232987 | (Sub: ) -- Country: GB | eminem revival tickets
Import OK for keyword_id=232987. Inserted 7 ads.
KwId: 239838 | (Sub: ) -- Country: GB | matalan valance sheet
Import OK for keyword_id=239838. Inserted 8 ads.
KwId: 244170 | (Sub: ) -- Country: GB | maclaren changing bag
Import OK for keyword_id=244170. Inserted 9 ads.
KwId: 238106 | (Sub: ) -- Country: GB | m&s ladies scarves
Import OK for keyword_id=238106. Inserted 48 ads.
KwId: 242321 | (Sub: ) -- Country: GB | halfords camping lights
Import OK for keyword_id=242321. Inserted 8 ads.
KwId: 240969 | (Sub: ) -- Country: GB | raleigh loxley mens hybrid bike
Import OK for keyword_id=240969. Inserted 14 ads.
KwId: 256598 | (Sub: ) -- Country: GB | van veen kreidler
Import OK for keyword_id=256598. Inserted 48 ads.
KwId: 251755 | (Sub: ) -- Country: GB | asda pyjamas mens
Import OK for keyword_id=251755. Inserted 48 ads.
KwId: 240710 | (Sub: ) -- Country: GB | elevation fitness aerobic exercise bike
Import OK for keyword_id=240710. Inserted 48 ads.
KwId: 246702 | (Sub: ) -- Country: GB | boots royal jelly shower gel
Import OK for keyword_id=246702. Inserted 26 ads.
KwId: 166584 | (Sub: ) -- Country: GB | bridgestone golf clubs
Import OK for keyword_id=166584. Inserted 48 ads.
KwId: 166816 | (Sub: ) -- Country: GB | ducati monster frame
Import OK for keyword_id=166816. Inserted 48 ads.
KwId: 244209 | (Sub: ) -- Country: GB | pele trinity 3e fg
Skip: <= 5 products in JSON.
Import OK for keyword_id=244209. Inserted 3 ads.
KwId: 245752 | (Sub: ) -- Country: GB | yoto cards second hand
Import OK for keyword_id=245752. Inserted 48 ads.
KwId: 249860 | (Sub: ) -- Country: GB | asda duvet cover
Import OK for keyword_id=249860. Inserted 48 ads.
KwId: 248056 | (Sub: ) -- Country: GB | kessil h380
Import OK for keyword_id=248056. Inserted 17 ads.
KwId: 258483 | (Sub: ) -- Country: GB | woman's own knitting patterns
Import OK for keyword_id=258483. Inserted 48 ads.
KwId: 247622 | (Sub: ) -- Country: GB | mazda b2200
Import OK for keyword_id=247622. Inserted 48 ads.
KwId: 257194 | (Sub: ) -- Country: GB | garlic tablets boots
Skip: <= 5 products in JSON.
Import OK for keyword_id=257194. Inserted 0 ads.
KwId: 248796 | (Sub: ) -- Country: GB | pandora cleaning kit
Import OK for keyword_id=248796. Inserted 48 ads.
KwId: 250759 | (Sub: ) -- Country: GB | wwe school bag
Import OK for keyword_id=250759. Inserted 48 ads.
KwId: 240117 | (Sub: ) -- Country: GB | halfords bike mirror
Skip: <= 5 products in JSON.
Import OK for keyword_id=240117. Inserted 2 ads.
KwId: 256154 | (Sub: ) -- Country: GB | lands end trainers
Import OK for keyword_id=256154. Inserted 48 ads.
KwId: 237923 | (Sub: ) -- Country: GB | b&m projector
Import OK for keyword_id=237923. Inserted 11 ads.
KwId: 245779 | (Sub: ) -- Country: GB | ikea coat rack wall
Import OK for keyword_id=245779. Inserted 48 ads.
KwId: 242856 | (Sub: ) -- Country: GB | ac dc tig welder
Import OK for keyword_id=242856. Inserted 48 ads.
KwId: 220881 | (Sub: ) -- Country: GB | italian men jacket s wool
Import OK for keyword_id=220881. Inserted 48 ads.
KwId: 250097 | (Sub: ) -- Country: GB | noel edmonds doll
Skip: <= 5 products in JSON.
Import OK for keyword_id=250097. Inserted 1 ads.
KwId: 247890 | (Sub: ) -- Country: GB | opi nail varnish storage box
Skip: <= 5 products in JSON.
Import OK for keyword_id=247890. Inserted 2 ads.
KwId: 251731 | (Sub: ) -- Country: GB | electric scooter 25mph
Import OK for keyword_id=251731. Inserted 48 ads.
KwId: 244612 | (Sub: ) -- Country: GB | dunelm moroccan lamp
Import OK for keyword_id=244612. Inserted 12 ads.
KwId: 241090 | (Sub: ) -- Country: GB | salty sea dog gromit
Skip: <= 5 products in JSON.
Import OK for keyword_id=241090. Inserted 4 ads.
KwId: 251649 | (Sub: ) -- Country: GB | no peep shirts
Import OK for keyword_id=251649. Inserted 48 ads.
KwId: 137838 | (Sub: ) -- Country: GB | dell cmos battery
Import OK for keyword_id=137838. Inserted 48 ads.
KwId: 259259 | (Sub: ) -- Country: GB | egl tv brand
Skip: <= 5 products in JSON.
Import OK for keyword_id=259259. Inserted 2 ads.
KwId: 257954 | (Sub: ) -- Country: GB | everton badge 2017
Import OK for keyword_id=257954. Inserted 48 ads.
KwId: 246446 | (Sub: ) -- Country: GB | toy skip lorry
Import OK for keyword_id=246446. Inserted 43 ads.
KwId: 246792 | (Sub: ) -- Country: GB | nike total 90 strike iv fg mens football boots
Import OK for keyword_id=246792. Inserted 48 ads.
KwId: 255100 | (Sub: ) -- Country: GB | vw brescia wheels
Import OK for keyword_id=255100. Inserted 41 ads.
KwId: 249255 | (Sub: ) -- Country: GB | wade whimsies rare
Import OK for keyword_id=249255. Inserted 48 ads.
KwId: 93996 | (Sub: ) -- Country: GB | sealskinz shooting gloves
Import OK for keyword_id=93996. Inserted 17 ads.
KwId: 243643 | (Sub: ) -- Country: GB | marvel baby grow
Import OK for keyword_id=243643. Inserted 48 ads.
KwId: 243943 | (Sub: ) -- Country: GB | peugeot 206 spares or repair
Import OK for keyword_id=243943. Inserted 48 ads.
KwId: 240163 | (Sub: ) -- Country: GB | archie the axolotl squishmallow
Import OK for keyword_id=240163. Inserted 48 ads.
KwId: 242134 | (Sub: ) -- Country: GB | cuggl rowan complete pushchair
Import OK for keyword_id=242134. Inserted 48 ads.
KwId: 253574 | (Sub: ) -- Country: GB | wilko blox lego compatible
Import OK for keyword_id=253574. Inserted 23 ads.
KwId: 69084 | (Sub: ) -- Country: GB | diesel sun glasses genuine
Import OK for keyword_id=69084. Inserted 34 ads.
KwId: 239348 | (Sub: ) -- Country: GB | andrew james 1500 watt electric food stand mixer
