Country passed : forsale
Crawling of 500 starting
*** Start crawling : 2026-01-15 15:00:02 | MAX KW : 500 | Country : US
KwId: 49193 | (Sub: ) -- Country: US | daiwa spincast
Import OK for keyword_id=49193. Inserted 48 ads.
KwId: 90286 | (Sub: ) -- Country: US | abu garcia rods
Import OK for keyword_id=90286. Inserted 48 ads.
KwId: 395052 | (Sub: ) -- Country: US | jordan earrings
Import OK for keyword_id=395052. Inserted 48 ads.
KwId: 74786 | (Sub: ) -- Country: US | renault 5 car
Import OK for keyword_id=74786. Inserted 48 ads.
KwId: 359916 | (Sub: ) -- Country: US | lg optimus fuel cases
Import OK for keyword_id=359916. Inserted 26 ads.
KwId: 242668 | (Sub: ) -- Country: US | sears grease vintage gun
Import OK for keyword_id=242668. Inserted 15 ads.
KwId: 416 | (Sub: ) -- Country: US | embroidered mexican dress
Import OK for keyword_id=416. Inserted 48 ads.
KwId: 3600 | (Sub: ) -- Country: US | scott kay gold
Import OK for keyword_id=3600. Inserted 48 ads.
KwId: 363906 | (Sub: ) -- Country: US | snap on tire balancer
Import OK for keyword_id=363906. Inserted 23 ads.
KwId: 169545 | (Sub: ) -- Country: US | pegasus flatlock machine
Import OK for keyword_id=169545. Inserted 33 ads.
KwId: 351918 | (Sub: ) -- Country: US | s 10 extreme body kits
Import OK for keyword_id=351918. Inserted 10 ads.
KwId: 389491 | (Sub: ) -- Country: US | big bownet mouth
Skip: <= 5 products in JSON.
Import OK for keyword_id=389491. Inserted 3 ads.
KwId: 364002 | (Sub: ) -- Country: US | pursuit 72 slide sandal
Import OK for keyword_id=364002. Inserted 48 ads.
KwId: 361126 | (Sub: ) -- Country: US | manual drill press
Import OK for keyword_id=361126. Inserted 48 ads.
KwId: 359879 | (Sub: ) -- Country: US | dual xdvd 136bt
Import OK for keyword_id=359879. Inserted 40 ads.
KwId: 367771 | (Sub: ) -- Country: US | bernz o matic ts7000
Skip: <= 5 products in JSON.
Import OK for keyword_id=367771. Inserted 3 ads.
KwId: 372496 | (Sub: ) -- Country: US | big yoshi plush
Import OK for keyword_id=372496. Inserted 48 ads.
KwId: 189558 | (Sub: ) -- Country: US | hewescraft 18 sportsman
Import OK for keyword_id=189558. Inserted 10 ads.
KwId: 77803 | (Sub: ) -- Country: US | numark ns7
Import OK for keyword_id=77803. Inserted 48 ads.
KwId: 371632 | (Sub: ) -- Country: US | love live sunshine fan art
Import OK for keyword_id=371632. Inserted 48 ads.
KwId: 26206 | (Sub: ) -- Country: US | motel sign
Import OK for keyword_id=26206. Inserted 48 ads.
KwId: 355401 | (Sub: ) -- Country: US | ikea shoe horn
Import OK for keyword_id=355401. Inserted 22 ads.
KwId: 353754 | (Sub: ) -- Country: US | michael jordan cardboard cutout
Import OK for keyword_id=353754. Inserted 48 ads.
KwId: 200740 | (Sub: ) -- Country: US | crate barrel night stand
Import OK for keyword_id=200740. Inserted 12 ads.
KwId: 374114 | (Sub: ) -- Country: US | brain fit 50 ways
Import OK for keyword_id=374114. Inserted 48 ads.
KwId: 356425 | (Sub: ) -- Country: US | victoria secrets footie pajamas
Import OK for keyword_id=356425. Inserted 9 ads.
KwId: 110314 | (Sub: ) -- Country: US | kx 250 cylinder
Import OK for keyword_id=110314. Inserted 48 ads.
KwId: 355440 | (Sub: ) -- Country: US | rue 21 perfume discontinued
Import OK for keyword_id=355440. Inserted 48 ads.
KwId: 196164 | (Sub: ) -- Country: US | 2 sprinklers
Import OK for keyword_id=196164. Inserted 48 ads.
KwId: 357160 | (Sub: ) -- Country: US | oogie boogie blanket
Import OK for keyword_id=357160. Inserted 48 ads.
KwId: 45338 | (Sub: ) -- Country: US | camco
Import OK for keyword_id=45338. Inserted 48 ads.
KwId: 362833 | (Sub: ) -- Country: US | dark energy pre workout
Import OK for keyword_id=362833. Inserted 13 ads.
KwId: 22337 | (Sub: ) -- Country: US | king four poster bed
Import OK for keyword_id=22337. Inserted 48 ads.
KwId: 101340 | (Sub: ) -- Country: US | minolta xd7
Import OK for keyword_id=101340. Inserted 48 ads.
KwId: 351648 | (Sub: ) -- Country: US | justin bieber rose bowl 2017
Skip: <= 5 products in JSON.
Import OK for keyword_id=351648. Inserted 0 ads.
KwId: 344085 | (Sub: ) -- Country: US | 48 top table glass round
Import OK for keyword_id=344085. Inserted 48 ads.
KwId: 133287 | (Sub: ) -- Country: US | 18k sterling necklace earring
Import OK for keyword_id=133287. Inserted 48 ads.
KwId: 364975 | (Sub: ) -- Country: US | cen tech obd 2
Import OK for keyword_id=364975. Inserted 48 ads.
KwId: 373016 | (Sub: ) -- Country: US | boyds bears guide 2016
Import OK for keyword_id=373016. Inserted 48 ads.
KwId: 371185 | (Sub: ) -- Country: US | anthropologie flower vase
Import OK for keyword_id=371185. Inserted 48 ads.
KwId: 240980 | (Sub: ) -- Country: US | grand 1985
Import OK for keyword_id=240980. Inserted 48 ads.
KwId: 253458 | (Sub: ) -- Country: US | switch 2 games nintendo
Import OK for keyword_id=253458. Inserted 48 ads.
KwId: 28951 | (Sub: ) -- Country: US | pocahontas barbie
Import OK for keyword_id=28951. Inserted 48 ads.
KwId: 362855 | (Sub: ) -- Country: US | grace bakery set
Import OK for keyword_id=362855. Inserted 48 ads.
KwId: 162923 | (Sub: ) -- Country: US | 2013 chevrolet tahoe lt 4wd
Import OK for keyword_id=162923. Inserted 48 ads.
KwId: 360636 | (Sub: ) -- Country: US | temptations old world
Import OK for keyword_id=360636. Inserted 48 ads.
KwId: 279381 | (Sub: ) -- Country: US | baby ducklings ducks
Import OK for keyword_id=279381. Inserted 48 ads.
KwId: 269845 | (Sub: ) -- Country: US | himalayan glasses salt shot
Import OK for keyword_id=269845. Inserted 48 ads.
KwId: 363282 | (Sub: ) -- Country: US | last kings varsity jackets
Skip: <= 5 products in JSON.
Import OK for keyword_id=363282. Inserted 2 ads.
KwId: 373293 | (Sub: ) -- Country: US | sony - 50w bluetooth micro music system - black
Import OK for keyword_id=373293. Inserted 6 ads.
KwId: 366765 | (Sub: ) -- Country: US | clarisonic mia charger
Import OK for keyword_id=366765. Inserted 48 ads.
KwId: 366987 | (Sub: ) -- Country: US | cuerno de chivo gun
Import OK for keyword_id=366987. Inserted 9 ads.
KwId: 352984 | (Sub: ) -- Country: US | crossfit nano 5.0 womens
Import OK for keyword_id=352984. Inserted 48 ads.
KwId: 298687 | (Sub: ) -- Country: US | breasted turkey broad
Import OK for keyword_id=298687. Inserted 41 ads.
KwId: 371264 | (Sub: ) -- Country: US | josh allen signed mini helmet
Import OK for keyword_id=371264. Inserted 48 ads.
KwId: 339219 | (Sub: ) -- Country: US | ls s women dress collections
Import OK for keyword_id=339219. Inserted 48 ads.
KwId: 364046 | (Sub: ) -- Country: US | hyperdunk 2015 boys
Import OK for keyword_id=364046. Inserted 48 ads.
KwId: 116614 | (Sub: ) -- Country: US | plate display rack
Import OK for keyword_id=116614. Inserted 48 ads.
KwId: 366926 | (Sub: ) -- Country: US | metal sonic plush
Import OK for keyword_id=366926. Inserted 48 ads.
KwId: 363421 | (Sub: ) -- Country: US | hyperdunk 2016 kids
Import OK for keyword_id=363421. Inserted 48 ads.
KwId: 72164 | (Sub: ) -- Country: US | electronic crossover
Import OK for keyword_id=72164. Inserted 48 ads.
KwId: 164599 | (Sub: ) -- Country: US | 2006 infinity g35x
Import OK for keyword_id=164599. Inserted 48 ads.
KwId: 370459 | (Sub: ) -- Country: US | philips crt tv
Import OK for keyword_id=370459. Inserted 48 ads.
KwId: 361323 | (Sub: ) -- Country: US | shopkins glitzi collectors case
Import OK for keyword_id=361323. Inserted 48 ads.
KwId: 57471 | (Sub: ) -- Country: US | full body molds
Import OK for keyword_id=57471. Inserted 48 ads.
KwId: 368368 | (Sub: ) -- Country: US | mtg beta booster pack
Import OK for keyword_id=368368. Inserted 48 ads.
KwId: 366429 | (Sub: ) -- Country: US | krazy car toy
Import OK for keyword_id=366429. Inserted 48 ads.
KwId: 397179 | (Sub: ) -- Country: US | violin vase
Import OK for keyword_id=397179. Inserted 48 ads.
KwId: 1364 | (Sub: ) -- Country: US | cabbage patch
Import OK for keyword_id=1364. Inserted 48 ads.
KwId: 373604 | (Sub: ) -- Country: US | goose island prop day 2018
Skip: <= 5 products in JSON.
Import OK for keyword_id=373604. Inserted 5 ads.
KwId: 100176 | (Sub: ) -- Country: US | hilti dd200
Import OK for keyword_id=100176. Inserted 48 ads.
KwId: 372137 | (Sub: ) -- Country: US | p365xl manual safety kit
Import OK for keyword_id=372137. Inserted 23 ads.
KwId: 40481 | (Sub: ) -- Country: US | tiffanys cufflinks
Import OK for keyword_id=40481. Inserted 48 ads.
KwId: 374229 | (Sub: ) -- Country: US | tramontina 6 pc. induction cooking system
Import OK for keyword_id=374229. Inserted 19 ads.
KwId: 352768 | (Sub: ) -- Country: US | sd40 ve sights
Import OK for keyword_id=352768. Inserted 48 ads.
KwId: 156258 | (Sub: ) -- Country: US | kubota generator ae 4500
Import OK for keyword_id=156258. Inserted 28 ads.
KwId: 371093 | (Sub: ) -- Country: US | finding nemo walker
Import OK for keyword_id=371093. Inserted 6 ads.
KwId: 50262 | (Sub: ) -- Country: US | frankenstein universal studios monsters
Import OK for keyword_id=50262. Inserted 48 ads.
KwId: 353765 | (Sub: ) -- Country: US | smile you re dark tanning lotion
Skip: <= 5 products in JSON.
Import OK for keyword_id=353765. Inserted 0 ads.
KwId: 38492 | (Sub: ) -- Country: US | arcteryx mens jackets
Import OK for keyword_id=38492. Inserted 48 ads.
KwId: 361884 | (Sub: ) -- Country: US | gsxr 1000 turbo kits
Import OK for keyword_id=361884. Inserted 48 ads.
KwId: 68468 | (Sub: ) -- Country: US | wizard oz watch
Import OK for keyword_id=68468. Inserted 48 ads.
KwId: 357372 | (Sub: ) -- Country: US | benelli tnt 135 exhaust
Import OK for keyword_id=357372. Inserted 48 ads.
KwId: 370189 | (Sub: ) -- Country: US | toast cash register
Import OK for keyword_id=370189. Inserted 48 ads.
KwId: 178618 | (Sub: ) -- Country: US | greenworks pro 60 volt
Import OK for keyword_id=178618. Inserted 48 ads.
KwId: 321875 | (Sub: ) -- Country: US | alarm rensie clock travel
Import OK for keyword_id=321875. Inserted 48 ads.
KwId: 352462 | (Sub: ) -- Country: US | pegasus 30 womens
Import OK for keyword_id=352462. Inserted 48 ads.
KwId: 53560 | (Sub: ) -- Country: US | mono preamp
Import OK for keyword_id=53560. Inserted 48 ads.
KwId: 357141 | (Sub: ) -- Country: US | gander mountain mens boots
Import OK for keyword_id=357141. Inserted 48 ads.
KwId: 361449 | (Sub: ) -- Country: US | 1964 d penny error l on the edge
Import OK for keyword_id=361449. Inserted 48 ads.
KwId: 80101 | (Sub: ) -- Country: US | 3dconnexion
Import OK for keyword_id=80101. Inserted 48 ads.
KwId: 98557 | (Sub: ) -- Country: US | bianchi oltre
Import OK for keyword_id=98557. Inserted 48 ads.
KwId: 42002 | (Sub: ) -- Country: US | ricoh ram memory
Import OK for keyword_id=42002. Inserted 27 ads.
KwId: 239564 | (Sub: ) -- Country: US | bags misc sizes gift
Import OK for keyword_id=239564. Inserted 48 ads.
KwId: 127302 | (Sub: ) -- Country: US | various microphones
Import OK for keyword_id=127302. Inserted 48 ads.
KwId: 366453 | (Sub: ) -- Country: US | allison scagliotti sexy
Skip: <= 5 products in JSON.
Import OK for keyword_id=366453. Inserted 4 ads.
KwId: 349313 | (Sub: ) -- Country: US | vs840gx 2 roland recorders
Import OK for keyword_id=349313. Inserted 48 ads.
KwId: 42424 | (Sub: ) -- Country: US | headlight eyelid chrysler
Import OK for keyword_id=42424. Inserted 38 ads.
KwId: 324807 | (Sub: ) -- Country: US | hockey pads goalie street
Import OK for keyword_id=324807. Inserted 48 ads.
KwId: 162991 | (Sub: ) -- Country: US | high end knives
Import OK for keyword_id=162991. Inserted 48 ads.
KwId: 56457 | (Sub: ) -- Country: US | spyder compact
Import OK for keyword_id=56457. Inserted 48 ads.
KwId: 45517 | (Sub: ) -- Country: US | cardboard furniture
Import OK for keyword_id=45517. Inserted 48 ads.
KwId: 23342 | (Sub: ) -- Country: US | lenox owl
Import OK for keyword_id=23342. Inserted 48 ads.
KwId: 358199 | (Sub: ) -- Country: US | forever 21 hello kitty purse
Import OK for keyword_id=358199. Inserted 48 ads.
KwId: 370734 | (Sub: ) -- Country: US | craftsman 15 gallon air compressor
Import OK for keyword_id=370734. Inserted 48 ads.
KwId: 354230 | (Sub: ) -- Country: US | ethan peck shirtless
Skip: <= 5 products in JSON.
Import OK for keyword_id=354230. Inserted 0 ads.
KwId: 231462 | (Sub: ) -- Country: US | trunk 2 hollywood bike rack
Import OK for keyword_id=231462. Inserted 48 ads.
KwId: 363965 | (Sub: ) -- Country: US | rawlings golf clubs
Import OK for keyword_id=363965. Inserted 48 ads.
KwId: 367244 | (Sub: ) -- Country: US | fake boobs costume
Import OK for keyword_id=367244. Inserted 48 ads.
KwId: 348225 | (Sub: ) -- Country: US | mountain 15 bike
Import OK for keyword_id=348225. Inserted 48 ads.
KwId: 310197 | (Sub: ) -- Country: US | gold plated set tea
Import OK for keyword_id=310197. Inserted 48 ads.
KwId: 216913 | (Sub: ) -- Country: US | touch b50 lenovo
Import OK for keyword_id=216913. Inserted 48 ads.
KwId: 42472 | (Sub: ) -- Country: US | jig lindy
Import OK for keyword_id=42472. Inserted 48 ads.
KwId: 122117 | (Sub: ) -- Country: US | 8gb 2666mhz ddr4 memory
Import OK for keyword_id=122117. Inserted 48 ads.
KwId: 363620 | (Sub: ) -- Country: US | 16 lb bowling ball
Import OK for keyword_id=363620. Inserted 48 ads.
KwId: 201248 | (Sub: ) -- Country: US | cedar workbench
Import OK for keyword_id=201248. Inserted 48 ads.
KwId: 360946 | (Sub: ) -- Country: US | limelight enduring lip color
Import OK for keyword_id=360946. Inserted 32 ads.
KwId: 136259 | (Sub: ) -- Country: US | airpod case
Import OK for keyword_id=136259. Inserted 48 ads.
KwId: 352107 | (Sub: ) -- Country: US | new balance 1100
Import OK for keyword_id=352107. Inserted 48 ads.
KwId: 356956 | (Sub: ) -- Country: US | gold star rayquaza
Import OK for keyword_id=356956. Inserted 48 ads.
KwId: 75641 | (Sub: ) -- Country: US | moogerfooger
Import OK for keyword_id=75641. Inserted 48 ads.
KwId: 362227 | (Sub: ) -- Country: US | shopkins mystery edition 2.0
Import OK for keyword_id=362227. Inserted 48 ads.
KwId: 148678 | (Sub: ) -- Country: US | poang armchairs
Import OK for keyword_id=148678. Inserted 48 ads.
KwId: 111569 | (Sub: ) -- Country: US | control board motor
Import OK for keyword_id=111569. Inserted 48 ads.
KwId: 35810 | (Sub: ) -- Country: US | undergear
Import OK for keyword_id=35810. Inserted 48 ads.
KwId: 293115 | (Sub: ) -- Country: US | picture embroided tiger
Import OK for keyword_id=293115. Inserted 48 ads.
KwId: 252436 | (Sub: ) -- Country: US | ford fiesta st 2014
Import OK for keyword_id=252436. Inserted 48 ads.
KwId: 372563 | (Sub: ) -- Country: US | tool sober: tales from the darkside
Import OK for keyword_id=372563. Inserted 6 ads.
KwId: 98521 | (Sub: ) -- Country: US | bedazzler machine
Import OK for keyword_id=98521. Inserted 48 ads.
KwId: 356205 | (Sub: ) -- Country: US | tanjiro costume kid
Import OK for keyword_id=356205. Inserted 48 ads.
KwId: 249777 | (Sub: ) -- Country: US | audi 2018 oem q5 cross bars
Import OK for keyword_id=249777. Inserted 48 ads.
KwId: 371987 | (Sub: ) -- Country: US | fat cat stuffed animal
Import OK for keyword_id=371987. Inserted 48 ads.
KwId: 373709 | (Sub: ) -- Country: US | farberware single serve performance blender
Import OK for keyword_id=373709. Inserted 22 ads.
KwId: 375719 | (Sub: ) -- Country: US | dishmaster kitchen faucet
Import OK for keyword_id=375719. Inserted 35 ads.
KwId: 363239 | (Sub: ) -- Country: US | aerials by alpha factor
Skip: <= 5 products in JSON.
Import OK for keyword_id=363239. Inserted 1 ads.
KwId: 380175 | (Sub: ) -- Country: US | lion king statue
Import OK for keyword_id=380175. Inserted 48 ads.
KwId: 389066 | (Sub: ) -- Country: US | original mac
Import OK for keyword_id=389066. Inserted 48 ads.
KwId: 351041 | (Sub: ) -- Country: US | space jam 11 socks
Import OK for keyword_id=351041. Inserted 48 ads.
KwId: 368919 | (Sub: ) -- Country: US | rainbow bee squishmallow
Import OK for keyword_id=368919. Inserted 48 ads.
KwId: 1792 | (Sub: ) -- Country: US | pool table chair
Import OK for keyword_id=1792. Inserted 48 ads.
KwId: 176097 | (Sub: ) -- Country: US | 2002 dodge r t
Import OK for keyword_id=176097. Inserted 48 ads.
KwId: 278828 | (Sub: ) -- Country: US | parasound sp p preamp 1500
Import OK for keyword_id=278828. Inserted 38 ads.
KwId: 371880 | (Sub: ) -- Country: US | bts wings photocards
Import OK for keyword_id=371880. Inserted 48 ads.
KwId: 61770 | (Sub: ) -- Country: US | crossarm
Import OK for keyword_id=61770. Inserted 48 ads.
KwId: 355627 | (Sub: ) -- Country: US | leaf vacuum impeller and housing
Skip: <= 5 products in JSON.
Import OK for keyword_id=355627. Inserted 2 ads.
KwId: 141808 | (Sub: ) -- Country: US | 1984 toyota
Import OK for keyword_id=141808. Inserted 48 ads.
KwId: 162459 | (Sub: ) -- Country: US | small chest freezer
Import OK for keyword_id=162459. Inserted 48 ads.
KwId: 127203 | (Sub: ) -- Country: US | iphone cable 3 feet
Import OK for keyword_id=127203. Inserted 48 ads.
KwId: 145387 | (Sub: ) -- Country: US | mr heater little buddy
Import OK for keyword_id=145387. Inserted 48 ads.
KwId: 9628 | (Sub: ) -- Country: US | bears tap handle
Import OK for keyword_id=9628. Inserted 48 ads.
KwId: 360215 | (Sub: ) -- Country: US | macys snoopy stuffed animal
Import OK for keyword_id=360215. Inserted 48 ads.
KwId: 352551 | (Sub: ) -- Country: US | prod 7 shoe
Import OK for keyword_id=352551. Inserted 35 ads.
KwId: 241088 | (Sub: ) -- Country: US | long telephone cord ft 25
Import OK for keyword_id=241088. Inserted 48 ads.
KwId: 354742 | (Sub: ) -- Country: US | 44 magnum holster
Import OK for keyword_id=354742. Inserted 48 ads.
KwId: 356376 | (Sub: ) -- Country: US | 702 plinkster stock
Import OK for keyword_id=356376. Inserted 13 ads.
KwId: 87267 | (Sub: ) -- Country: US | pioneer avh
Import OK for keyword_id=87267. Inserted 48 ads.
KwId: 30232 | (Sub: ) -- Country: US | rc ford
Import OK for keyword_id=30232. Inserted 48 ads.
KwId: 76906 | (Sub: ) -- Country: US | old transistor radio
Import OK for keyword_id=76906. Inserted 48 ads.
KwId: 53686 | (Sub: ) -- Country: US | musical christmas angel
Import OK for keyword_id=53686. Inserted 48 ads.
KwId: 210080 | (Sub: ) -- Country: US | sheet rock  1/2
Import OK for keyword_id=210080. Inserted 48 ads.
KwId: 367833 | (Sub: ) -- Country: US | giant ocr3 road bike
Import OK for keyword_id=367833. Inserted 48 ads.
KwId: 371472 | (Sub: ) -- Country: US | coon dick toothpick
Import OK for keyword_id=371472. Inserted 6 ads.
KwId: 7308 | (Sub: ) -- Country: US | 6 cd changer
Import OK for keyword_id=7308. Inserted 48 ads.
KwId: 134378 | (Sub: ) -- Country: US | tiger painting artwork
Import OK for keyword_id=134378. Inserted 48 ads.
KwId: 289326 | (Sub: ) -- Country: US | see list dvd
Import OK for keyword_id=289326. Inserted 48 ads.
KwId: 313112 | (Sub: ) -- Country: US | 350 warrior 2003 yamaha
Import OK for keyword_id=313112. Inserted 48 ads.
KwId: 364718 | (Sub: ) -- Country: US | redken shades eq education
Import OK for keyword_id=364718. Inserted 48 ads.
KwId: 112803 | (Sub: ) -- Country: US | thomasville allegro chest
Import OK for keyword_id=112803. Inserted 15 ads.
KwId: 294863 | (Sub: ) -- Country: US | hiking osprey backpack
Import OK for keyword_id=294863. Inserted 48 ads.
KwId: 376926 | (Sub: ) -- Country: US | feb clarinet
Import OK for keyword_id=376926. Inserted 48 ads.
KwId: 111142 | (Sub: ) -- Country: US | trippen shoes men
Import OK for keyword_id=111142. Inserted 48 ads.
KwId: 370379 | (Sub: ) -- Country: US | s13 kouki tail light
Import OK for keyword_id=370379. Inserted 48 ads.
KwId: 373084 | (Sub: ) -- Country: US | shark ion rocket cordless ultra-light vacuum, ir70
Import OK for keyword_id=373084. Inserted 48 ads.
KwId: 105535 | (Sub: ) -- Country: US | redfield revenge
Import OK for keyword_id=105535. Inserted 14 ads.
KwId: 45027 | (Sub: ) -- Country: US | bratz boots
Import OK for keyword_id=45027. Inserted 48 ads.
KwId: 358270 | (Sub: ) -- Country: US | trek 2200 alpha sl
Skip: <= 5 products in JSON.
Import OK for keyword_id=358270. Inserted 5 ads.
KwId: 366662 | (Sub: ) -- Country: US | lucille ball autographs
Import OK for keyword_id=366662. Inserted 48 ads.
KwId: 152980 | (Sub: ) -- Country: US | wonder core smart workout
Import OK for keyword_id=152980. Inserted 48 ads.
KwId: 312882 | (Sub: ) -- Country: US | 1 shoes sz 13 boys
Import OK for keyword_id=312882. Inserted 48 ads.
KwId: 372148 | (Sub: ) -- Country: US | anime keychain strap
Import OK for keyword_id=372148. Inserted 48 ads.
KwId: 23752 | (Sub: ) -- Country: US | lineman wrench
Import OK for keyword_id=23752. Inserted 48 ads.
KwId: 105340 | (Sub: ) -- Country: US | pioneer boombox
Import OK for keyword_id=105340. Inserted 48 ads.
KwId: 53113 | (Sub: ) -- Country: US | merman
Import OK for keyword_id=53113. Inserted 48 ads.
KwId: 4700 | (Sub: ) -- Country: US | boot jack iron antique
Import OK for keyword_id=4700. Inserted 48 ads.
KwId: 249775 | (Sub: ) -- Country: US | kodiak yamaha 2016 700
Import OK for keyword_id=249775. Inserted 48 ads.
KwId: 145958 | (Sub: ) -- Country: US | 8 roosters
Import OK for keyword_id=145958. Inserted 48 ads.
KwId: 319372 | (Sub: ) -- Country: US | sturdy shelf large
Import OK for keyword_id=319372. Inserted 48 ads.
KwId: 205173 | (Sub: ) -- Country: US | perkin elmer lambda 950
Import OK for keyword_id=205173. Inserted 30 ads.
KwId: 164655 | (Sub: ) -- Country: US | 2018 dodge grand caravan se
Import OK for keyword_id=164655. Inserted 48 ads.
KwId: 393289 | (Sub: ) -- Country: US | mamiya camera
Import OK for keyword_id=393289. Inserted 48 ads.
KwId: 237796 | (Sub: ) -- Country: US | succulant plant jade
Import OK for keyword_id=237796. Inserted 48 ads.
KwId: 213831 | (Sub: ) -- Country: US | round grass bales hay
Import OK for keyword_id=213831. Inserted 24 ads.
KwId: 4374 | (Sub: ) -- Country: US | vintage buck chisel
Import OK for keyword_id=4374. Inserted 48 ads.
KwId: 353471 | (Sub: ) -- Country: US | sony rdr vx 555
Import OK for keyword_id=353471. Inserted 48 ads.
KwId: 38421 | (Sub: ) -- Country: US | agricultural fans
Import OK for keyword_id=38421. Inserted 48 ads.
KwId: 304130 | (Sub: ) -- Country: US | rustic sign wood
Import OK for keyword_id=304130. Inserted 48 ads.
KwId: 356835 | (Sub: ) -- Country: US | lights of america 4 foot led shoplight
Import OK for keyword_id=356835. Inserted 24 ads.
KwId: 355106 | (Sub: ) -- Country: US | tommy bahama melamine plates
Import OK for keyword_id=355106. Inserted 48 ads.
KwId: 281305 | (Sub: ) -- Country: US | panel steel shelf
Import OK for keyword_id=281305. Inserted 48 ads.
KwId: 360492 | (Sub: ) -- Country: US | stanley adventure quencher lid replacement
Import OK for keyword_id=360492. Inserted 48 ads.
KwId: 374985 | (Sub: ) -- Country: US | vintage art deco clips
Import OK for keyword_id=374985. Inserted 48 ads.
KwId: 358034 | (Sub: ) -- Country: US | meade electronic digital series telescope ds 114
Import OK for keyword_id=358034. Inserted 48 ads.
KwId: 163031 | (Sub: ) -- Country: US | wrx 02
Import OK for keyword_id=163031. Inserted 48 ads.
KwId: 318467 | (Sub: ) -- Country: US | cylinder vw heads
Import OK for keyword_id=318467. Inserted 48 ads.
KwId: 169984 | (Sub: ) -- Country: US | hayley paige dress 0
Import OK for keyword_id=169984. Inserted 25 ads.
KwId: 391988 | (Sub: ) -- Country: US | melodic hard rock
Import OK for keyword_id=391988. Inserted 48 ads.
KwId: 360330 | (Sub: ) -- Country: US | debbie meyer genius sponge
Import OK for keyword_id=360330. Inserted 45 ads.
KwId: 361504 | (Sub: ) -- Country: US | insane clown posse blankets
Import OK for keyword_id=361504. Inserted 33 ads.
KwId: 42591 | (Sub: ) -- Country: US | spare tire chevrolet trailblazer
Import OK for keyword_id=42591. Inserted 48 ads.
KwId: 371581 | (Sub: ) -- Country: US | commscope home connect
Import OK for keyword_id=371581. Inserted 48 ads.
KwId: 65355 | (Sub: ) -- Country: US | adidas star wars
Import OK for keyword_id=65355. Inserted 48 ads.
KwId: 75851 | (Sub: ) -- Country: US | huichol bead art
Import OK for keyword_id=75851. Inserted 48 ads.
KwId: 38735 | (Sub: ) -- Country: US | carhartt mens hoodies
Import OK for keyword_id=38735. Inserted 48 ads.
KwId: 351267 | (Sub: ) -- Country: US | disney cutie cuff mystery ball
Import OK for keyword_id=351267. Inserted 48 ads.
KwId: 252486 | (Sub: ) -- Country: US | 2 door x 6 8
Import OK for keyword_id=252486. Inserted 48 ads.
KwId: 142375 | (Sub: ) -- Country: US | mens nike swim trunks
Import OK for keyword_id=142375. Inserted 48 ads.
KwId: 20671 | (Sub: ) -- Country: US | ice pop mold
Import OK for keyword_id=20671. Inserted 48 ads.
KwId: 362422 | (Sub: ) -- Country: US | ivan ooze slime
Skip: <= 5 products in JSON.
Import OK for keyword_id=362422. Inserted 0 ads.
KwId: 114488 | (Sub: ) -- Country: US | corsair rm750x
Import OK for keyword_id=114488. Inserted 48 ads.
KwId: 230900 | (Sub: ) -- Country: US | bag stand golf maxfli
Import OK for keyword_id=230900. Inserted 48 ads.
KwId: 223565 | (Sub: ) -- Country: US | e copper pot dehillerin
Import OK for keyword_id=223565. Inserted 48 ads.
KwId: 60772 | (Sub: ) -- Country: US | xpr8400
Import OK for keyword_id=60772. Inserted 48 ads.
KwId: 354389 | (Sub: ) -- Country: US | vintage marimekko fabric
Import OK for keyword_id=354389. Inserted 48 ads.
KwId: 139250 | (Sub: ) -- Country: US | kohler tub faucet
Import OK for keyword_id=139250. Inserted 48 ads.
KwId: 353228 | (Sub: ) -- Country: US | aleron para honda civic
Skip: <= 5 products in JSON.
Import OK for keyword_id=353228. Inserted 5 ads.
KwId: 367106 | (Sub: ) -- Country: US | horizon shipping box
Import OK for keyword_id=367106. Inserted 48 ads.
KwId: 359263 | (Sub: ) -- Country: US | silicone baby that drinks
Import OK for keyword_id=359263. Inserted 20 ads.
KwId: 110377 | (Sub: ) -- Country: US | piper wing tips
Import OK for keyword_id=110377. Inserted 48 ads.
KwId: 364765 | (Sub: ) -- Country: US | toys r us owlicorn
Import OK for keyword_id=364765. Inserted 22 ads.
KwId: 254244 | (Sub: ) -- Country: US | seed pot hopi
Import OK for keyword_id=254244. Inserted 48 ads.
KwId: 200878 | (Sub: ) -- Country: US | camaro mono leaf rearend
Import OK for keyword_id=200878. Inserted 6 ads.
KwId: 376401 | (Sub: ) -- Country: US | johnson brothers teapot
Import OK for keyword_id=376401. Inserted 48 ads.
KwId: 351371 | (Sub: ) -- Country: US | ugg clementine ankle boots
Import OK for keyword_id=351371. Inserted 48 ads.
KwId: 351985 | (Sub: ) -- Country: US | ron bass leather jackets
Skip: <= 5 products in JSON.
Import OK for keyword_id=351985. Inserted 4 ads.
KwId: 170485 | (Sub: ) -- Country: US | framed wall art decors
Import OK for keyword_id=170485. Inserted 48 ads.
KwId: 61969 | (Sub: ) -- Country: US | gloeden
Import OK for keyword_id=61969. Inserted 48 ads.
KwId: 361501 | (Sub: ) -- Country: US | jack septic eye plush toy
Import OK for keyword_id=361501. Inserted 19 ads.
KwId: 366291 | (Sub: ) -- Country: US | sqush therapy pillow
Skip: <= 5 products in JSON.
Import OK for keyword_id=366291. Inserted 2 ads.
KwId: 162882 | (Sub: ) -- Country: US | nissan 1990 frame
Import OK for keyword_id=162882. Inserted 48 ads.
KwId: 352573 | (Sub: ) -- Country: US | taurus pt 92 afs accessories
Import OK for keyword_id=352573. Inserted 48 ads.
KwId: 357394 | (Sub: ) -- Country: US | alienware cpu cases
Import OK for keyword_id=357394. Inserted 48 ads.
KwId: 360195 | (Sub: ) -- Country: US | 70s prom dresses
Import OK for keyword_id=360195. Inserted 48 ads.
KwId: 351879 | (Sub: ) -- Country: US | old homelite chain saw
Import OK for keyword_id=351879. Inserted 48 ads.
KwId: 46273 | (Sub: ) -- Country: US | stocking foot wader
Import OK for keyword_id=46273. Inserted 48 ads.
KwId: 84812 | (Sub: ) -- Country: US | jbl synthesis speakers
Import OK for keyword_id=84812. Inserted 29 ads.
KwId: 367700 | (Sub: ) -- Country: US | infrared cable for xbox one
Import OK for keyword_id=367700. Inserted 48 ads.
KwId: 352389 | (Sub: ) -- Country: US | kate and lilly dresses
Import OK for keyword_id=352389. Inserted 48 ads.
KwId: 364688 | (Sub: ) -- Country: US | carolina archery product
Import OK for keyword_id=364688. Inserted 45 ads.
KwId: 359009 | (Sub: ) -- Country: US | gatorade bottle lid replacement
Import OK for keyword_id=359009. Inserted 27 ads.
KwId: 354765 | (Sub: ) -- Country: US | john deere wall borders
Import OK for keyword_id=354765. Inserted 30 ads.
KwId: 48491 | (Sub: ) -- Country: US | wilson cell phone booster
Import OK for keyword_id=48491. Inserted 48 ads.
KwId: 334185 | (Sub: ) -- Country: US | 8 trailer box
Import OK for keyword_id=334185. Inserted 48 ads.
KwId: 359606 | (Sub: ) -- Country: US | levi popcorn bucket
Import OK for keyword_id=359606. Inserted 48 ads.
KwId: 159944 | (Sub: ) -- Country: US | bunk bed mattress
Import OK for keyword_id=159944. Inserted 48 ads.
KwId: 33354 | (Sub: ) -- Country: US | stickley table
Import OK for keyword_id=33354. Inserted 48 ads.
KwId: 12176 | (Sub: ) -- Country: US | chandelier prisms
Import OK for keyword_id=12176. Inserted 48 ads.
KwId: 372203 | (Sub: ) -- Country: US | yogi bears girlfriend
Import OK for keyword_id=372203. Inserted 48 ads.
KwId: 281327 | (Sub: ) -- Country: US | 45 lights feet christmas
Import OK for keyword_id=281327. Inserted 48 ads.
KwId: 320809 | (Sub: ) -- Country: US | wall cortendorf masks
Import OK for keyword_id=320809. Inserted 48 ads.
KwId: 20110 | (Sub: ) -- Country: US | homelite zip
Import OK for keyword_id=20110. Inserted 48 ads.
KwId: 253445 | (Sub: ) -- Country: US | blu ray movies 4k
Import OK for keyword_id=253445. Inserted 48 ads.
KwId: 186847 | (Sub: ) -- Country: US | lineman gear tool backpack
Import OK for keyword_id=186847. Inserted 36 ads.
KwId: 68447 | (Sub: ) -- Country: US | york yankees leather jacket
Import OK for keyword_id=68447. Inserted 48 ads.
KwId: 372692 | (Sub: ) -- Country: US | 9 inch south bend lathe parts
Import OK for keyword_id=372692. Inserted 48 ads.
KwId: 365250 | (Sub: ) -- Country: US | taylormade burner ht irons
Import OK for keyword_id=365250. Inserted 48 ads.
KwId: 143161 | (Sub: ) -- Country: US | 1960s solid wood dresser
Import OK for keyword_id=143161. Inserted 48 ads.
KwId: 124950 | (Sub: ) -- Country: US | youth sleeping bag
Import OK for keyword_id=124950. Inserted 48 ads.
KwId: 203554 | (Sub: ) -- Country: US | potastic pressure cooker
Import OK for keyword_id=203554. Inserted 48 ads.
KwId: 19568 | (Sub: ) -- Country: US | hen cookie jar
Import OK for keyword_id=19568. Inserted 48 ads.
KwId: 11497 | (Sub: ) -- Country: US | canvas water bucket
Import OK for keyword_id=11497. Inserted 48 ads.
KwId: 358193 | (Sub: ) -- Country: US | wahl 9818l replacement head
Import OK for keyword_id=358193. Inserted 48 ads.
KwId: 362810 | (Sub: ) -- Country: US | bridgestone xo-3
Import OK for keyword_id=362810. Inserted 8 ads.
KwId: 371223 | (Sub: ) -- Country: US | michelle mylett sexy
Skip: <= 5 products in JSON.
Import OK for keyword_id=371223. Inserted 2 ads.
KwId: 365073 | (Sub: ) -- Country: US | lotto indoor soccer shoes
Import OK for keyword_id=365073. Inserted 48 ads.
KwId: 142292 | (Sub: ) -- Country: US | double towel bar
Import OK for keyword_id=142292. Inserted 48 ads.
KwId: 196492 | (Sub: ) -- Country: US | motocross knee shinguards
Import OK for keyword_id=196492. Inserted 48 ads.
KwId: 79344 | (Sub: ) -- Country: US | phonograph cylinder
Import OK for keyword_id=79344. Inserted 48 ads.
KwId: 363402 | (Sub: ) -- Country: US | sonido mask amplifiers
Import OK for keyword_id=363402. Inserted 11 ads.
KwId: 224329 | (Sub: ) -- Country: US | honda dirt bike 100 xr
Import OK for keyword_id=224329. Inserted 48 ads.
KwId: 181802 | (Sub: ) -- Country: US | electric fat tire scooter
Import OK for keyword_id=181802. Inserted 48 ads.
KwId: 356136 | (Sub: ) -- Country: US | 10 gallon gas tank
Import OK for keyword_id=356136. Inserted 48 ads.
KwId: 169277 | (Sub: ) -- Country: US | hanging mirror 21 x 21
Import OK for keyword_id=169277. Inserted 48 ads.
KwId: 373027 | (Sub: ) -- Country: US | samsung tm1650a remote control
Import OK for keyword_id=373027. Inserted 48 ads.
KwId: 88686 | (Sub: ) -- Country: US | specialized roubaix sl4
Import OK for keyword_id=88686. Inserted 38 ads.
KwId: 362399 | (Sub: ) -- Country: US | garden gnome with gun
Import OK for keyword_id=362399. Inserted 48 ads.
KwId: 350917 | (Sub: ) -- Country: US | big city greens toys
Import OK for keyword_id=350917. Inserted 48 ads.
KwId: 42667 | (Sub: ) -- Country: US | ice cube maker scotsman
Import OK for keyword_id=42667. Inserted 48 ads.
KwId: 253769 | (Sub: ) -- Country: US | crib oak
Import OK for keyword_id=253769. Inserted 48 ads.
KwId: 176819 | (Sub: ) -- Country: US | juke box radio fm
Import OK for keyword_id=176819. Inserted 48 ads.
KwId: 31491 | (Sub: ) -- Country: US | salesman sample furniture
Import OK for keyword_id=31491. Inserted 48 ads.
KwId: 81048 | (Sub: ) -- Country: US | beekeeping supplies
Import OK for keyword_id=81048. Inserted 48 ads.
KwId: 358044 | (Sub: ) -- Country: US | pottery barn christmas sheets
Import OK for keyword_id=358044. Inserted 48 ads.
KwId: 249763 | (Sub: ) -- Country: US | shadow honda custom bobber
Import OK for keyword_id=249763. Inserted 48 ads.
KwId: 191575 | (Sub: ) -- Country: US | cherry crown moulding
Import OK for keyword_id=191575. Inserted 48 ads.
KwId: 269250 | (Sub: ) -- Country: US | jute runner
Import OK for keyword_id=269250. Inserted 48 ads.
KwId: 46403 | (Sub: ) -- Country: US | superdoll
Import OK for keyword_id=46403. Inserted 48 ads.
KwId: 352790 | (Sub: ) -- Country: US | lillie's bag pokemon
Import OK for keyword_id=352790. Inserted 20 ads.
KwId: 336360 | (Sub: ) -- Country: US | cannondale wheel front coda
Import OK for keyword_id=336360. Inserted 33 ads.
KwId: 364593 | (Sub: ) -- Country: US | dave and busters pool table
Import OK for keyword_id=364593. Inserted 11 ads.
KwId: 356819 | (Sub: ) -- Country: US | ethikas for girls
Import OK for keyword_id=356819. Inserted 30 ads.
KwId: 269197 | (Sub: ) -- Country: US | blueray player dvd
Import OK for keyword_id=269197. Inserted 48 ads.
KwId: 373490 | (Sub: ) -- Country: US | nook 7 inch tablet case
Import OK for keyword_id=373490. Inserted 48 ads.
KwId: 357618 | (Sub: ) -- Country: US | coleman mosquito delito
Skip: <= 5 products in JSON.
Import OK for keyword_id=357618. Inserted 1 ads.
KwId: 372183 | (Sub: ) -- Country: US | abominable snowman stuffed animal
Import OK for keyword_id=372183. Inserted 48 ads.
KwId: 22467 | (Sub: ) -- Country: US | kriegsmarine
Import OK for keyword_id=22467. Inserted 48 ads.
KwId: 376911 | (Sub: ) -- Country: US | chaps leather batwing
Import OK for keyword_id=376911. Inserted 48 ads.
KwId: 355257 | (Sub: ) -- Country: US | rosetti double duty bucket bag
Import OK for keyword_id=355257. Inserted 8 ads.
KwId: 81284 | (Sub: ) -- Country: US | bobcat excavator
Import OK for keyword_id=81284. Inserted 48 ads.
KwId: 49229 | (Sub: ) -- Country: US | damascus folding
Import OK for keyword_id=49229. Inserted 48 ads.
KwId: 164306 | (Sub: ) -- Country: US | coffee cup set
Import OK for keyword_id=164306. Inserted 48 ads.
KwId: 252498 | (Sub: ) -- Country: US | 95 battery amp isolator
Import OK for keyword_id=252498. Inserted 48 ads.
KwId: 352764 | (Sub: ) -- Country: US | nes game lots
Import OK for keyword_id=352764. Inserted 48 ads.
KwId: 59632 | (Sub: ) -- Country: US | arisaka stock
Import OK for keyword_id=59632. Inserted 48 ads.
KwId: 351517 | (Sub: ) -- Country: US | lucha underground dvds
Skip: <= 5 products in JSON.
Import OK for keyword_id=351517. Inserted 5 ads.
KwId: 357524 | (Sub: ) -- Country: US | wahl pro lithium cord cordless hair clipper 8546
Import OK for keyword_id=357524. Inserted 48 ads.
KwId: 391718 | (Sub: ) -- Country: US | houses america
Import OK for keyword_id=391718. Inserted 48 ads.
KwId: 36801 | (Sub: ) -- Country: US | vw type 3
Import OK for keyword_id=36801. Inserted 48 ads.
KwId: 360130 | (Sub: ) -- Country: US | radiant greninja psa 10
Import OK for keyword_id=360130. Inserted 48 ads.
KwId: 357088 | (Sub: ) -- Country: US | pxg golf hat
Import OK for keyword_id=357088. Inserted 48 ads.
KwId: 278025 | (Sub: ) -- Country: US | sony av receiver stereo
Import OK for keyword_id=278025. Inserted 48 ads.
KwId: 361094 | (Sub: ) -- Country: US | prince albert piercing kit
Skip: <= 5 products in JSON.
Import OK for keyword_id=361094. Inserted 3 ads.
KwId: 198453 | (Sub: ) -- Country: US | media storage organizer
Import OK for keyword_id=198453. Inserted 48 ads.
KwId: 356457 | (Sub: ) -- Country: US | glenfield model 75
Import OK for keyword_id=356457. Inserted 48 ads.
KwId: 374932 | (Sub: ) -- Country: US | transcriptor
Import OK for keyword_id=374932. Inserted 48 ads.
KwId: 20121 | (Sub: ) -- Country: US | home interior cowboy
Import OK for keyword_id=20121. Inserted 48 ads.
KwId: 20460 | (Sub: ) -- Country: US | ikat curtains
Import OK for keyword_id=20460. Inserted 48 ads.
KwId: 365031 | (Sub: ) -- Country: US | horton summit 150 crossbows
Import OK for keyword_id=365031. Inserted 47 ads.
KwId: 165380 | (Sub: ) -- Country: US | ivy bean book collection
Import OK for keyword_id=165380. Inserted 48 ads.
KwId: 356203 | (Sub: ) -- Country: US | glock 21 holster with light
Import OK for keyword_id=356203. Inserted 48 ads.
KwId: 352433 | (Sub: ) -- Country: US | stabilus lift o mat 28052
Import OK for keyword_id=352433. Inserted 8 ads.
KwId: 373148 | (Sub: ) -- Country: US | rii rm400 led gaming keyboard
Import OK for keyword_id=373148. Inserted 48 ads.
KwId: 369554 | (Sub: ) -- Country: US | little mermaid blu ray digital copy
Import OK for keyword_id=369554. Inserted 48 ads.
KwId: 121656 | (Sub: ) -- Country: US | unlocked google pixel 3a xl
Import OK for keyword_id=121656. Inserted 48 ads.
KwId: 352069 | (Sub: ) -- Country: US | victoria secret pink boots socks
Import OK for keyword_id=352069. Inserted 48 ads.
KwId: 373117 | (Sub: ) -- Country: US | polk audio monitor-75t
Import OK for keyword_id=373117. Inserted 48 ads.
KwId: 358138 | (Sub: ) -- Country: US | trek oclv carbon 120
Import OK for keyword_id=358138. Inserted 42 ads.
KwId: 241971 | (Sub: ) -- Country: US | glass 11 skillet lid
Import OK for keyword_id=241971. Inserted 48 ads.
KwId: 360988 | (Sub: ) -- Country: US | esclavas para mujer
Import OK for keyword_id=360988. Inserted 48 ads.
KwId: 245333 | (Sub: ) -- Country: US | galaxy 3 black 45mm watch
Import OK for keyword_id=245333. Inserted 48 ads.
KwId: 371692 | (Sub: ) -- Country: US | dbz xbox one skin
Skip: <= 5 products in JSON.
Import OK for keyword_id=371692. Inserted 2 ads.
KwId: 356490 | (Sub: ) -- Country: US | budweiser bowling ball
Import OK for keyword_id=356490. Inserted 23 ads.
KwId: 182746 | (Sub: ) -- Country: US | double lockers
Import OK for keyword_id=182746. Inserted 48 ads.
KwId: 324259 | (Sub: ) -- Country: US | us headset army ww ii
Import OK for keyword_id=324259. Inserted 48 ads.
KwId: 268317 | (Sub: ) -- Country: US | lincoln 1997 continental
Import OK for keyword_id=268317. Inserted 48 ads.
KwId: 125053 | (Sub: ) -- Country: US | amplified cordless phone
Import OK for keyword_id=125053. Inserted 48 ads.
KwId: 39440 | (Sub: ) -- Country: US | jbl car subwoofers
Import OK for keyword_id=39440. Inserted 48 ads.
KwId: 311884 | (Sub: ) -- Country: US | booklets vintage souvenir
Import OK for keyword_id=311884. Inserted 48 ads.
KwId: 40355 | (Sub: ) -- Country: US | sonic figures
Import OK for keyword_id=40355. Inserted 48 ads.
KwId: 39429 | (Sub: ) -- Country: US | joe rocket jackets
Import OK for keyword_id=39429. Inserted 48 ads.
KwId: 281272 | (Sub: ) -- Country: US | camp 4 folding chairs
Import OK for keyword_id=281272. Inserted 48 ads.
KwId: 356642 | (Sub: ) -- Country: US | procabello luxury 5000 straightening brush
Skip: <= 5 products in JSON.
Import OK for keyword_id=356642. Inserted 4 ads.
KwId: 357608 | (Sub: ) -- Country: US | pac whs01wf e
Skip: <= 5 products in JSON.
Import OK for keyword_id=357608. Inserted 0 ads.
KwId: 249762 | (Sub: ) -- Country: US | van body truck
Import OK for keyword_id=249762. Inserted 48 ads.
KwId: 353355 | (Sub: ) -- Country: US | reebook g unit
Import OK for keyword_id=353355. Inserted 30 ads.
KwId: 357311 | (Sub: ) -- Country: US | gold gym cross trainer 510
Import OK for keyword_id=357311. Inserted 48 ads.
KwId: 1957 | (Sub: ) -- Country: US | youth football helmet
Import OK for keyword_id=1957. Inserted 48 ads.
KwId: 247222 | (Sub: ) -- Country: US | outlaw helmet bandit simpson
Import OK for keyword_id=247222. Inserted 48 ads.
KwId: 13774 | (Sub: ) -- Country: US | crib canopy
Import OK for keyword_id=13774. Inserted 48 ads.
KwId: 269517 | (Sub: ) -- Country: US | ub 51 elac
Import OK for keyword_id=269517. Inserted 7 ads.
KwId: 249323 | (Sub: ) -- Country: US | z7 camera nikon body
Import OK for keyword_id=249323. Inserted 48 ads.
KwId: 397384 | (Sub: ) -- Country: US | pacifica
Import OK for keyword_id=397384. Inserted 48 ads.
KwId: 389731 | (Sub: ) -- Country: US | pricesmarble coffee table
Import OK for keyword_id=389731. Inserted 48 ads.
KwId: 35777 | (Sub: ) -- Country: US | ukrainian art
Import OK for keyword_id=35777. Inserted 48 ads.
KwId: 365465 | (Sub: ) -- Country: US | holley 4777 2
Import OK for keyword_id=365465. Inserted 48 ads.
KwId: 353102 | (Sub: ) -- Country: US | thong leotard 80's
Import OK for keyword_id=353102. Inserted 47 ads.
KwId: 345689 | (Sub: ) -- Country: US | cart gem 2014
Import OK for keyword_id=345689. Inserted 48 ads.
KwId: 321585 | (Sub: ) -- Country: US | decorating cake books set
Import OK for keyword_id=321585. Inserted 48 ads.
KwId: 291029 | (Sub: ) -- Country: US | mercedes benz 1979 450sl
Import OK for keyword_id=291029. Inserted 48 ads.
KwId: 371310 | (Sub: ) -- Country: US | bavaria schumann arzberg germany
Import OK for keyword_id=371310. Inserted 48 ads.
KwId: 361045 | (Sub: ) -- Country: US | loncheras de comida
Import OK for keyword_id=361045. Inserted 48 ads.
KwId: 53487 | (Sub: ) -- Country: US | mobil sign
Import OK for keyword_id=53487. Inserted 48 ads.
KwId: 59265 | (Sub: ) -- Country: US | adora dolls limited edition
Import OK for keyword_id=59265. Inserted 48 ads.
KwId: 315943 | (Sub: ) -- Country: US | costa cart rica
Import OK for keyword_id=315943. Inserted 48 ads.
KwId: 369097 | (Sub: ) -- Country: US | fossil fs 4159
Import OK for keyword_id=369097. Inserted 48 ads.
KwId: 373803 | (Sub: ) -- Country: US | witch hunter robin episode 1 english dub
Import OK for keyword_id=373803. Inserted 48 ads.
KwId: 353826 | (Sub: ) -- Country: US | golden baseball card
Import OK for keyword_id=353826. Inserted 48 ads.
KwId: 370005 | (Sub: ) -- Country: US | bosch table saw parts
Import OK for keyword_id=370005. Inserted 48 ads.
KwId: 222652 | (Sub: ) -- Country: US | 3 19x8 wheels camaro
Import OK for keyword_id=222652. Inserted 14 ads.
KwId: 155053 | (Sub: ) -- Country: US | recording reduced
Import OK for keyword_id=155053. Inserted 48 ads.
KwId: 368113 | (Sub: ) -- Country: US | my life as a grinch doll
Import OK for keyword_id=368113. Inserted 48 ads.
KwId: 166501 | (Sub: ) -- Country: US | standing oak mirror
Import OK for keyword_id=166501. Inserted 48 ads.
KwId: 146176 | (Sub: ) -- Country: US | dual reclining sofa loveseat
Import OK for keyword_id=146176. Inserted 48 ads.
KwId: 132676 | (Sub: ) -- Country: US | k2 snowboarding pants
Import OK for keyword_id=132676. Inserted 48 ads.
KwId: 370021 | (Sub: ) -- Country: US | lindsey morgan sexy
Import OK for keyword_id=370021. Inserted 34 ads.
KwId: 193983 | (Sub: ) -- Country: US | 2 arm chairs light green
Import OK for keyword_id=193983. Inserted 48 ads.
KwId: 374174 | (Sub: ) -- Country: US | won't you be my neighbor dvd release date
Import OK for keyword_id=374174. Inserted 48 ads.
KwId: 209650 | (Sub: ) -- Country: US | huge craft organizer
Import OK for keyword_id=209650. Inserted 48 ads.
KwId: 322291 | (Sub: ) -- Country: US | vx 3000 usb microsoft lifecam
Import OK for keyword_id=322291. Inserted 48 ads.
KwId: 354495 | (Sub: ) -- Country: US | cole caufield young guns
Import OK for keyword_id=354495. Inserted 48 ads.
KwId: 162891 | (Sub: ) -- Country: US | 2014 sr5 toyota 4runner
Import OK for keyword_id=162891. Inserted 48 ads.
KwId: 367803 | (Sub: ) -- Country: US | jvc gr da 30u
Import OK for keyword_id=367803. Inserted 48 ads.
KwId: 364470 | (Sub: ) -- Country: US | nike force savage elite 2 td mens football cleats
Import OK for keyword_id=364470. Inserted 48 ads.
KwId: 307291 | (Sub: ) -- Country: US | grandiflora print magnolia
Import OK for keyword_id=307291. Inserted 41 ads.
KwId: 373425 | (Sub: ) -- Country: US | auto drive portable power pack
Import OK for keyword_id=373425. Inserted 15 ads.
KwId: 352513 | (Sub: ) -- Country: US | 455 pontiac engine
Import OK for keyword_id=352513. Inserted 48 ads.
KwId: 361694 | (Sub: ) -- Country: US | karma living throws
Import OK for keyword_id=361694. Inserted 47 ads.
KwId: 103696 | (Sub: ) -- Country: US | columbia tandem bike
Import OK for keyword_id=103696. Inserted 20 ads.
KwId: 127132 | (Sub: ) -- Country: US | framed girl
Import OK for keyword_id=127132. Inserted 48 ads.
KwId: 357300 | (Sub: ) -- Country: US | sam and cat dvds
Import OK for keyword_id=357300. Inserted 46 ads.
KwId: 226167 | (Sub: ) -- Country: US | instruments e 1500
Import OK for keyword_id=226167. Inserted 48 ads.
KwId: 351088 | (Sub: ) -- Country: US | mia fiore jewelry
Import OK for keyword_id=351088. Inserted 48 ads.
KwId: 160764 | (Sub: ) -- Country: US | 300zx 5k
Import OK for keyword_id=160764. Inserted 24 ads.
KwId: 381200 | (Sub: ) -- Country: US | roll top
Import OK for keyword_id=381200. Inserted 48 ads.
KwId: 351823 | (Sub: ) -- Country: US | chilton gas containers
Import OK for keyword_id=351823. Inserted 11 ads.
KwId: 54697 | (Sub: ) -- Country: US | plastic slides
Import OK for keyword_id=54697. Inserted 48 ads.
KwId: 299626 | (Sub: ) -- Country: US | 454 block chevy balancer big
Import OK for keyword_id=299626. Inserted 48 ads.
KwId: 359911 | (Sub: ) -- Country: US | sporty spice nude
Import OK for keyword_id=359911. Inserted 24 ads.
KwId: 234588 | (Sub: ) -- Country: US | bird cage parrots
Import OK for keyword_id=234588. Inserted 48 ads.
KwId: 2255 | (Sub: ) -- Country: US | card file cabinet
Import OK for keyword_id=2255. Inserted 48 ads.
KwId: 105280 | (Sub: ) -- Country: US | paint stir sticks
Import OK for keyword_id=105280. Inserted 48 ads.
KwId: 195001 | (Sub: ) -- Country: US | house moving dollies
Import OK for keyword_id=195001. Inserted 12 ads.
KwId: 193932 | (Sub: ) -- Country: US | lobster shower curtain
Skip: <= 5 products in JSON.
Import OK for keyword_id=193932. Inserted 4 ads.
KwId: 361672 | (Sub: ) -- Country: US | olevia tv stands
Import OK for keyword_id=361672. Inserted 25 ads.
KwId: 373899 | (Sub: ) -- Country: US | rurouni kenshin live action english sub
Import OK for keyword_id=373899. Inserted 48 ads.
KwId: 159957 | (Sub: ) -- Country: US | ford american racing wheels
Import OK for keyword_id=159957. Inserted 48 ads.
KwId: 36616 | (Sub: ) -- Country: US | vineyard vines vest
Import OK for keyword_id=36616. Inserted 48 ads.
KwId: 182931 | (Sub: ) -- Country: US | 2003 vw golf gti
Import OK for keyword_id=182931. Inserted 48 ads.
KwId: 85311 | (Sub: ) -- Country: US | kymco scooter
Import OK for keyword_id=85311. Inserted 48 ads.
KwId: 359334 | (Sub: ) -- Country: US | magic spoon bowl and spoon
Import OK for keyword_id=359334. Inserted 24 ads.
KwId: 65208 | (Sub: ) -- Country: US | jansport mini backpack
Import OK for keyword_id=65208. Inserted 48 ads.
KwId: 362916 | (Sub: ) -- Country: US | hyper tough 18v ni cd cordless drill
Import OK for keyword_id=362916. Inserted 48 ads.
KwId: 364729 | (Sub: ) -- Country: US | levi's 524 too superlow skinny
Import OK for keyword_id=364729. Inserted 48 ads.
KwId: 281808 | (Sub: ) -- Country: US | mercedes benz 1999 e320
Import OK for keyword_id=281808. Inserted 48 ads.
KwId: 360137 | (Sub: ) -- Country: US | tommy armour ta1 irons
Import OK for keyword_id=360137. Inserted 33 ads.
KwId: 95573 | (Sub: ) -- Country: US | mastercool
Import OK for keyword_id=95573. Inserted 48 ads.
KwId: 27256 | (Sub: ) -- Country: US | oakley crosslink
Import OK for keyword_id=27256. Inserted 48 ads.
KwId: 156303 | (Sub: ) -- Country: US | never worn pumas
Import OK for keyword_id=156303. Inserted 48 ads.
KwId: 355411 | (Sub: ) -- Country: US | purple laser beam
Import OK for keyword_id=355411. Inserted 48 ads.
KwId: 373845 | (Sub: ) -- Country: US | shark rotator xl nv90
Import OK for keyword_id=373845. Inserted 48 ads.
KwId: 139626 | (Sub: ) -- Country: US | delta faucets
Import OK for keyword_id=139626. Inserted 48 ads.
KwId: 166579 | (Sub: ) -- Country: US | g everything
Import OK for keyword_id=166579. Inserted 48 ads.
KwId: 364638 | (Sub: ) -- Country: US | rena rouge necklace
Skip: <= 5 products in JSON.
Import OK for keyword_id=364638. Inserted 3 ads.
KwId: 362114 | (Sub: ) -- Country: US | shopkins seasons 1 2 3
Import OK for keyword_id=362114. Inserted 48 ads.
KwId: 370048 | (Sub: ) -- Country: US | k nex all american roller coaster
Import OK for keyword_id=370048. Inserted 48 ads.
KwId: 307300 | (Sub: ) -- Country: US | unit window lg c
Import OK for keyword_id=307300. Inserted 48 ads.
KwId: 3968 | (Sub: ) -- Country: US | brass charger plates
Import OK for keyword_id=3968. Inserted 48 ads.
KwId: 360466 | (Sub: ) -- Country: US | 65 inch mitsubishi tv
Import OK for keyword_id=360466. Inserted 12 ads.
KwId: 357098 | (Sub: ) -- Country: US | at&t blackberry passport case
Import OK for keyword_id=357098. Inserted 7 ads.
KwId: 42643 | (Sub: ) -- Country: US | car exhaust manifold chevrolet
Import OK for keyword_id=42643. Inserted 48 ads.
KwId: 295330 | (Sub: ) -- Country: US | 433 sunpak auto af flash
Import OK for keyword_id=295330. Inserted 48 ads.
KwId: 123745 | (Sub: ) -- Country: US | traktor s4 native instruments
Import OK for keyword_id=123745. Inserted 48 ads.
KwId: 195567 | (Sub: ) -- Country: US | head lamp
Import OK for keyword_id=195567. Inserted 48 ads.
KwId: 90250 | (Sub: ) -- Country: US | 4 person hot tub
Import OK for keyword_id=90250. Inserted 48 ads.
KwId: 370116 | (Sub: ) -- Country: US | walther ppk replica
Import OK for keyword_id=370116. Inserted 48 ads.
KwId: 29710 | (Sub: ) -- Country: US | pulaski furniture
Import OK for keyword_id=29710. Inserted 48 ads.
KwId: 371642 | (Sub: ) -- Country: US | craftsman biscuit joiner
Import OK for keyword_id=371642. Inserted 48 ads.
KwId: 374091 | (Sub: ) -- Country: US | guitar hero live ultimate party 2 pack bundle
Skip: <= 5 products in JSON.
Import OK for keyword_id=374091. Inserted 3 ads.
KwId: 7333 | (Sub: ) -- Country: US | aerus electrolux
Import OK for keyword_id=7333. Inserted 48 ads.
KwId: 112989 | (Sub: ) -- Country: US | american pottery storyteller
Import OK for keyword_id=112989. Inserted 48 ads.
KwId: 371657 | (Sub: ) -- Country: US | candy corn squishmallow
Import OK for keyword_id=371657. Inserted 48 ads.
KwId: 365775 | (Sub: ) -- Country: US | lemon twist toy
Import OK for keyword_id=365775. Inserted 48 ads.
KwId: 58319 | (Sub: ) -- Country: US | dell e7240
Import OK for keyword_id=58319. Inserted 48 ads.
KwId: 360300 | (Sub: ) -- Country: US | ryder paw patrol costume
Import OK for keyword_id=360300. Inserted 13 ads.
KwId: 352063 | (Sub: ) -- Country: US | john deere weedeater s1400
Import OK for keyword_id=352063. Inserted 19 ads.
KwId: 153870 | (Sub: ) -- Country: US | cabinet linen cabinet
Import OK for keyword_id=153870. Inserted 48 ads.
KwId: 353214 | (Sub: ) -- Country: US | tombstone pizza oven
Skip: <= 5 products in JSON.
Import OK for keyword_id=353214. Inserted 1 ads.
KwId: 390236 | (Sub: ) -- Country: US | york rowing machine
Import OK for keyword_id=390236. Inserted 20 ads.
KwId: 354121 | (Sub: ) -- Country: US | miscut pokemon cards
Import OK for keyword_id=354121. Inserted 48 ads.
KwId: 356728 | (Sub: ) -- Country: US | balsam & fir trading co
Import OK for keyword_id=356728. Inserted 48 ads.
KwId: 26011 | (Sub: ) -- Country: US | motorized shades
Import OK for keyword_id=26011. Inserted 48 ads.
KwId: 346180 | (Sub: ) -- Country: US | suitcase carry small
Import OK for keyword_id=346180. Inserted 48 ads.
KwId: 367291 | (Sub: ) -- Country: US | soundstream vr 730b
Import OK for keyword_id=367291. Inserted 26 ads.
KwId: 358015 | (Sub: ) -- Country: US | ford f150 front end rebuild kit 4wd
Import OK for keyword_id=358015. Inserted 48 ads.
KwId: 357883 | (Sub: ) -- Country: US | little tikes football toy box
Import OK for keyword_id=357883. Inserted 48 ads.
KwId: 67874 | (Sub: ) -- Country: US | high pressure compressor
Import OK for keyword_id=67874. Inserted 48 ads.
KwId: 372850 | (Sub: ) -- Country: US | lindenwold fine jewelers
Import OK for keyword_id=372850. Inserted 48 ads.
KwId: 355377 | (Sub: ) -- Country: US | stencils-by-joanie
Import OK for keyword_id=355377. Inserted 48 ads.
KwId: 367182 | (Sub: ) -- Country: US | pulse r 76
Import OK for keyword_id=367182. Inserted 48 ads.
KwId: 138982 | (Sub: ) -- Country: US | mcat kaplan full set
Import OK for keyword_id=138982. Inserted 48 ads.
KwId: 369649 | (Sub: ) -- Country: US | keurig coffee maker parts diagram
Import OK for keyword_id=369649. Inserted 48 ads.
KwId: 352536 | (Sub: ) -- Country: US | luminar l800-4k led smart projector
Skip: <= 5 products in JSON.
Import OK for keyword_id=352536. Inserted 2 ads.
KwId: 373056 | (Sub: ) -- Country: US | grand prix louisville 2017
Skip: <= 5 products in JSON.
Import OK for keyword_id=373056. Inserted 2 ads.
KwId: 356964 | (Sub: ) -- Country: US | woodchuck chipper parts
Skip: <= 5 products in JSON.
Import OK for keyword_id=356964. Inserted 3 ads.
KwId: 359470 | (Sub: ) -- Country: US | smith and hawken garden fountain
Skip: <= 5 products in JSON.
Import OK for keyword_id=359470. Inserted 3 ads.
KwId: 9703 | (Sub: ) -- Country: US | bicentennial pewter plates
Import OK for keyword_id=9703. Inserted 48 ads.
KwId: 251482 | (Sub: ) -- Country: US | s570 bobcat skid steer
Import OK for keyword_id=251482. Inserted 48 ads.
KwId: 363835 | (Sub: ) -- Country: US | soundstream vrn 64hb
Import OK for keyword_id=363835. Inserted 43 ads.
KwId: 99766 | (Sub: ) -- Country: US | field goose decoys
Import OK for keyword_id=99766. Inserted 48 ads.
KwId: 1903 | (Sub: ) -- Country: US | demarini composite baseball bats
Import OK for keyword_id=1903. Inserted 48 ads.
KwId: 353393 | (Sub: ) -- Country: US | lularoe sloth leggings
Import OK for keyword_id=353393. Inserted 10 ads.
KwId: 240747 | (Sub: ) -- Country: US | lexus 470 2005 gx
Import OK for keyword_id=240747. Inserted 48 ads.
KwId: 20236 | (Sub: ) -- Country: US | hoosier cabinet
Import OK for keyword_id=20236. Inserted 48 ads.
KwId: 301342 | (Sub: ) -- Country: US | dome tacoma wa
Import OK for keyword_id=301342. Inserted 48 ads.
KwId: 358859 | (Sub: ) -- Country: US | link taylor dresser
Import OK for keyword_id=358859. Inserted 14 ads.
KwId: 162918 | (Sub: ) -- Country: US | 1957 chevy 210 2dr
Import OK for keyword_id=162918. Inserted 48 ads.
KwId: 363641 | (Sub: ) -- Country: US | redline baseball bat
Import OK for keyword_id=363641. Inserted 48 ads.
KwId: 89696 | (Sub: ) -- Country: US | vw california
Import OK for keyword_id=89696. Inserted 48 ads.
KwId: 229866 | (Sub: ) -- Country: US | honda goldwing aspencade 1996
Import OK for keyword_id=229866. Inserted 48 ads.
KwId: 146547 | (Sub: ) -- Country: US | gaming pc cyberpower
Import OK for keyword_id=146547. Inserted 48 ads.
KwId: 212193 | (Sub: ) -- Country: US | t fal 10 1 multicooker
Import OK for keyword_id=212193. Inserted 48 ads.
KwId: 174514 | (Sub: ) -- Country: US | jacuzzi 72x36
Import OK for keyword_id=174514. Inserted 48 ads.
KwId: 356966 | (Sub: ) -- Country: US | glock 17 upper
Import OK for keyword_id=356966. Inserted 48 ads.
KwId: 357190 | (Sub: ) -- Country: US | j.misa collection porcelain dolls
Import OK for keyword_id=357190. Inserted 48 ads.
KwId: 377567 | (Sub: ) -- Country: US | wolf 36 range
Import OK for keyword_id=377567. Inserted 48 ads.
KwId: 364188 | (Sub: ) -- Country: US | dc superhero girls dolls set
Import OK for keyword_id=364188. Inserted 48 ads.
KwId: 573 | (Sub: ) -- Country: US | special forces challenge coin
Import OK for keyword_id=573. Inserted 48 ads.
KwId: 359247 | (Sub: ) -- Country: US | finna nut flag
Import OK for keyword_id=359247. Inserted 12 ads.
KwId: 25090 | (Sub: ) -- Country: US | mazda mx3
Import OK for keyword_id=25090. Inserted 48 ads.
KwId: 30958 | (Sub: ) -- Country: US | rolls royce silver shadow
Import OK for keyword_id=30958. Inserted 47 ads.
KwId: 19647 | (Sub: ) -- Country: US | heelless shoes
Import OK for keyword_id=19647. Inserted 48 ads.
*** End of crawl for US (keywords: 500) | 2026-01-15 15:06:56
